09:24:43 **** Incremental Build of configuration Debug for project PCB_MOTOR_STM ****
make -j22 all 
arm-none-eabi-size  PCB_MOTOR_STM.elf 
   text	   data	    bss	    dec	    hex	filename
  21840	     44	  41636	  63520	   f820	PCB_MOTOR_STM.elf
Finished building: default.size.stdout
 
09:28:55 **** Incremental Build of configuration Debug for project PCB_MOTOR_STM ****
make -j22 all 
arm-none-eabi-gcc "../Core/Src/main.c" -mcpu=cortex-m4 -std=gnu11 -g3 -DDEBUG -DUSE_HAL_DRIVER -DSTM32F446xx -c -I../Core/Inc -I../Drivers/STM32F4xx_HAL_Driver/Inc -I../Drivers/STM32F4xx_HAL_Driver/Inc/Legacy -I../Drivers/CMSIS/Device/ST/STM32F4xx/Include -I../Drivers/CMSIS/Include -O0 -ffunction-sections -fdata-sections -Wall -fstack-usage -fcyclomatic-complexity -MMD -MP -MF"Core/Src/main.d" -MT"Core/Src/main.o" --specs=nano.specs -mfpu=fpv4-sp-d16 -mfloat-abi=hard -mthumb -o "Core/Src/main.o"
../Core/Src/main.c: In function 'main':
../Core/Src/main.c:111:13: warning: unused variable 'ret' [-Wunused-variable]
  111 |   uint16_t* ret;
      |             ^~~
../Core/Src/main.c:105:11: warning: unused variable 'col_text' [-Wunused-variable]
  105 |   j_color col_text[4] = {J_WHITE,J_GREEN,J_PINK,J_CYAN};
      |           ^~~~~~~~
../Core/Src/main.c:101:11: warning: unused variable 'val' [-Wunused-variable]
  101 |   uint8_t val[2] = {0xF0,0x0F};
      |           ^~~
In file included from ../Core/Src/main.c:28:
../Core/Inc/j_st7789.h: At top level:
../Core/Inc/j_st7789.h:85:13: warning: 'j_flag_set_bounds' defined but not used [-Wunused-variable]
   85 | static char j_flag_set_bounds = 1;
      |             ^~~~~~~~~~~~~~~~~
../Core/Inc/j_st7789.h:84:16: warning: 'j_bounds' defined but not used [-Wunused-variable]
   84 | static uint8_t j_bounds[] = {0,J_CFG_SCREEN_LENGTH,0,J_CFG_SCREEN_HEIGHT};
      |                ^~~~~~~~
In file included from ../Core/Inc/j_st7789.h:33:
../Core/Inc/j_fonts.h:338:24: warning: 'j_fonts' defined but not used [-Wunused-variable]
  338 | static const uint16_t* j_fonts[4] = {
      |                        ^~~~~~~
../Core/Inc/j_fonts.h:27:16: warning: 'j_fonts_buffer' defined but not used [-Wunused-variable]
   27 | static uint8_t j_fonts_buffer[J_FONT_BUFFER_SIZE];
      |                ^~~~~~~~~~~~~~
arm-none-eabi-gcc -o "PCB_MOTOR_STM.elf" @"objects.list"   -mcpu=cortex-m4 -T"C:\Users\jonar\JAARK\STM32\PCB_MOTOR_STM\STM32F446RETX_FLASH.ld" --specs=nosys.specs -Wl,-Map="PCB_MOTOR_STM.map" -Wl,--gc-sections -static --specs=nano.specs -mfpu=fpv4-sp-d16 -mfloat-abi=hard -mthumb -Wl,--start-group -lc -lm -Wl,--end-group
Finished building target: PCB_MOTOR_STM.elf
 
arm-none-eabi-size  PCB_MOTOR_STM.elf 
arm-none-eabi-objdump -h -S PCB_MOTOR_STM.elf  > "PCB_MOTOR_STM.list"
   text	   data	    bss	    dec	    hex	filename
  21840	     44	  41636	  63520	   f820	PCB_MOTOR_STM.elf
Finished building: default.size.stdout
 
Finished building: PCB_MOTOR_STM.list
 
09:29:23 **** Incremental Build of configuration Debug for project PCB_MOTOR_STM ****
make -j22 all 
arm-none-eabi-gcc "../Core/Src/main.c" -mcpu=cortex-m4 -std=gnu11 -g3 -DDEBUG -DUSE_HAL_DRIVER -DSTM32F446xx -c -I../Core/Inc -I../Drivers/STM32F4xx_HAL_Driver/Inc -I../Drivers/STM32F4xx_HAL_Driver/Inc/Legacy -I../Drivers/CMSIS/Device/ST/STM32F4xx/Include -I../Drivers/CMSIS/Include -O0 -ffunction-sections -fdata-sections -Wall -fstack-usage -fcyclomatic-complexity -MMD -MP -MF"Core/Src/main.d" -MT"Core/Src/main.o" --specs=nano.specs -mfpu=fpv4-sp-d16 -mfloat-abi=hard -mthumb -o "Core/Src/main.o"
../Core/Src/main.c: In function 'main':
../Core/Src/main.c:111:13: warning: unused variable 'ret' [-Wunused-variable]
  111 |   uint16_t* ret;
      |             ^~~
../Core/Src/main.c:105:11: warning: unused variable 'col_text' [-Wunused-variable]
  105 |   j_color col_text[4] = {J_WHITE,J_GREEN,J_PINK,J_CYAN};
      |           ^~~~~~~~
../Core/Src/main.c:101:11: warning: unused variable 'val' [-Wunused-variable]
  101 |   uint8_t val[2] = {0xF0,0x0F};
      |           ^~~
In file included from ../Core/Src/main.c:28:
../Core/Inc/j_st7789.h: At top level:
../Core/Inc/j_st7789.h:85:13: warning: 'j_flag_set_bounds' defined but not used [-Wunused-variable]
   85 | static char j_flag_set_bounds = 1;
      |             ^~~~~~~~~~~~~~~~~
../Core/Inc/j_st7789.h:84:16: warning: 'j_bounds' defined but not used [-Wunused-variable]
   84 | static uint8_t j_bounds[] = {0,J_CFG_SCREEN_LENGTH,0,J_CFG_SCREEN_HEIGHT};
      |                ^~~~~~~~
In file included from ../Core/Inc/j_st7789.h:33:
../Core/Inc/j_fonts.h:338:24: warning: 'j_fonts' defined but not used [-Wunused-variable]
  338 | static const uint16_t* j_fonts[4] = {
      |                        ^~~~~~~
../Core/Inc/j_fonts.h:27:16: warning: 'j_fonts_buffer' defined but not used [-Wunused-variable]
   27 | static uint8_t j_fonts_buffer[J_FONT_BUFFER_SIZE];
      |                ^~~~~~~~~~~~~~
arm-none-eabi-gcc -o "PCB_MOTOR_STM.elf" @"objects.list"   -mcpu=cortex-m4 -T"C:\Users\jonar\JAARK\STM32\PCB_MOTOR_STM\STM32F446RETX_FLASH.ld" --specs=nosys.specs -Wl,-Map="PCB_MOTOR_STM.map" -Wl,--gc-sections -static --specs=nano.specs -mfpu=fpv4-sp-d16 -mfloat-abi=hard -mthumb -Wl,--start-group -lc -lm -Wl,--end-group
Finished building target: PCB_MOTOR_STM.elf
 
arm-none-eabi-size  PCB_MOTOR_STM.elf 
arm-none-eabi-objdump -h -S PCB_MOTOR_STM.elf  > "PCB_MOTOR_STM.list"
   text	   data	    bss	    dec	    hex	filename
  21840	     44	  41636	  63520	   f820	PCB_MOTOR_STM.elf
Finished building: default.size.stdout
 
Finished building: PCB_MOTOR_STM.list
 
09:30:01 **** Incremental Build of configuration Debug for project PCB_MOTOR_STM ****
make -j22 all 
arm-none-eabi-gcc "../Core/Src/main.c" -mcpu=cortex-m4 -std=gnu11 -g3 -DDEBUG -DUSE_HAL_DRIVER -DSTM32F446xx -c -I../Core/Inc -I../Drivers/STM32F4xx_HAL_Driver/Inc -I../Drivers/STM32F4xx_HAL_Driver/Inc/Legacy -I../Drivers/CMSIS/Device/ST/STM32F4xx/Include -I../Drivers/CMSIS/Include -O0 -ffunction-sections -fdata-sections -Wall -fstack-usage -fcyclomatic-complexity -MMD -MP -MF"Core/Src/main.d" -MT"Core/Src/main.o" --specs=nano.specs -mfpu=fpv4-sp-d16 -mfloat-abi=hard -mthumb -o "Core/Src/main.o"
../Core/Src/main.c: In function 'main':
../Core/Src/main.c:111:13: warning: unused variable 'ret' [-Wunused-variable]
  111 |   uint16_t* ret;
      |             ^~~
../Core/Src/main.c:105:11: warning: unused variable 'col_text' [-Wunused-variable]
  105 |   j_color col_text[4] = {J_WHITE,J_GREEN,J_PINK,J_CYAN};
      |           ^~~~~~~~
../Core/Src/main.c:101:11: warning: unused variable 'val' [-Wunused-variable]
  101 |   uint8_t val[2] = {0xF0,0x0F};
      |           ^~~
In file included from ../Core/Src/main.c:28:
../Core/Inc/j_st7789.h: At top level:
../Core/Inc/j_st7789.h:85:13: warning: 'j_flag_set_bounds' defined but not used [-Wunused-variable]
   85 | static char j_flag_set_bounds = 1;
      |             ^~~~~~~~~~~~~~~~~
../Core/Inc/j_st7789.h:84:16: warning: 'j_bounds' defined but not used [-Wunused-variable]
   84 | static uint8_t j_bounds[] = {0,J_CFG_SCREEN_LENGTH,0,J_CFG_SCREEN_HEIGHT};
      |                ^~~~~~~~
In file included from ../Core/Inc/j_st7789.h:33:
../Core/Inc/j_fonts.h:338:24: warning: 'j_fonts' defined but not used [-Wunused-variable]
  338 | static const uint16_t* j_fonts[4] = {
      |                        ^~~~~~~
../Core/Inc/j_fonts.h:27:16: warning: 'j_fonts_buffer' defined but not used [-Wunused-variable]
   27 | static uint8_t j_fonts_buffer[J_FONT_BUFFER_SIZE];
      |                ^~~~~~~~~~~~~~
arm-none-eabi-gcc -o "PCB_MOTOR_STM.elf" @"objects.list"   -mcpu=cortex-m4 -T"C:\Users\jonar\JAARK\STM32\PCB_MOTOR_STM\STM32F446RETX_FLASH.ld" --specs=nosys.specs -Wl,-Map="PCB_MOTOR_STM.map" -Wl,--gc-sections -static --specs=nano.specs -mfpu=fpv4-sp-d16 -mfloat-abi=hard -mthumb -Wl,--start-group -lc -lm -Wl,--end-group
Finished building target: PCB_MOTOR_STM.elf
 
arm-none-eabi-size  PCB_MOTOR_STM.elf 
arm-none-eabi-objdump -h -S PCB_MOTOR_STM.elf  > "PCB_MOTOR_STM.list"
   text	   data	    bss	    dec	    hex	filename
  21840	     44	  41636	  63520	   f820	PCB_MOTOR_STM.elf
Finished building: default.size.stdout
 
Finished building: PCB_MOTOR_STM.list
 
09:37:37 **** Incremental Build of configuration Debug for project PCB_MOTOR_STM ****
make -j22 all 
arm-none-eabi-gcc -mcpu=cortex-m4 -g3 -DDEBUG -c -x assembler-with-cpp -MMD -MP -MF"Core/Startup/startup_stm32f446retx.d" -MT"Core/Startup/startup_stm32f446retx.o" --specs=nano.specs -mfpu=fpv4-sp-d16 -mfloat-abi=hard -mthumb -o "Core/Startup/startup_stm32f446retx.o" "../Core/Startup/startup_stm32f446retx.s"
arm-none-eabi-gcc "../Core/Src/j_st7789.c" -mcpu=cortex-m4 -std=gnu11 -g3 -DDEBUG -DUSE_HAL_DRIVER -DSTM32F446xx -c -I../Core/Inc -I../Drivers/STM32F4xx_HAL_Driver/Inc -I../Drivers/STM32F4xx_HAL_Driver/Inc/Legacy -I../Drivers/CMSIS/Device/ST/STM32F4xx/Include -I../Drivers/CMSIS/Include -O0 -ffunction-sections -fdata-sections -Wall -fstack-usage -fcyclomatic-complexity -MMD -MP -MF"Core/Src/j_st7789.d" -MT"Core/Src/j_st7789.o" --specs=nano.specs -mfpu=fpv4-sp-d16 -mfloat-abi=hard -mthumb -o "Core/Src/j_st7789.o"
arm-none-eabi-gcc "../Core/Src/main.c" -mcpu=cortex-m4 -std=gnu11 -g3 -DDEBUG -DUSE_HAL_DRIVER -DSTM32F446xx -c -I../Core/Inc -I../Drivers/STM32F4xx_HAL_Driver/Inc -I../Drivers/STM32F4xx_HAL_Driver/Inc/Legacy -I../Drivers/CMSIS/Device/ST/STM32F4xx/Include -I../Drivers/CMSIS/Include -O0 -ffunction-sections -fdata-sections -Wall -fstack-usage -fcyclomatic-complexity -MMD -MP -MF"Core/Src/main.d" -MT"Core/Src/main.o" --specs=nano.specs -mfpu=fpv4-sp-d16 -mfloat-abi=hard -mthumb -o "Core/Src/main.o"
../Core/Src/j_st7789.c: In function 'draw_text':
../Core/Src/j_st7789.c:98:26: warning: initialization discards 'const' qualifier from pointer target type [-Wdiscarded-qualifiers]
   98 |     uint16_t* char_ptr = char_ptr_ret(ch,font_size);
      |                          ^~~~~~~~~~~~
In file included from ../Core/Inc/j_st7789.h:33,
                 from ../Core/Src/j_st7789.c:7:
../Core/Inc/j_fonts.h: At top level:
../Core/Inc/j_fonts.h:338:24: warning: 'j_fonts' defined but not used [-Wunused-variable]
  338 | static const uint16_t* j_fonts[4] = {
      |                        ^~~~~~~
../Core/Src/main.c: In function 'main':
../Core/Src/main.c:111:13: warning: unused variable 'ret' [-Wunused-variable]
  111 |   uint16_t* ret;
      |             ^~~
../Core/Src/main.c:105:11: warning: unused variable 'col_text' [-Wunused-variable]
  105 |   j_color col_text[4] = {J_WHITE,J_GREEN,J_PINK,J_CYAN};
      |           ^~~~~~~~
../Core/Src/main.c:101:11: warning: unused variable 'val' [-Wunused-variable]
  101 |   uint8_t val[2] = {0xF0,0x0F};
      |           ^~~
In file included from ../Core/Src/main.c:28:
../Core/Inc/j_st7789.h: At top level:
../Core/Inc/j_st7789.h:85:13: warning: 'j_flag_set_bounds' defined but not used [-Wunused-variable]
   85 | static char j_flag_set_bounds = 1;
      |             ^~~~~~~~~~~~~~~~~
../Core/Inc/j_st7789.h:84:16: warning: 'j_bounds' defined but not used [-Wunused-variable]
   84 | static uint8_t j_bounds[] = {0,J_CFG_SCREEN_LENGTH,0,J_CFG_SCREEN_HEIGHT};
      |                ^~~~~~~~
In file included from ../Core/Inc/j_st7789.h:33:
../Core/Inc/j_fonts.h:338:24: warning: 'j_fonts' defined but not used [-Wunused-variable]
  338 | static const uint16_t* j_fonts[4] = {
      |                        ^~~~~~~
../Core/Inc/j_fonts.h:27:16: warning: 'j_fonts_buffer' defined but not used [-Wunused-variable]
   27 | static uint8_t j_fonts_buffer[J_FONT_BUFFER_SIZE];
      |                ^~~~~~~~~~~~~~
arm-none-eabi-gcc -o "PCB_MOTOR_STM.elf" @"objects.list"   -mcpu=cortex-m4 -T"C:\Users\jonar\JAARK\STM32\PCB_MOTOR_STM\STM32F446RETX_FLASH.ld" --specs=nosys.specs -Wl,-Map="PCB_MOTOR_STM.map" -Wl,--gc-sections -static --specs=nano.specs -mfpu=fpv4-sp-d16 -mfloat-abi=hard -mthumb -Wl,--start-group -lc -lm -Wl,--end-group
Finished building target: PCB_MOTOR_STM.elf
 
arm-none-eabi-size  PCB_MOTOR_STM.elf 
arm-none-eabi-objdump -h -S PCB_MOTOR_STM.elf  > "PCB_MOTOR_STM.list"
   text	   data	    bss	    dec	    hex	filename
  21848	     44	  41636	  63528	   f828	PCB_MOTOR_STM.elf
Finished building: default.size.stdout
 
Finished building: PCB_MOTOR_STM.list
 
07:34:24 **** Build of configuration Debug for project PCB_MOTOR_STM ****
make -j22 all 
arm-none-eabi-gcc "../Core/Src/gpio.c" -mcpu=cortex-m4 -std=gnu11 -g3 -DDEBUG -DUSE_HAL_DRIVER -DSTM32F446xx -c -I../Core/Inc -I../Drivers/STM32F4xx_HAL_Driver/Inc -I../Drivers/STM32F4xx_HAL_Driver/Inc/Legacy -I../Drivers/CMSIS/Device/ST/STM32F4xx/Include -I../Drivers/CMSIS/Include -O0 -ffunction-sections -fdata-sections -Wall -fstack-usage -fcyclomatic-complexity -MMD -MP -MF"Core/Src/gpio.d" -MT"Core/Src/gpio.o" --specs=nano.specs -mfpu=fpv4-sp-d16 -mfloat-abi=hard -mthumb -o "Core/Src/gpio.o"
arm-none-eabi-gcc "../Core/Src/j_fonts.c" -mcpu=cortex-m4 -std=gnu11 -g3 -DDEBUG -DUSE_HAL_DRIVER -DSTM32F446xx -c -I../Core/Inc -I../Drivers/STM32F4xx_HAL_Driver/Inc -I../Drivers/STM32F4xx_HAL_Driver/Inc/Legacy -I../Drivers/CMSIS/Device/ST/STM32F4xx/Include -I../Drivers/CMSIS/Include -O0 -ffunction-sections -fdata-sections -Wall -fstack-usage -fcyclomatic-complexity -MMD -MP -MF"Core/Src/j_fonts.d" -MT"Core/Src/j_fonts.o" --specs=nano.specs -mfpu=fpv4-sp-d16 -mfloat-abi=hard -mthumb -o "Core/Src/j_fonts.o"
arm-none-eabi-gcc "../Core/Src/j_st7789.c" -mcpu=cortex-m4 -std=gnu11 -g3 -DDEBUG -DUSE_HAL_DRIVER -DSTM32F446xx -c -I../Core/Inc -I../Drivers/STM32F4xx_HAL_Driver/Inc -I../Drivers/STM32F4xx_HAL_Driver/Inc/Legacy -I../Drivers/CMSIS/Device/ST/STM32F4xx/Include -I../Drivers/CMSIS/Include -O0 -ffunction-sections -fdata-sections -Wall -fstack-usage -fcyclomatic-complexity -MMD -MP -MF"Core/Src/j_st7789.d" -MT"Core/Src/j_st7789.o" --specs=nano.specs -mfpu=fpv4-sp-d16 -mfloat-abi=hard -mthumb -o "Core/Src/j_st7789.o"
arm-none-eabi-gcc "../Core/Src/main.c" -mcpu=cortex-m4 -std=gnu11 -g3 -DDEBUG -DUSE_HAL_DRIVER -DSTM32F446xx -c -I../Core/Inc -I../Drivers/STM32F4xx_HAL_Driver/Inc -I../Drivers/STM32F4xx_HAL_Driver/Inc/Legacy -I../Drivers/CMSIS/Device/ST/STM32F4xx/Include -I../Drivers/CMSIS/Include -O0 -ffunction-sections -fdata-sections -Wall -fstack-usage -fcyclomatic-complexity -MMD -MP -MF"Core/Src/main.d" -MT"Core/Src/main.o" --specs=nano.specs -mfpu=fpv4-sp-d16 -mfloat-abi=hard -mthumb -o "Core/Src/main.o"
arm-none-eabi-gcc "../Core/Src/spi.c" -mcpu=cortex-m4 -std=gnu11 -g3 -DDEBUG -DUSE_HAL_DRIVER -DSTM32F446xx -c -I../Core/Inc -I../Drivers/STM32F4xx_HAL_Driver/Inc -I../Drivers/STM32F4xx_HAL_Driver/Inc/Legacy -I../Drivers/CMSIS/Device/ST/STM32F4xx/Include -I../Drivers/CMSIS/Include -O0 -ffunction-sections -fdata-sections -Wall -fstack-usage -fcyclomatic-complexity -MMD -MP -MF"Core/Src/spi.d" -MT"Core/Src/spi.o" --specs=nano.specs -mfpu=fpv4-sp-d16 -mfloat-abi=hard -mthumb -o "Core/Src/spi.o"
arm-none-eabi-gcc "../Core/Src/stm32f4xx_hal_msp.c" -mcpu=cortex-m4 -std=gnu11 -g3 -DDEBUG -DUSE_HAL_DRIVER -DSTM32F446xx -c -I../Core/Inc -I../Drivers/STM32F4xx_HAL_Driver/Inc -I../Drivers/STM32F4xx_HAL_Driver/Inc/Legacy -I../Drivers/CMSIS/Device/ST/STM32F4xx/Include -I../Drivers/CMSIS/Include -O0 -ffunction-sections -fdata-sections -Wall -fstack-usage -fcyclomatic-complexity -MMD -MP -MF"Core/Src/stm32f4xx_hal_msp.d" -MT"Core/Src/stm32f4xx_hal_msp.o" --specs=nano.specs -mfpu=fpv4-sp-d16 -mfloat-abi=hard -mthumb -o "Core/Src/stm32f4xx_hal_msp.o"
arm-none-eabi-gcc "../Core/Src/stm32f4xx_it.c" -mcpu=cortex-m4 -std=gnu11 -g3 -DDEBUG -DUSE_HAL_DRIVER -DSTM32F446xx -c -I../Core/Inc -I../Drivers/STM32F4xx_HAL_Driver/Inc -I../Drivers/STM32F4xx_HAL_Driver/Inc/Legacy -I../Drivers/CMSIS/Device/ST/STM32F4xx/Include -I../Drivers/CMSIS/Include -O0 -ffunction-sections -fdata-sections -Wall -fstack-usage -fcyclomatic-complexity -MMD -MP -MF"Core/Src/stm32f4xx_it.d" -MT"Core/Src/stm32f4xx_it.o" --specs=nano.specs -mfpu=fpv4-sp-d16 -mfloat-abi=hard -mthumb -o "Core/Src/stm32f4xx_it.o"
arm-none-eabi-gcc "../Core/Src/usart.c" -mcpu=cortex-m4 -std=gnu11 -g3 -DDEBUG -DUSE_HAL_DRIVER -DSTM32F446xx -c -I../Core/Inc -I../Drivers/STM32F4xx_HAL_Driver/Inc -I../Drivers/STM32F4xx_HAL_Driver/Inc/Legacy -I../Drivers/CMSIS/Device/ST/STM32F4xx/Include -I../Drivers/CMSIS/Include -O0 -ffunction-sections -fdata-sections -Wall -fstack-usage -fcyclomatic-complexity -MMD -MP -MF"Core/Src/usart.d" -MT"Core/Src/usart.o" --specs=nano.specs -mfpu=fpv4-sp-d16 -mfloat-abi=hard -mthumb -o "Core/Src/usart.o"
../Core/Src/main.c: In function 'main':
../Core/Src/main.c:111:13: warning: unused variable 'ret' [-Wunused-variable]
  111 |   uint16_t* ret;
      |             ^~~
../Core/Src/main.c:105:11: warning: unused variable 'col_text' [-Wunused-variable]
  105 |   j_color col_text[4] = {J_WHITE,J_GREEN,J_PINK,J_CYAN};
      |           ^~~~~~~~
../Core/Src/main.c:101:11: warning: unused variable 'val' [-Wunused-variable]
  101 |   uint8_t val[2] = {0xF0,0x0F};
      |           ^~~
In file included from ../Core/Src/main.c:28:
../Core/Inc/j_st7789.h: At top level:
../Core/Inc/j_st7789.h:94:13: warning: 'j_flag_set_bounds' defined but not used [-Wunused-variable]
   94 | static char j_flag_set_bounds = 1;
      |             ^~~~~~~~~~~~~~~~~
../Core/Inc/j_st7789.h:93:16: warning: 'j_bounds' defined but not used [-Wunused-variable]
   93 | static uint8_t j_bounds[] = {0,J_CFG_SCREEN_LENGTH,0,J_CFG_SCREEN_HEIGHT};
      |                ^~~~~~~~
In file included from ../Core/Inc/j_st7789.h:33:
../Core/Inc/j_fonts.h:338:24: warning: 'j_fonts' defined but not used [-Wunused-variable]
  338 | static const uint16_t* j_fonts[4] = {
      |                        ^~~~~~~
../Core/Inc/j_fonts.h:27:16: warning: 'j_fonts_buffer' defined but not used [-Wunused-variable]
   27 | static uint8_t j_fonts_buffer[J_FONT_BUFFER_SIZE];
      |                ^~~~~~~~~~~~~~
../Core/Src/j_fonts.c:4:18: warning: 'ret_arr' defined but not used [-Wunused-variable]
    4 | static uint16_t* ret_arr;
      |                  ^~~~~~~
In file included from ../Core/Src/j_fonts.c:1:
../Core/Inc/j_fonts.h:27:16: warning: 'j_fonts_buffer' defined but not used [-Wunused-variable]
   27 | static uint8_t j_fonts_buffer[J_FONT_BUFFER_SIZE];
      |                ^~~~~~~~~~~~~~
In file included from ../Core/Inc/j_fonts.h:6:
../Core/Inc/j_st7789.h:96:17: warning: 'j_master_control' defined but not used [-Wunused-variable]
   96 | static j_struct j_master_control = {
      |                 ^~~~~~~~~~~~~~~~
../Core/Inc/j_st7789.h:94:13: warning: 'j_flag_set_bounds' defined but not used [-Wunused-variable]
   94 | static char j_flag_set_bounds = 1;
      |             ^~~~~~~~~~~~~~~~~
../Core/Inc/j_st7789.h:93:16: warning: 'j_bounds' defined but not used [-Wunused-variable]
   93 | static uint8_t j_bounds[] = {0,J_CFG_SCREEN_LENGTH,0,J_CFG_SCREEN_HEIGHT};
      |                ^~~~~~~~
../Core/Src/j_st7789.c: In function 'draw_text':
../Core/Src/j_st7789.c:100:26: warning: initialization discards 'const' qualifier from pointer target type [-Wdiscarded-qualifiers]
  100 |     uint16_t* char_ptr = char_ptr_ret(ch,font_size);
      |                          ^~~~~~~~~~~~
../Core/Src/j_st7789.c: In function 'fill_text_float':
../Core/Src/j_st7789.c:115:45: error: invalid operands to binary % (have 'float' and 'int')
  115 |     int dec_before_point = (num * ten_power)%ten_power; // Ten power is a variable that determines the degree of accuracy we want when converting decimals to lcd display data
      |                            ~~~~~~~~~~~~~~~~~^
      |                                 |
      |                                 float
../Core/Src/j_st7789.c:119:50: warning: 'return' with a value, in function returning void [-Wreturn-type]
  119 |         ret_str[0] = '0'; ret_str[1] = 0; return ret_str;
      |                                                  ^~~~~~~
../Core/Src/j_st7789.c:113:6: note: declared here
  113 | void fill_text_float(float num, uint8_t font_size, j_color FILL_COL) {
      |      ^~~~~~~~~~~~~~~
../Core/Src/j_st7789.c:125:22: error: 'decimal_cur' undeclared (first use in this function)
  125 |         ret_str[i] = decimal_cur;
      |                      ^~~~~~~~~~~
../Core/Src/j_st7789.c:125:22: note: each undeclared identifier is reported only once for each function it appears in
../Core/Src/j_st7789.c:133:9: error: 'ret' undeclared (first use in this function)
  133 |         ret[i - j - 1] = temp;
      |         ^~~
../Core/Src/j_st7789.c:121:9: warning: variable 'number_cur' set but not used [-Wunused-but-set-variable]
  121 |     int number_cur; // Current remainder number
      |         ^~~~~~~~~~
In file included from ../Core/Inc/j_st7789.h:33,
                 from ../Core/Src/j_st7789.c:7:
../Core/Inc/j_fonts.h: At top level:
../Core/Inc/j_fonts.h:338:24: warning: 'j_fonts' defined but not used [-Wunused-variable]
  338 | static const uint16_t* j_fonts[4] = {
      |                        ^~~~~~~
make: *** [Core/Src/subdir.mk:52: Core/Src/j_st7789.o] Error 1
make: *** Waiting for unfinished jobs....
"make -j22 all" terminated with exit code 2. Build might be incomplete.
07:35:30 **** Incremental Build of configuration Debug for project PCB_MOTOR_STM ****
make -j22 all 
arm-none-eabi-gcc "../Core/Src/j_st7789.c" -mcpu=cortex-m4 -std=gnu11 -g3 -DDEBUG -DUSE_HAL_DRIVER -DSTM32F446xx -c -I../Core/Inc -I../Drivers/STM32F4xx_HAL_Driver/Inc -I../Drivers/STM32F4xx_HAL_Driver/Inc/Legacy -I../Drivers/CMSIS/Device/ST/STM32F4xx/Include -I../Drivers/CMSIS/Include -O0 -ffunction-sections -fdata-sections -Wall -fstack-usage -fcyclomatic-complexity -MMD -MP -MF"Core/Src/j_st7789.d" -MT"Core/Src/j_st7789.o" --specs=nano.specs -mfpu=fpv4-sp-d16 -mfloat-abi=hard -mthumb -o "Core/Src/j_st7789.o"
../Core/Src/j_st7789.c: In function 'draw_text':
../Core/Src/j_st7789.c:100:26: warning: initialization discards 'const' qualifier from pointer target type [-Wdiscarded-qualifiers]
  100 |     uint16_t* char_ptr = char_ptr_ret(ch,font_size);
      |                          ^~~~~~~~~~~~
../Core/Src/j_st7789.c: In function 'fill_text_float':
../Core/Src/j_st7789.c:115:52: error: invalid operands to binary % (have 'int' and 'float')
  115 |     int dec_before_point = ((int)(num * ten_power))%ten_power; // Ten power is a variable that determines the degree of accuracy we want when converting decimals to lcd display data
      |                            ~~~~~~~~~~~~~~~~~~~~~~~~^
      |                             |
      |                             int
../Core/Src/j_st7789.c:119:50: warning: 'return' with a value, in function returning void [-Wreturn-type]
  119 |         ret_str[0] = '0'; ret_str[1] = 0; return ret_str;
      |                                                  ^~~~~~~
../Core/Src/j_st7789.c:113:6: note: declared here
  113 | void fill_text_float(float num, uint8_t font_size, j_color FILL_COL) {
      |      ^~~~~~~~~~~~~~~
../Core/Src/j_st7789.c:125:22: error: 'decimal_cur' undeclared (first use in this function)
  125 |         ret_str[i] = decimal_cur;
      |                      ^~~~~~~~~~~
../Core/Src/j_st7789.c:125:22: note: each undeclared identifier is reported only once for each function it appears in
../Core/Src/j_st7789.c:133:9: error: 'ret' undeclared (first use in this function)
  133 |         ret[i - j - 1] = temp;
      |         ^~~
../Core/Src/j_st7789.c:121:9: warning: variable 'number_cur' set but not used [-Wunused-but-set-variable]
  121 |     int number_cur; // Current remainder number
      |         ^~~~~~~~~~
In file included from ../Core/Inc/j_st7789.h:33,
                 from ../Core/Src/j_st7789.c:7:
../Core/Inc/j_fonts.h: At top level:
../Core/Inc/j_fonts.h:338:24: warning: 'j_fonts' defined but not used [-Wunused-variable]
  338 | static const uint16_t* j_fonts[4] = {
      |                        ^~~~~~~
make: *** [Core/Src/subdir.mk:52: Core/Src/j_st7789.o] Error 1
"make -j22 all" terminated with exit code 2. Build might be incomplete.
07:35:49 **** Incremental Build of configuration Debug for project PCB_MOTOR_STM ****
make -j22 all 
arm-none-eabi-gcc "../Core/Src/j_st7789.c" -mcpu=cortex-m4 -std=gnu11 -g3 -DDEBUG -DUSE_HAL_DRIVER -DSTM32F446xx -c -I../Core/Inc -I../Drivers/STM32F4xx_HAL_Driver/Inc -I../Drivers/STM32F4xx_HAL_Driver/Inc/Legacy -I../Drivers/CMSIS/Device/ST/STM32F4xx/Include -I../Drivers/CMSIS/Include -O0 -ffunction-sections -fdata-sections -Wall -fstack-usage -fcyclomatic-complexity -MMD -MP -MF"Core/Src/j_st7789.d" -MT"Core/Src/j_st7789.o" --specs=nano.specs -mfpu=fpv4-sp-d16 -mfloat-abi=hard -mthumb -o "Core/Src/j_st7789.o"
../Core/Src/j_st7789.c: In function 'draw_text':
../Core/Src/j_st7789.c:100:26: warning: initialization discards 'const' qualifier from pointer target type [-Wdiscarded-qualifiers]
  100 |     uint16_t* char_ptr = char_ptr_ret(ch,font_size);
      |                          ^~~~~~~~~~~~
../Core/Src/j_st7789.c: In function 'fill_text_float':
../Core/Src/j_st7789.c:119:50: warning: 'return' with a value, in function returning void [-Wreturn-type]
  119 |         ret_str[0] = '0'; ret_str[1] = 0; return ret_str;
      |                                                  ^~~~~~~
../Core/Src/j_st7789.c:113:6: note: declared here
  113 | void fill_text_float(float num, uint8_t font_size, j_color FILL_COL) {
      |      ^~~~~~~~~~~~~~~
../Core/Src/j_st7789.c:125:22: error: 'decimal_cur' undeclared (first use in this function)
  125 |         ret_str[i] = decimal_cur;
      |                      ^~~~~~~~~~~
../Core/Src/j_st7789.c:125:22: note: each undeclared identifier is reported only once for each function it appears in
../Core/Src/j_st7789.c:133:9: error: 'ret' undeclared (first use in this function)
  133 |         ret[i - j - 1] = temp;
      |         ^~~
../Core/Src/j_st7789.c:121:9: warning: variable 'number_cur' set but not used [-Wunused-but-set-variable]
  121 |     int number_cur; // Current remainder number
      |         ^~~~~~~~~~
In file included from ../Core/Inc/j_st7789.h:33,
                 from ../Core/Src/j_st7789.c:7:
../Core/Inc/j_fonts.h: At top level:
../Core/Inc/j_fonts.h:338:24: warning: 'j_fonts' defined but not used [-Wunused-variable]
  338 | static const uint16_t* j_fonts[4] = {
      |                        ^~~~~~~
make: *** [Core/Src/subdir.mk:52: Core/Src/j_st7789.o] Error 1
"make -j22 all" terminated with exit code 2. Build might be incomplete.
07:36:23 **** Incremental Build of configuration Debug for project PCB_MOTOR_STM ****
make -j22 all 
arm-none-eabi-gcc "../Core/Src/j_st7789.c" -mcpu=cortex-m4 -std=gnu11 -g3 -DDEBUG -DUSE_HAL_DRIVER -DSTM32F446xx -c -I../Core/Inc -I../Drivers/STM32F4xx_HAL_Driver/Inc -I../Drivers/STM32F4xx_HAL_Driver/Inc/Legacy -I../Drivers/CMSIS/Device/ST/STM32F4xx/Include -I../Drivers/CMSIS/Include -O0 -ffunction-sections -fdata-sections -Wall -fstack-usage -fcyclomatic-complexity -MMD -MP -MF"Core/Src/j_st7789.d" -MT"Core/Src/j_st7789.o" --specs=nano.specs -mfpu=fpv4-sp-d16 -mfloat-abi=hard -mthumb -o "Core/Src/j_st7789.o"
../Core/Src/j_st7789.c: In function 'draw_text':
../Core/Src/j_st7789.c:100:26: warning: initialization discards 'const' qualifier from pointer target type [-Wdiscarded-qualifiers]
  100 |     uint16_t* char_ptr = char_ptr_ret(ch,font_size);
      |                          ^~~~~~~~~~~~
../Core/Src/j_st7789.c: In function 'fill_text_float':
../Core/Src/j_st7789.c:119:50: warning: 'return' with a value, in function returning void [-Wreturn-type]
  119 |         ret_str[0] = '0'; ret_str[1] = 0; return ret_str;
      |                                                  ^~~~~~~
../Core/Src/j_st7789.c:113:6: note: declared here
  113 | void fill_text_float(float num, uint8_t font_size, j_color FILL_COL) {
      |      ^~~~~~~~~~~~~~~
In file included from ../Core/Inc/j_st7789.h:33,
                 from ../Core/Src/j_st7789.c:7:
../Core/Inc/j_fonts.h: At top level:
../Core/Inc/j_fonts.h:338:24: warning: 'j_fonts' defined but not used [-Wunused-variable]
  338 | static const uint16_t* j_fonts[4] = {
      |                        ^~~~~~~
arm-none-eabi-gcc -o "PCB_MOTOR_STM.elf" @"objects.list"   -mcpu=cortex-m4 -T"C:\Users\jonar\JAARK\STM32\PCB_MOTOR_STM\STM32F446RETX_FLASH.ld" --specs=nosys.specs -Wl,-Map="PCB_MOTOR_STM.map" -Wl,--gc-sections -static --specs=nano.specs -mfpu=fpv4-sp-d16 -mfloat-abi=hard -mthumb -Wl,--start-group -lc -lm -Wl,--end-group
Finished building target: PCB_MOTOR_STM.elf
 
arm-none-eabi-size  PCB_MOTOR_STM.elf 
arm-none-eabi-objdump -h -S PCB_MOTOR_STM.elf  > "PCB_MOTOR_STM.list"
   text	   data	    bss	    dec	    hex	filename
  21840	     44	  41636	  63520	   f820	PCB_MOTOR_STM.elf
Finished building: default.size.stdout
 
Finished building: PCB_MOTOR_STM.list
 
07:36:52 **** Incremental Build of configuration Debug for project PCB_MOTOR_STM ****
make -j22 all 
arm-none-eabi-gcc "../Core/Src/main.c" -mcpu=cortex-m4 -std=gnu11 -g3 -DDEBUG -DUSE_HAL_DRIVER -DSTM32F446xx -c -I../Core/Inc -I../Drivers/STM32F4xx_HAL_Driver/Inc -I../Drivers/STM32F4xx_HAL_Driver/Inc/Legacy -I../Drivers/CMSIS/Device/ST/STM32F4xx/Include -I../Drivers/CMSIS/Include -O0 -ffunction-sections -fdata-sections -Wall -fstack-usage -fcyclomatic-complexity -MMD -MP -MF"Core/Src/main.d" -MT"Core/Src/main.o" --specs=nano.specs -mfpu=fpv4-sp-d16 -mfloat-abi=hard -mthumb -o "Core/Src/main.o"
../Core/Src/main.c: In function 'main':
../Core/Src/main.c:111:13: warning: unused variable 'ret' [-Wunused-variable]
  111 |   uint16_t* ret;
      |             ^~~
../Core/Src/main.c:105:11: warning: unused variable 'col_text' [-Wunused-variable]
  105 |   j_color col_text[4] = {J_WHITE,J_GREEN,J_PINK,J_CYAN};
      |           ^~~~~~~~
../Core/Src/main.c:101:11: warning: unused variable 'val' [-Wunused-variable]
  101 |   uint8_t val[2] = {0xF0,0x0F};
      |           ^~~
In file included from ../Core/Src/main.c:28:
../Core/Inc/j_st7789.h: At top level:
../Core/Inc/j_st7789.h:94:13: warning: 'j_flag_set_bounds' defined but not used [-Wunused-variable]
   94 | static char j_flag_set_bounds = 1;
      |             ^~~~~~~~~~~~~~~~~
../Core/Inc/j_st7789.h:93:16: warning: 'j_bounds' defined but not used [-Wunused-variable]
   93 | static uint8_t j_bounds[] = {0,J_CFG_SCREEN_LENGTH,0,J_CFG_SCREEN_HEIGHT};
      |                ^~~~~~~~
In file included from ../Core/Inc/j_st7789.h:33:
../Core/Inc/j_fonts.h:338:24: warning: 'j_fonts' defined but not used [-Wunused-variable]
  338 | static const uint16_t* j_fonts[4] = {
      |                        ^~~~~~~
../Core/Inc/j_fonts.h:27:16: warning: 'j_fonts_buffer' defined but not used [-Wunused-variable]
   27 | static uint8_t j_fonts_buffer[J_FONT_BUFFER_SIZE];
      |                ^~~~~~~~~~~~~~
arm-none-eabi-gcc -o "PCB_MOTOR_STM.elf" @"objects.list"   -mcpu=cortex-m4 -T"C:\Users\jonar\JAARK\STM32\PCB_MOTOR_STM\STM32F446RETX_FLASH.ld" --specs=nosys.specs -Wl,-Map="PCB_MOTOR_STM.map" -Wl,--gc-sections -static --specs=nano.specs -mfpu=fpv4-sp-d16 -mfloat-abi=hard -mthumb -Wl,--start-group -lc -lm -Wl,--end-group
Finished building target: PCB_MOTOR_STM.elf
 
arm-none-eabi-size  PCB_MOTOR_STM.elf 
arm-none-eabi-objdump -h -S PCB_MOTOR_STM.elf  > "PCB_MOTOR_STM.list"
   text	   data	    bss	    dec	    hex	filename
  21840	     44	  41636	  63520	   f820	PCB_MOTOR_STM.elf
Finished building: default.size.stdout
 
Finished building: PCB_MOTOR_STM.list
 
07:37:39 **** Incremental Build of configuration Debug for project PCB_MOTOR_STM ****
make -j22 all 
arm-none-eabi-gcc "../Core/Src/main.c" -mcpu=cortex-m4 -std=gnu11 -g3 -DDEBUG -DUSE_HAL_DRIVER -DSTM32F446xx -c -I../Core/Inc -I../Drivers/STM32F4xx_HAL_Driver/Inc -I../Drivers/STM32F4xx_HAL_Driver/Inc/Legacy -I../Drivers/CMSIS/Device/ST/STM32F4xx/Include -I../Drivers/CMSIS/Include -O0 -ffunction-sections -fdata-sections -Wall -fstack-usage -fcyclomatic-complexity -MMD -MP -MF"Core/Src/main.d" -MT"Core/Src/main.o" --specs=nano.specs -mfpu=fpv4-sp-d16 -mfloat-abi=hard -mthumb -o "Core/Src/main.o"
../Core/Src/main.c: In function 'main':
../Core/Src/main.c:111:13: warning: unused variable 'ret' [-Wunused-variable]
  111 |   uint16_t* ret;
      |             ^~~
../Core/Src/main.c:105:11: warning: unused variable 'col_text' [-Wunused-variable]
  105 |   j_color col_text[4] = {J_WHITE,J_GREEN,J_PINK,J_CYAN};
      |           ^~~~~~~~
../Core/Src/main.c:101:11: warning: unused variable 'val' [-Wunused-variable]
  101 |   uint8_t val[2] = {0xF0,0x0F};
      |           ^~~
In file included from ../Core/Src/main.c:28:
../Core/Inc/j_st7789.h: At top level:
../Core/Inc/j_st7789.h:94:13: warning: 'j_flag_set_bounds' defined but not used [-Wunused-variable]
   94 | static char j_flag_set_bounds = 1;
      |             ^~~~~~~~~~~~~~~~~
../Core/Inc/j_st7789.h:93:16: warning: 'j_bounds' defined but not used [-Wunused-variable]
   93 | static uint8_t j_bounds[] = {0,J_CFG_SCREEN_LENGTH,0,J_CFG_SCREEN_HEIGHT};
      |                ^~~~~~~~
In file included from ../Core/Inc/j_st7789.h:33:
../Core/Inc/j_fonts.h:338:24: warning: 'j_fonts' defined but not used [-Wunused-variable]
  338 | static const uint16_t* j_fonts[4] = {
      |                        ^~~~~~~
../Core/Inc/j_fonts.h:27:16: warning: 'j_fonts_buffer' defined but not used [-Wunused-variable]
   27 | static uint8_t j_fonts_buffer[J_FONT_BUFFER_SIZE];
      |                ^~~~~~~~~~~~~~
arm-none-eabi-gcc -o "PCB_MOTOR_STM.elf" @"objects.list"   -mcpu=cortex-m4 -T"C:\Users\jonar\JAARK\STM32\PCB_MOTOR_STM\STM32F446RETX_FLASH.ld" --specs=nosys.specs -Wl,-Map="PCB_MOTOR_STM.map" -Wl,--gc-sections -static --specs=nano.specs -mfpu=fpv4-sp-d16 -mfloat-abi=hard -mthumb -Wl,--start-group -lc -lm -Wl,--end-group
Finished building target: PCB_MOTOR_STM.elf
 
arm-none-eabi-size  PCB_MOTOR_STM.elf 
arm-none-eabi-objdump -h -S PCB_MOTOR_STM.elf  > "PCB_MOTOR_STM.list"
   text	   data	    bss	    dec	    hex	filename
  21848	     44	  41636	  63528	   f828	PCB_MOTOR_STM.elf
Finished building: default.size.stdout
 
Finished building: PCB_MOTOR_STM.list
 
07:39:57 **** Incremental Build of configuration Debug for project PCB_MOTOR_STM ****
make -j22 all 
arm-none-eabi-gcc "../Core/Src/j_st7789.c" -mcpu=cortex-m4 -std=gnu11 -g3 -DDEBUG -DUSE_HAL_DRIVER -DSTM32F446xx -c -I../Core/Inc -I../Drivers/STM32F4xx_HAL_Driver/Inc -I../Drivers/STM32F4xx_HAL_Driver/Inc/Legacy -I../Drivers/CMSIS/Device/ST/STM32F4xx/Include -I../Drivers/CMSIS/Include -O0 -ffunction-sections -fdata-sections -Wall -fstack-usage -fcyclomatic-complexity -MMD -MP -MF"Core/Src/j_st7789.d" -MT"Core/Src/j_st7789.o" --specs=nano.specs -mfpu=fpv4-sp-d16 -mfloat-abi=hard -mthumb -o "Core/Src/j_st7789.o"
arm-none-eabi-gcc "../Core/Src/main.c" -mcpu=cortex-m4 -std=gnu11 -g3 -DDEBUG -DUSE_HAL_DRIVER -DSTM32F446xx -c -I../Core/Inc -I../Drivers/STM32F4xx_HAL_Driver/Inc -I../Drivers/STM32F4xx_HAL_Driver/Inc/Legacy -I../Drivers/CMSIS/Device/ST/STM32F4xx/Include -I../Drivers/CMSIS/Include -O0 -ffunction-sections -fdata-sections -Wall -fstack-usage -fcyclomatic-complexity -MMD -MP -MF"Core/Src/main.d" -MT"Core/Src/main.o" --specs=nano.specs -mfpu=fpv4-sp-d16 -mfloat-abi=hard -mthumb -o "Core/Src/main.o"
../Core/Src/j_st7789.c: In function 'draw_text':
../Core/Src/j_st7789.c:100:26: warning: initialization discards 'const' qualifier from pointer target type [-Wdiscarded-qualifiers]
  100 |     uint16_t* char_ptr = char_ptr_ret(ch,font_size);
      |                          ^~~~~~~~~~~~
../Core/Src/j_st7789.c: In function 'fill_text_float':
../Core/Src/j_st7789.c:119:50: warning: 'return' with a value, in function returning void [-Wreturn-type]
  119 |         ret_str[0] = '0'; ret_str[1] = 0; return ret_str;
      |                                                  ^~~~~~~
../Core/Src/main.c: In function 'main':
../Core/Src/j_st7789.c:113:6: note: declared here
  113 | void fill_text_float(float num, uint8_t font_size, j_color FILL_COL) {
      |      ^~~~~~~~~~~~~~~
../Core/Src/main.c:111:13: warning: unused variable 'ret' [-Wunused-variable]
  111 |   uint16_t* ret;
      |             ^~~
../Core/Src/main.c:105:11: warning: unused variable 'col_text' [-Wunused-variable]
  105 |   j_color col_text[4] = {J_WHITE,J_GREEN,J_PINK,J_CYAN};
      |           ^~~~~~~~
../Core/Src/main.c:101:11: warning: unused variable 'val' [-Wunused-variable]
  101 |   uint8_t val[2] = {0xF0,0x0F};
      |           ^~~
../Core/Src/j_st7789.c:141:14: warning: format '%s' expects a matching 'char *' argument [-Wformat=]
  141 |     printf("%s\n");
      |             ~^
      |              |
      |              char *
In file included from ../Core/Src/main.c:28:
../Core/Inc/j_st7789.h: At top level:
../Core/Inc/j_st7789.h:94:13: warning: 'j_flag_set_bounds' defined but not used [-Wunused-variable]
   94 | static char j_flag_set_bounds = 1;
      |             ^~~~~~~~~~~~~~~~~
../Core/Inc/j_st7789.h:93:16: warning: 'j_bounds' defined but not used [-Wunused-variable]
   93 | static uint8_t j_bounds[] = {0,J_CFG_SCREEN_LENGTH,0,J_CFG_SCREEN_HEIGHT};
      |                ^~~~~~~~
In file included from ../Core/Inc/j_st7789.h:33:
../Core/Inc/j_fonts.h:338:24: warning: 'j_fonts' defined but not used [-Wunused-variable]
  338 | static const uint16_t* j_fonts[4] = {
      |                        ^~~~~~~
../Core/Inc/j_fonts.h:27:16: warning: 'j_fonts_buffer' defined but not used [-Wunused-variable]
   27 | static uint8_t j_fonts_buffer[J_FONT_BUFFER_SIZE];
      |                ^~~~~~~~~~~~~~
In file included from ../Core/Inc/j_st7789.h:33,
                 from ../Core/Src/j_st7789.c:7:
../Core/Inc/j_fonts.h: At top level:
../Core/Inc/j_fonts.h:338:24: warning: 'j_fonts' defined but not used [-Wunused-variable]
  338 | static const uint16_t* j_fonts[4] = {
      |                        ^~~~~~~
arm-none-eabi-gcc -o "PCB_MOTOR_STM.elf" @"objects.list"   -mcpu=cortex-m4 -T"C:\Users\jonar\JAARK\STM32\PCB_MOTOR_STM\STM32F446RETX_FLASH.ld" --specs=nosys.specs -Wl,-Map="PCB_MOTOR_STM.map" -Wl,--gc-sections -static --specs=nano.specs -mfpu=fpv4-sp-d16 -mfloat-abi=hard -mthumb -Wl,--start-group -lc -lm -Wl,--end-group
Finished building target: PCB_MOTOR_STM.elf
 
arm-none-eabi-size  PCB_MOTOR_STM.elf 
arm-none-eabi-objdump -h -S PCB_MOTOR_STM.elf  > "PCB_MOTOR_STM.list"
   text	   data	    bss	    dec	    hex	filename
  26460	    140	  41972	  68572	  10bdc	PCB_MOTOR_STM.elf
Finished building: default.size.stdout
 
Finished building: PCB_MOTOR_STM.list
 
07:41:51 **** Incremental Build of configuration Debug for project PCB_MOTOR_STM ****
make -j22 all 
arm-none-eabi-gcc "../Core/Src/j_st7789.c" -mcpu=cortex-m4 -std=gnu11 -g3 -DDEBUG -DUSE_HAL_DRIVER -DSTM32F446xx -c -I../Core/Inc -I../Drivers/STM32F4xx_HAL_Driver/Inc -I../Drivers/STM32F4xx_HAL_Driver/Inc/Legacy -I../Drivers/CMSIS/Device/ST/STM32F4xx/Include -I../Drivers/CMSIS/Include -O0 -ffunction-sections -fdata-sections -Wall -fstack-usage -fcyclomatic-complexity -MMD -MP -MF"Core/Src/j_st7789.d" -MT"Core/Src/j_st7789.o" --specs=nano.specs -mfpu=fpv4-sp-d16 -mfloat-abi=hard -mthumb -o "Core/Src/j_st7789.o"
../Core/Src/j_st7789.c: In function 'draw_text':
../Core/Src/j_st7789.c:100:26: warning: initialization discards 'const' qualifier from pointer target type [-Wdiscarded-qualifiers]
  100 |     uint16_t* char_ptr = char_ptr_ret(ch,font_size);
      |                          ^~~~~~~~~~~~
../Core/Src/j_st7789.c: In function 'fill_text_float':
../Core/Src/j_st7789.c:119:50: warning: 'return' with a value, in function returning void [-Wreturn-type]
  119 |         ret_str[0] = '0'; ret_str[1] = 0; return ret_str;
      |                                                  ^~~~~~~
../Core/Src/j_st7789.c:113:6: note: declared here
  113 | void fill_text_float(float num, uint8_t font_size, j_color FILL_COL) {
      |      ^~~~~~~~~~~~~~~
In file included from ../Core/Inc/j_st7789.h:33,
                 from ../Core/Src/j_st7789.c:7:
../Core/Inc/j_fonts.h: At top level:
../Core/Inc/j_fonts.h:338:24: warning: 'j_fonts' defined but not used [-Wunused-variable]
  338 | static const uint16_t* j_fonts[4] = {
      |                        ^~~~~~~
arm-none-eabi-gcc -o "PCB_MOTOR_STM.elf" @"objects.list"   -mcpu=cortex-m4 -T"C:\Users\jonar\JAARK\STM32\PCB_MOTOR_STM\STM32F446RETX_FLASH.ld" --specs=nosys.specs -Wl,-Map="PCB_MOTOR_STM.map" -Wl,--gc-sections -static --specs=nano.specs -mfpu=fpv4-sp-d16 -mfloat-abi=hard -mthumb -Wl,--start-group -lc -lm -Wl,--end-group
Finished building target: PCB_MOTOR_STM.elf
 
arm-none-eabi-size  PCB_MOTOR_STM.elf 
arm-none-eabi-objdump -h -S PCB_MOTOR_STM.elf  > "PCB_MOTOR_STM.list"
   text	   data	    bss	    dec	    hex	filename
  24960	    140	  41972	  67072	  10600	PCB_MOTOR_STM.elf
Finished building: default.size.stdout
 
Finished building: PCB_MOTOR_STM.list
 
07:43:29 **** Incremental Build of configuration Debug for project PCB_MOTOR_STM ****
make -j22 all 
arm-none-eabi-gcc "../Core/Src/main.c" -mcpu=cortex-m4 -std=gnu11 -g3 -DDEBUG -DUSE_HAL_DRIVER -DSTM32F446xx -c -I../Core/Inc -I../Drivers/STM32F4xx_HAL_Driver/Inc -I../Drivers/STM32F4xx_HAL_Driver/Inc/Legacy -I../Drivers/CMSIS/Device/ST/STM32F4xx/Include -I../Drivers/CMSIS/Include -O0 -ffunction-sections -fdata-sections -Wall -fstack-usage -fcyclomatic-complexity -MMD -MP -MF"Core/Src/main.d" -MT"Core/Src/main.o" --specs=nano.specs -mfpu=fpv4-sp-d16 -mfloat-abi=hard -mthumb -o "Core/Src/main.o"
../Core/Src/main.c: In function 'main':
../Core/Src/main.c:111:13: warning: unused variable 'ret' [-Wunused-variable]
  111 |   uint16_t* ret;
      |             ^~~
../Core/Src/main.c:105:11: warning: unused variable 'col_text' [-Wunused-variable]
  105 |   j_color col_text[4] = {J_WHITE,J_GREEN,J_PINK,J_CYAN};
      |           ^~~~~~~~
../Core/Src/main.c:101:11: warning: unused variable 'val' [-Wunused-variable]
  101 |   uint8_t val[2] = {0xF0,0x0F};
      |           ^~~
In file included from ../Core/Src/main.c:28:
../Core/Inc/j_st7789.h: At top level:
../Core/Inc/j_st7789.h:94:13: warning: 'j_flag_set_bounds' defined but not used [-Wunused-variable]
   94 | static char j_flag_set_bounds = 1;
      |             ^~~~~~~~~~~~~~~~~
../Core/Inc/j_st7789.h:93:16: warning: 'j_bounds' defined but not used [-Wunused-variable]
   93 | static uint8_t j_bounds[] = {0,J_CFG_SCREEN_LENGTH,0,J_CFG_SCREEN_HEIGHT};
      |                ^~~~~~~~
In file included from ../Core/Inc/j_st7789.h:33:
../Core/Inc/j_fonts.h:338:24: warning: 'j_fonts' defined but not used [-Wunused-variable]
  338 | static const uint16_t* j_fonts[4] = {
      |                        ^~~~~~~
../Core/Inc/j_fonts.h:27:16: warning: 'j_fonts_buffer' defined but not used [-Wunused-variable]
   27 | static uint8_t j_fonts_buffer[J_FONT_BUFFER_SIZE];
      |                ^~~~~~~~~~~~~~
arm-none-eabi-gcc -o "PCB_MOTOR_STM.elf" @"objects.list"   -mcpu=cortex-m4 -T"C:\Users\jonar\JAARK\STM32\PCB_MOTOR_STM\STM32F446RETX_FLASH.ld" --specs=nosys.specs -Wl,-Map="PCB_MOTOR_STM.map" -Wl,--gc-sections -static --specs=nano.specs -mfpu=fpv4-sp-d16 -mfloat-abi=hard -mthumb -Wl,--start-group -lc -lm -Wl,--end-group
Finished building target: PCB_MOTOR_STM.elf
 
arm-none-eabi-size  PCB_MOTOR_STM.elf 
arm-none-eabi-objdump -h -S PCB_MOTOR_STM.elf  > "PCB_MOTOR_STM.list"
   text	   data	    bss	    dec	    hex	filename
  26664	    140	  41972	  68776	  10ca8	PCB_MOTOR_STM.elf
Finished building: default.size.stdout
 
Finished building: PCB_MOTOR_STM.list
 
07:51:15 **** Incremental Build of configuration Debug for project PCB_MOTOR_STM ****
make -j22 all 
arm-none-eabi-gcc "../Core/Src/j_st7789.c" -mcpu=cortex-m4 -std=gnu11 -g3 -DDEBUG -DUSE_HAL_DRIVER -DSTM32F446xx -c -I../Core/Inc -I../Drivers/STM32F4xx_HAL_Driver/Inc -I../Drivers/STM32F4xx_HAL_Driver/Inc/Legacy -I../Drivers/CMSIS/Device/ST/STM32F4xx/Include -I../Drivers/CMSIS/Include -O0 -ffunction-sections -fdata-sections -Wall -fstack-usage -fcyclomatic-complexity -MMD -MP -MF"Core/Src/j_st7789.d" -MT"Core/Src/j_st7789.o" --specs=nano.specs -mfpu=fpv4-sp-d16 -mfloat-abi=hard -mthumb -o "Core/Src/j_st7789.o"
arm-none-eabi-gcc "../Core/Src/main.c" -mcpu=cortex-m4 -std=gnu11 -g3 -DDEBUG -DUSE_HAL_DRIVER -DSTM32F446xx -c -I../Core/Inc -I../Drivers/STM32F4xx_HAL_Driver/Inc -I../Drivers/STM32F4xx_HAL_Driver/Inc/Legacy -I../Drivers/CMSIS/Device/ST/STM32F4xx/Include -I../Drivers/CMSIS/Include -O0 -ffunction-sections -fdata-sections -Wall -fstack-usage -fcyclomatic-complexity -MMD -MP -MF"Core/Src/main.d" -MT"Core/Src/main.o" --specs=nano.specs -mfpu=fpv4-sp-d16 -mfloat-abi=hard -mthumb -o "Core/Src/main.o"
arm-none-eabi-gcc "../Core/Src/syscalls.c" -mcpu=cortex-m4 -std=gnu11 -g3 -DDEBUG -DUSE_HAL_DRIVER -DSTM32F446xx -c -I../Core/Inc -I../Drivers/STM32F4xx_HAL_Driver/Inc -I../Drivers/STM32F4xx_HAL_Driver/Inc/Legacy -I../Drivers/CMSIS/Device/ST/STM32F4xx/Include -I../Drivers/CMSIS/Include -O0 -ffunction-sections -fdata-sections -Wall -fstack-usage -fcyclomatic-complexity -MMD -MP -MF"Core/Src/syscalls.d" -MT"Core/Src/syscalls.o" --specs=nano.specs -mfpu=fpv4-sp-d16 -mfloat-abi=hard -mthumb -o "Core/Src/syscalls.o"
../Core/Src/j_st7789.c: In function 'draw_text':
../Core/Src/j_st7789.c:102:26: warning: initialization discards 'const' qualifier from pointer target type [-Wdiscarded-qualifiers]
  102 |     uint16_t* char_ptr = char_ptr_ret(ch,font_size);
      |                          ^~~~~~~~~~~~
../Core/Src/j_st7789.c: In function 'fill_text_float':
../Core/Src/j_st7789.c:121:50: warning: 'return' with a value, in function returning void [-Wreturn-type]
  121 |         ret_str[0] = '0'; ret_str[1] = 0; return ret_str;
      |                                                  ^~~~~~~
../Core/Src/j_st7789.c:115:6: note: declared here
  115 | void fill_text_float(float num, uint8_t font_size, j_color FILL_COL) {
      |      ^~~~~~~~~~~~~~~
In file included from ../Core/Inc/j_st7789.h:33,
                 from ../Core/Src/j_st7789.c:7:
../Core/Inc/j_fonts.h: At top level:
../Core/Inc/j_fonts.h:338:24: warning: 'j_fonts' defined but not used [-Wunused-variable]
  338 | static const uint16_t* j_fonts[4] = {
      |                        ^~~~~~~
../Core/Src/main.c: In function 'main':
../Core/Src/main.c:113:13: warning: unused variable 'ret' [-Wunused-variable]
  113 |   uint16_t* ret;
      |             ^~~
../Core/Src/main.c:107:11: warning: unused variable 'col_text' [-Wunused-variable]
  107 |   j_color col_text[4] = {J_WHITE,J_GREEN,J_PINK,J_CYAN};
      |           ^~~~~~~~
../Core/Src/main.c:103:11: warning: unused variable 'val' [-Wunused-variable]
  103 |   uint8_t val[2] = {0xF0,0x0F};
      |           ^~~
In file included from ../Core/Src/main.c:30:
../Core/Inc/j_st7789.h: At top level:
../Core/Inc/j_st7789.h:94:13: warning: 'j_flag_set_bounds' defined but not used [-Wunused-variable]
   94 | static char j_flag_set_bounds = 1;
      |             ^~~~~~~~~~~~~~~~~
../Core/Inc/j_st7789.h:93:16: warning: 'j_bounds' defined but not used [-Wunused-variable]
   93 | static uint8_t j_bounds[] = {0,J_CFG_SCREEN_LENGTH,0,J_CFG_SCREEN_HEIGHT};
      |                ^~~~~~~~
In file included from ../Core/Inc/j_st7789.h:33:
../Core/Inc/j_fonts.h:338:24: warning: 'j_fonts' defined but not used [-Wunused-variable]
  338 | static const uint16_t* j_fonts[4] = {
      |                        ^~~~~~~
../Core/Inc/j_fonts.h:27:16: warning: 'j_fonts_buffer' defined but not used [-Wunused-variable]
   27 | static uint8_t j_fonts_buffer[J_FONT_BUFFER_SIZE];
      |                ^~~~~~~~~~~~~~
arm-none-eabi-gcc -o "PCB_MOTOR_STM.elf" @"objects.list"   -mcpu=cortex-m4 -T"C:\Users\jonar\JAARK\STM32\PCB_MOTOR_STM\STM32F446RETX_FLASH.ld" --specs=nosys.specs -Wl,-Map="PCB_MOTOR_STM.map" -Wl,--gc-sections -static --specs=nano.specs -mfpu=fpv4-sp-d16 -mfloat-abi=hard -mthumb -Wl,--start-group -lc -lm -Wl,--end-group
Finished building target: PCB_MOTOR_STM.elf
 
arm-none-eabi-size  PCB_MOTOR_STM.elf 
arm-none-eabi-objdump -h -S PCB_MOTOR_STM.elf  > "PCB_MOTOR_STM.list"
   text	   data	    bss	    dec	    hex	filename
  26664	    140	  41972	  68776	  10ca8	PCB_MOTOR_STM.elf
Finished building: default.size.stdout
 
Finished building: PCB_MOTOR_STM.list
 
07:54:52 **** Incremental Build of configuration Debug for project PCB_MOTOR_STM ****
make -j22 all 
arm-none-eabi-gcc "../Core/Src/main.c" -mcpu=cortex-m4 -std=gnu11 -g3 -DDEBUG -DUSE_HAL_DRIVER -DSTM32F446xx -c -I../Core/Inc -I../Drivers/STM32F4xx_HAL_Driver/Inc -I../Drivers/STM32F4xx_HAL_Driver/Inc/Legacy -I../Drivers/CMSIS/Device/ST/STM32F4xx/Include -I../Drivers/CMSIS/Include -O0 -ffunction-sections -fdata-sections -Wall -fstack-usage -fcyclomatic-complexity -MMD -MP -MF"Core/Src/main.d" -MT"Core/Src/main.o" --specs=nano.specs -mfpu=fpv4-sp-d16 -mfloat-abi=hard -mthumb -o "Core/Src/main.o"
../Core/Src/main.c: In function 'main':
../Core/Src/main.c:113:13: warning: unused variable 'ret' [-Wunused-variable]
  113 |   uint16_t* ret;
      |             ^~~
../Core/Src/main.c:107:11: warning: unused variable 'col_text' [-Wunused-variable]
  107 |   j_color col_text[4] = {J_WHITE,J_GREEN,J_PINK,J_CYAN};
      |           ^~~~~~~~
../Core/Src/main.c:103:11: warning: unused variable 'val' [-Wunused-variable]
  103 |   uint8_t val[2] = {0xF0,0x0F};
      |           ^~~
In file included from ../Core/Src/main.c:30:
../Core/Inc/j_st7789.h: At top level:
../Core/Inc/j_st7789.h:94:13: warning: 'j_flag_set_bounds' defined but not used [-Wunused-variable]
   94 | static char j_flag_set_bounds = 1;
      |             ^~~~~~~~~~~~~~~~~
../Core/Inc/j_st7789.h:93:16: warning: 'j_bounds' defined but not used [-Wunused-variable]
   93 | static uint8_t j_bounds[] = {0,J_CFG_SCREEN_LENGTH,0,J_CFG_SCREEN_HEIGHT};
      |                ^~~~~~~~
In file included from ../Core/Inc/j_st7789.h:33:
../Core/Inc/j_fonts.h:338:24: warning: 'j_fonts' defined but not used [-Wunused-variable]
  338 | static const uint16_t* j_fonts[4] = {
      |                        ^~~~~~~
../Core/Inc/j_fonts.h:27:16: warning: 'j_fonts_buffer' defined but not used [-Wunused-variable]
   27 | static uint8_t j_fonts_buffer[J_FONT_BUFFER_SIZE];
      |                ^~~~~~~~~~~~~~
arm-none-eabi-gcc -o "PCB_MOTOR_STM.elf" @"objects.list"   -mcpu=cortex-m4 -T"C:\Users\jonar\JAARK\STM32\PCB_MOTOR_STM\STM32F446RETX_FLASH.ld" --specs=nosys.specs -Wl,-Map="PCB_MOTOR_STM.map" -Wl,--gc-sections -static --specs=nano.specs -mfpu=fpv4-sp-d16 -mfloat-abi=hard -mthumb -Wl,--start-group -lc -lm -Wl,--end-group
Finished building target: PCB_MOTOR_STM.elf
 
arm-none-eabi-size  PCB_MOTOR_STM.elf 
arm-none-eabi-objdump -h -S PCB_MOTOR_STM.elf  > "PCB_MOTOR_STM.list"
   text	   data	    bss	    dec	    hex	filename
  25036	    140	  41972	  67148	  1064c	PCB_MOTOR_STM.elf
Finished building: default.size.stdout
 
Finished building: PCB_MOTOR_STM.list
 
07:56:59 **** Incremental Build of configuration Debug for project PCB_MOTOR_STM ****
make -j22 all 
arm-none-eabi-gcc "../Core/Src/main.c" -mcpu=cortex-m4 -std=gnu11 -g3 -DDEBUG -DUSE_HAL_DRIVER -DSTM32F446xx -c -I../Core/Inc -I../Drivers/STM32F4xx_HAL_Driver/Inc -I../Drivers/STM32F4xx_HAL_Driver/Inc/Legacy -I../Drivers/CMSIS/Device/ST/STM32F4xx/Include -I../Drivers/CMSIS/Include -O0 -ffunction-sections -fdata-sections -Wall -fstack-usage -fcyclomatic-complexity -MMD -MP -MF"Core/Src/main.d" -MT"Core/Src/main.o" --specs=nano.specs -mfpu=fpv4-sp-d16 -mfloat-abi=hard -mthumb -o "Core/Src/main.o"
../Core/Src/main.c: In function 'main':
../Core/Src/main.c:113:13: warning: unused variable 'ret' [-Wunused-variable]
  113 |   uint16_t* ret;
      |             ^~~
../Core/Src/main.c:107:11: warning: unused variable 'col_text' [-Wunused-variable]
  107 |   j_color col_text[4] = {J_WHITE,J_GREEN,J_PINK,J_CYAN};
      |           ^~~~~~~~
../Core/Src/main.c:103:11: warning: unused variable 'val' [-Wunused-variable]
  103 |   uint8_t val[2] = {0xF0,0x0F};
      |           ^~~
In file included from ../Core/Src/main.c:30:
../Core/Inc/j_st7789.h: At top level:
../Core/Inc/j_st7789.h:94:13: warning: 'j_flag_set_bounds' defined but not used [-Wunused-variable]
   94 | static char j_flag_set_bounds = 1;
      |             ^~~~~~~~~~~~~~~~~
../Core/Inc/j_st7789.h:93:16: warning: 'j_bounds' defined but not used [-Wunused-variable]
   93 | static uint8_t j_bounds[] = {0,J_CFG_SCREEN_LENGTH,0,J_CFG_SCREEN_HEIGHT};
      |                ^~~~~~~~
In file included from ../Core/Inc/j_st7789.h:33:
../Core/Inc/j_fonts.h:338:24: warning: 'j_fonts' defined but not used [-Wunused-variable]
  338 | static const uint16_t* j_fonts[4] = {
      |                        ^~~~~~~
../Core/Inc/j_fonts.h:27:16: warning: 'j_fonts_buffer' defined but not used [-Wunused-variable]
   27 | static uint8_t j_fonts_buffer[J_FONT_BUFFER_SIZE];
      |                ^~~~~~~~~~~~~~
arm-none-eabi-gcc -o "PCB_MOTOR_STM.elf" @"objects.list"   -mcpu=cortex-m4 -T"C:\Users\jonar\JAARK\STM32\PCB_MOTOR_STM\STM32F446RETX_FLASH.ld" --specs=nosys.specs -Wl,-Map="PCB_MOTOR_STM.map" -Wl,--gc-sections -static --specs=nano.specs -mfpu=fpv4-sp-d16 -mfloat-abi=hard -mthumb -Wl,--start-group -lc -lm -Wl,--end-group
Finished building target: PCB_MOTOR_STM.elf
 
arm-none-eabi-size  PCB_MOTOR_STM.elf 
arm-none-eabi-objdump -h -S PCB_MOTOR_STM.elf  > "PCB_MOTOR_STM.list"
   text	   data	    bss	    dec	    hex	filename
  24964	    140	  41972	  67076	  10604	PCB_MOTOR_STM.elf
Finished building: default.size.stdout
 
Finished building: PCB_MOTOR_STM.list
 
08:00:13 **** Incremental Build of configuration Debug for project PCB_MOTOR_STM ****
make -j22 all 
arm-none-eabi-gcc "../Core/Src/j_st7789.c" -mcpu=cortex-m4 -std=gnu11 -g3 -DDEBUG -DUSE_HAL_DRIVER -DSTM32F446xx -c -I../Core/Inc -I../Drivers/STM32F4xx_HAL_Driver/Inc -I../Drivers/STM32F4xx_HAL_Driver/Inc/Legacy -I../Drivers/CMSIS/Device/ST/STM32F4xx/Include -I../Drivers/CMSIS/Include -O0 -ffunction-sections -fdata-sections -Wall -fstack-usage -fcyclomatic-complexity -MMD -MP -MF"Core/Src/j_st7789.d" -MT"Core/Src/j_st7789.o" --specs=nano.specs -mfpu=fpv4-sp-d16 -mfloat-abi=hard -mthumb -o "Core/Src/j_st7789.o"
../Core/Src/j_st7789.c: In function 'draw_text':
../Core/Src/j_st7789.c:102:26: warning: initialization discards 'const' qualifier from pointer target type [-Wdiscarded-qualifiers]
  102 |     uint16_t* char_ptr = char_ptr_ret(ch,font_size);
      |                          ^~~~~~~~~~~~
../Core/Src/j_st7789.c: In function 'fill_text_float':
../Core/Src/j_st7789.c:121:50: warning: 'return' with a value, in function returning void [-Wreturn-type]
  121 |         ret_str[0] = '0'; ret_str[1] = 0; return ret_str;
      |                                                  ^~~~~~~
../Core/Src/j_st7789.c:115:6: note: declared here
  115 | void fill_text_float(float num, uint8_t font_size, j_color FILL_COL) {
      |      ^~~~~~~~~~~~~~~
In file included from ../Core/Inc/j_st7789.h:33,
                 from ../Core/Src/j_st7789.c:7:
../Core/Inc/j_fonts.h: At top level:
../Core/Inc/j_fonts.h:338:24: warning: 'j_fonts' defined but not used [-Wunused-variable]
  338 | static const uint16_t* j_fonts[4] = {
      |                        ^~~~~~~
arm-none-eabi-gcc -o "PCB_MOTOR_STM.elf" @"objects.list"   -mcpu=cortex-m4 -T"C:\Users\jonar\JAARK\STM32\PCB_MOTOR_STM\STM32F446RETX_FLASH.ld" --specs=nosys.specs -Wl,-Map="PCB_MOTOR_STM.map" -Wl,--gc-sections -static --specs=nano.specs -mfpu=fpv4-sp-d16 -mfloat-abi=hard -mthumb -Wl,--start-group -lc -lm -Wl,--end-group
Finished building target: PCB_MOTOR_STM.elf
 
arm-none-eabi-size  PCB_MOTOR_STM.elf 
arm-none-eabi-objdump -h -S PCB_MOTOR_STM.elf  > "PCB_MOTOR_STM.list"
   text	   data	    bss	    dec	    hex	filename
  26668	    140	  41972	  68780	  10cac	PCB_MOTOR_STM.elf
Finished building: default.size.stdout
 
Finished building: PCB_MOTOR_STM.list
 
08:20:35 **** Incremental Build of configuration Debug for project PCB_MOTOR_STM ****
make -j22 all 
arm-none-eabi-size  PCB_MOTOR_STM.elf 
   text	   data	    bss	    dec	    hex	filename
  26668	    140	  41972	  68780	  10cac	PCB_MOTOR_STM.elf
Finished building: default.size.stdout
 
12:08:54 **** Incremental Build of configuration Debug for project PCB_MOTOR_STM ****
make -j22 all 
arm-none-eabi-gcc -mcpu=cortex-m4 -g3 -DDEBUG -c -x assembler-with-cpp -MMD -MP -MF"Core/Startup/startup_stm32f446retx.d" -MT"Core/Startup/startup_stm32f446retx.o" --specs=nano.specs -mfpu=fpv4-sp-d16 -mfloat-abi=hard -mthumb -o "Core/Startup/startup_stm32f446retx.o" "../Core/Startup/startup_stm32f446retx.s"
arm-none-eabi-gcc "../Core/Src/j_st7789.c" -mcpu=cortex-m4 -std=gnu11 -g3 -DDEBUG -DUSE_HAL_DRIVER -DSTM32F446xx -c -I../Core/Inc -I../Drivers/STM32F4xx_HAL_Driver/Inc -I../Drivers/STM32F4xx_HAL_Driver/Inc/Legacy -I../Drivers/CMSIS/Device/ST/STM32F4xx/Include -I../Drivers/CMSIS/Include -O0 -ffunction-sections -fdata-sections -Wall -fstack-usage -fcyclomatic-complexity -MMD -MP -MF"Core/Src/j_st7789.d" -MT"Core/Src/j_st7789.o" --specs=nano.specs -mfpu=fpv4-sp-d16 -mfloat-abi=hard -mthumb -o "Core/Src/j_st7789.o"
../Core/Src/j_st7789.c: In function 'draw_text':
../Core/Src/j_st7789.c:102:26: warning: initialization discards 'const' qualifier from pointer target type [-Wdiscarded-qualifiers]
  102 |     uint16_t* char_ptr = char_ptr_ret(ch,font_size);
      |                          ^~~~~~~~~~~~
../Core/Src/j_st7789.c: In function 'fill_text_float':
../Core/Src/j_st7789.c:121:50: warning: 'return' with a value, in function returning void [-Wreturn-type]
  121 |         ret_str[0] = '0'; ret_str[1] = 0; return ret_str;
      |                                                  ^~~~~~~
../Core/Src/j_st7789.c:115:6: note: declared here
  115 | void fill_text_float(float num, uint8_t font_size, j_color FILL_COL) {
      |      ^~~~~~~~~~~~~~~
In file included from ../Core/Inc/j_st7789.h:33,
                 from ../Core/Src/j_st7789.c:7:
../Core/Inc/j_fonts.h: At top level:
../Core/Inc/j_fonts.h:338:24: warning: 'j_fonts' defined but not used [-Wunused-variable]
  338 | static const uint16_t* j_fonts[4] = {
      |                        ^~~~~~~
arm-none-eabi-gcc -o "PCB_MOTOR_STM.elf" @"objects.list"   -mcpu=cortex-m4 -T"C:\Users\jonar\JAARK\STM32\PCB_MOTOR_STM\STM32F446RETX_FLASH.ld" --specs=nosys.specs -Wl,-Map="PCB_MOTOR_STM.map" -Wl,--gc-sections -static --specs=nano.specs -mfpu=fpv4-sp-d16 -mfloat-abi=hard -mthumb -Wl,--start-group -lc -lm -Wl,--end-group
Finished building target: PCB_MOTOR_STM.elf
 
arm-none-eabi-size  PCB_MOTOR_STM.elf 
arm-none-eabi-objdump -h -S PCB_MOTOR_STM.elf  > "PCB_MOTOR_STM.list"
   text	   data	    bss	    dec	    hex	filename
  26668	    140	  41972	  68780	  10cac	PCB_MOTOR_STM.elf
Finished building: default.size.stdout
 
Finished building: PCB_MOTOR_STM.list
 
12:09:40 **** Incremental Build of configuration Debug for project PCB_MOTOR_STM ****
make -j22 all 
arm-none-eabi-gcc "../Core/Src/j_st7789.c" -mcpu=cortex-m4 -std=gnu11 -g3 -DDEBUG -DUSE_HAL_DRIVER -DSTM32F446xx -c -I../Core/Inc -I../Drivers/STM32F4xx_HAL_Driver/Inc -I../Drivers/STM32F4xx_HAL_Driver/Inc/Legacy -I../Drivers/CMSIS/Device/ST/STM32F4xx/Include -I../Drivers/CMSIS/Include -O0 -ffunction-sections -fdata-sections -Wall -fstack-usage -fcyclomatic-complexity -MMD -MP -MF"Core/Src/j_st7789.d" -MT"Core/Src/j_st7789.o" --specs=nano.specs -mfpu=fpv4-sp-d16 -mfloat-abi=hard -mthumb -o "Core/Src/j_st7789.o"
../Core/Src/j_st7789.c: In function 'draw_text':
../Core/Src/j_st7789.c:102:26: warning: initialization discards 'const' qualifier from pointer target type [-Wdiscarded-qualifiers]
  102 |     uint16_t* char_ptr = char_ptr_ret(ch,font_size);
      |                          ^~~~~~~~~~~~
../Core/Src/j_st7789.c: In function 'fill_text_float':
../Core/Src/j_st7789.c:121:50: warning: 'return' with a value, in function returning void [-Wreturn-type]
  121 |         ret_str[0] = '0'; ret_str[1] = 0; return ret_str;
      |                                                  ^~~~~~~
../Core/Src/j_st7789.c:115:6: note: declared here
  115 | void fill_text_float(float num, uint8_t font_size, j_color FILL_COL) {
      |      ^~~~~~~~~~~~~~~
In file included from ../Core/Inc/j_st7789.h:33,
                 from ../Core/Src/j_st7789.c:7:
../Core/Inc/j_fonts.h: At top level:
../Core/Inc/j_fonts.h:338:24: warning: 'j_fonts' defined but not used [-Wunused-variable]
  338 | static const uint16_t* j_fonts[4] = {
      |                        ^~~~~~~
arm-none-eabi-gcc -o "PCB_MOTOR_STM.elf" @"objects.list"   -mcpu=cortex-m4 -T"C:\Users\jonar\JAARK\STM32\PCB_MOTOR_STM\STM32F446RETX_FLASH.ld" --specs=nosys.specs -Wl,-Map="PCB_MOTOR_STM.map" -Wl,--gc-sections -static --specs=nano.specs -mfpu=fpv4-sp-d16 -mfloat-abi=hard -mthumb -Wl,--start-group -lc -lm -Wl,--end-group
Finished building target: PCB_MOTOR_STM.elf
 
arm-none-eabi-size  PCB_MOTOR_STM.elf 
arm-none-eabi-objdump -h -S PCB_MOTOR_STM.elf  > "PCB_MOTOR_STM.list"
   text	   data	    bss	    dec	    hex	filename
  24976	    140	  41972	  67088	  10610	PCB_MOTOR_STM.elf
Finished building: default.size.stdout
 
Finished building: PCB_MOTOR_STM.list
 
12:10:06 **** Incremental Build of configuration Debug for project PCB_MOTOR_STM ****
make -j22 all 
arm-none-eabi-gcc "../Drivers/STM32F4xx_HAL_Driver/Src/stm32f4xx_hal.c" -mcpu=cortex-m4 -std=gnu11 -g3 -DDEBUG -DUSE_HAL_DRIVER -DSTM32F446xx -c -I../Core/Inc -I../Drivers/STM32F4xx_HAL_Driver/Inc -I../Drivers/STM32F4xx_HAL_Driver/Inc/Legacy -I../Drivers/CMSIS/Device/ST/STM32F4xx/Include -I../Drivers/CMSIS/Include -O0 -ffunction-sections -fdata-sections -Wall -fstack-usage -fcyclomatic-complexity -MMD -MP -MF"Drivers/STM32F4xx_HAL_Driver/Src/stm32f4xx_hal.d" -MT"Drivers/STM32F4xx_HAL_Driver/Src/stm32f4xx_hal.o" --specs=nano.specs -mfpu=fpv4-sp-d16 -mfloat-abi=hard -mthumb -o "Drivers/STM32F4xx_HAL_Driver/Src/stm32f4xx_hal.o"
arm-none-eabi-gcc "../Core/Src/main.c" -mcpu=cortex-m4 -std=gnu11 -g3 -DDEBUG -DUSE_HAL_DRIVER -DSTM32F446xx -c -I../Core/Inc -I../Drivers/STM32F4xx_HAL_Driver/Inc -I../Drivers/STM32F4xx_HAL_Driver/Inc/Legacy -I../Drivers/CMSIS/Device/ST/STM32F4xx/Include -I../Drivers/CMSIS/Include -O0 -ffunction-sections -fdata-sections -Wall -fstack-usage -fcyclomatic-complexity -MMD -MP -MF"Core/Src/main.d" -MT"Core/Src/main.o" --specs=nano.specs -mfpu=fpv4-sp-d16 -mfloat-abi=hard -mthumb -o "Core/Src/main.o"
../Drivers/STM32F4xx_HAL_Driver/Src/stm32f4xx_hal.c: In function 'HAL_InitTick':
../Drivers/STM32F4xx_HAL_Driver/Src/stm32f4xx_hal.c:256:1: warning: statement with no effect [-Wunused-value]
  256 | 10  if (HAL_SYSTICK_Config(SystemCoreClock / (1000U / uwTickFreq)) > 0U)
      | ^~
../Drivers/STM32F4xx_HAL_Driver/Src/stm32f4xx_hal.c:256:3: error: expected ';' before 'if'
  256 | 10  if (HAL_SYSTICK_Config(SystemCoreClock / (1000U / uwTickFreq)) > 0U)
      |   ^ ~~
      |   ;
../Drivers/STM32F4xx_HAL_Driver/Src/stm32f4xx_hal.c:274:1: warning: control reaches end of non-void function [-Wreturn-type]
  274 | }
      | ^
make: *** [Drivers/STM32F4xx_HAL_Driver/Src/subdir.mk:61: Drivers/STM32F4xx_HAL_Driver/Src/stm32f4xx_hal.o] Error 1
make: *** Waiting for unfinished jobs....
../Core/Src/main.c: In function 'main':
../Core/Src/main.c:113:13: warning: unused variable 'ret' [-Wunused-variable]
  113 |   uint16_t* ret;
      |             ^~~
../Core/Src/main.c:107:11: warning: unused variable 'col_text' [-Wunused-variable]
  107 |   j_color col_text[4] = {J_WHITE,J_GREEN,J_PINK,J_CYAN};
      |           ^~~~~~~~
../Core/Src/main.c:103:11: warning: unused variable 'val' [-Wunused-variable]
  103 |   uint8_t val[2] = {0xF0,0x0F};
      |           ^~~
In file included from ../Core/Src/main.c:30:
../Core/Inc/j_st7789.h: At top level:
../Core/Inc/j_st7789.h:94:13: warning: 'j_flag_set_bounds' defined but not used [-Wunused-variable]
   94 | static char j_flag_set_bounds = 1;
      |             ^~~~~~~~~~~~~~~~~
../Core/Inc/j_st7789.h:93:16: warning: 'j_bounds' defined but not used [-Wunused-variable]
   93 | static uint8_t j_bounds[] = {0,J_CFG_SCREEN_LENGTH,0,J_CFG_SCREEN_HEIGHT};
      |                ^~~~~~~~
In file included from ../Core/Inc/j_st7789.h:33:
../Core/Inc/j_fonts.h:338:24: warning: 'j_fonts' defined but not used [-Wunused-variable]
  338 | static const uint16_t* j_fonts[4] = {
      |                        ^~~~~~~
../Core/Inc/j_fonts.h:27:16: warning: 'j_fonts_buffer' defined but not used [-Wunused-variable]
   27 | static uint8_t j_fonts_buffer[J_FONT_BUFFER_SIZE];
      |                ^~~~~~~~~~~~~~
"make -j22 all" terminated with exit code 2. Build might be incomplete.
12:11:02 **** Incremental Build of configuration Debug for project PCB_MOTOR_STM ****
make -j22 all 
arm-none-eabi-gcc "../Drivers/STM32F4xx_HAL_Driver/Src/stm32f4xx_hal.c" -mcpu=cortex-m4 -std=gnu11 -g3 -DDEBUG -DUSE_HAL_DRIVER -DSTM32F446xx -c -I../Core/Inc -I../Drivers/STM32F4xx_HAL_Driver/Inc -I../Drivers/STM32F4xx_HAL_Driver/Inc/Legacy -I../Drivers/CMSIS/Device/ST/STM32F4xx/Include -I../Drivers/CMSIS/Include -O0 -ffunction-sections -fdata-sections -Wall -fstack-usage -fcyclomatic-complexity -MMD -MP -MF"Drivers/STM32F4xx_HAL_Driver/Src/stm32f4xx_hal.d" -MT"Drivers/STM32F4xx_HAL_Driver/Src/stm32f4xx_hal.o" --specs=nano.specs -mfpu=fpv4-sp-d16 -mfloat-abi=hard -mthumb -o "Drivers/STM32F4xx_HAL_Driver/Src/stm32f4xx_hal.o"
arm-none-eabi-gcc -o "PCB_MOTOR_STM.elf" @"objects.list"   -mcpu=cortex-m4 -T"C:\Users\jonar\JAARK\STM32\PCB_MOTOR_STM\STM32F446RETX_FLASH.ld" --specs=nosys.specs -Wl,-Map="PCB_MOTOR_STM.map" -Wl,--gc-sections -static --specs=nano.specs -mfpu=fpv4-sp-d16 -mfloat-abi=hard -mthumb -Wl,--start-group -lc -lm -Wl,--end-group
Finished building target: PCB_MOTOR_STM.elf
 
arm-none-eabi-size  PCB_MOTOR_STM.elf 
arm-none-eabi-objdump -h -S PCB_MOTOR_STM.elf  > "PCB_MOTOR_STM.list"
   text	   data	    bss	    dec	    hex	filename
  24980	    140	  41972	  67092	  10614	PCB_MOTOR_STM.elf
Finished building: default.size.stdout
 
Finished building: PCB_MOTOR_STM.list
 
12:11:58 **** Incremental Build of configuration Debug for project PCB_MOTOR_STM ****
make -j22 all 
arm-none-eabi-gcc "../Core/Src/main.c" -mcpu=cortex-m4 -std=gnu11 -g3 -DDEBUG -DUSE_HAL_DRIVER -DSTM32F446xx -c -I../Core/Inc -I../Drivers/STM32F4xx_HAL_Driver/Inc -I../Drivers/STM32F4xx_HAL_Driver/Inc/Legacy -I../Drivers/CMSIS/Device/ST/STM32F4xx/Include -I../Drivers/CMSIS/Include -O0 -ffunction-sections -fdata-sections -Wall -fstack-usage -fcyclomatic-complexity -MMD -MP -MF"Core/Src/main.d" -MT"Core/Src/main.o" --specs=nano.specs -mfpu=fpv4-sp-d16 -mfloat-abi=hard -mthumb -o "Core/Src/main.o"
../Core/Src/main.c: In function 'main':
../Core/Src/main.c:113:13: warning: unused variable 'ret' [-Wunused-variable]
  113 |   uint16_t* ret;
      |             ^~~
../Core/Src/main.c:107:11: warning: unused variable 'col_text' [-Wunused-variable]
  107 |   j_color col_text[4] = {J_WHITE,J_GREEN,J_PINK,J_CYAN};
      |           ^~~~~~~~
../Core/Src/main.c:103:11: warning: unused variable 'val' [-Wunused-variable]
  103 |   uint8_t val[2] = {0xF0,0x0F};
      |           ^~~
In file included from ../Core/Src/main.c:30:
../Core/Inc/j_st7789.h: At top level:
../Core/Inc/j_st7789.h:94:13: warning: 'j_flag_set_bounds' defined but not used [-Wunused-variable]
   94 | static char j_flag_set_bounds = 1;
      |             ^~~~~~~~~~~~~~~~~
../Core/Inc/j_st7789.h:93:16: warning: 'j_bounds' defined but not used [-Wunused-variable]
   93 | static uint8_t j_bounds[] = {0,J_CFG_SCREEN_LENGTH,0,J_CFG_SCREEN_HEIGHT};
      |                ^~~~~~~~
In file included from ../Core/Inc/j_st7789.h:33:
../Core/Inc/j_fonts.h:338:24: warning: 'j_fonts' defined but not used [-Wunused-variable]
  338 | static const uint16_t* j_fonts[4] = {
      |                        ^~~~~~~
../Core/Inc/j_fonts.h:27:16: warning: 'j_fonts_buffer' defined but not used [-Wunused-variable]
   27 | static uint8_t j_fonts_buffer[J_FONT_BUFFER_SIZE];
      |                ^~~~~~~~~~~~~~
arm-none-eabi-gcc -o "PCB_MOTOR_STM.elf" @"objects.list"   -mcpu=cortex-m4 -T"C:\Users\jonar\JAARK\STM32\PCB_MOTOR_STM\STM32F446RETX_FLASH.ld" --specs=nosys.specs -Wl,-Map="PCB_MOTOR_STM.map" -Wl,--gc-sections -static --specs=nano.specs -mfpu=fpv4-sp-d16 -mfloat-abi=hard -mthumb -Wl,--start-group -lc -lm -Wl,--end-group
Finished building target: PCB_MOTOR_STM.elf
 
arm-none-eabi-size  PCB_MOTOR_STM.elf 
arm-none-eabi-objdump -h -S PCB_MOTOR_STM.elf  > "PCB_MOTOR_STM.list"
   text	   data	    bss	    dec	    hex	filename
  24996	    140	  41972	  67108	  10624	PCB_MOTOR_STM.elf
Finished building: default.size.stdout
 
Finished building: PCB_MOTOR_STM.list
 
12:12:19 **** Incremental Build of configuration Debug for project PCB_MOTOR_STM ****
make -j22 all 
arm-none-eabi-size  PCB_MOTOR_STM.elf 
   text	   data	    bss	    dec	    hex	filename
  24996	    140	  41972	  67108	  10624	PCB_MOTOR_STM.elf
Finished building: default.size.stdout
 
12:13:21 **** Incremental Build of configuration Debug for project PCB_MOTOR_STM ****
make -j22 all 
arm-none-eabi-gcc "../Core/Src/j_st7789.c" -mcpu=cortex-m4 -std=gnu11 -g3 -DDEBUG -DUSE_HAL_DRIVER -DSTM32F446xx -c -I../Core/Inc -I../Drivers/STM32F4xx_HAL_Driver/Inc -I../Drivers/STM32F4xx_HAL_Driver/Inc/Legacy -I../Drivers/CMSIS/Device/ST/STM32F4xx/Include -I../Drivers/CMSIS/Include -O0 -ffunction-sections -fdata-sections -Wall -fstack-usage -fcyclomatic-complexity -MMD -MP -MF"Core/Src/j_st7789.d" -MT"Core/Src/j_st7789.o" --specs=nano.specs -mfpu=fpv4-sp-d16 -mfloat-abi=hard -mthumb -o "Core/Src/j_st7789.o"
../Core/Src/j_st7789.c: In function 'draw_text':
../Core/Src/j_st7789.c:102:26: warning: initialization discards 'const' qualifier from pointer target type [-Wdiscarded-qualifiers]
  102 |     uint16_t* char_ptr = char_ptr_ret(ch,font_size);
      |                          ^~~~~~~~~~~~
../Core/Src/j_st7789.c: In function 'fill_text_float':
../Core/Src/j_st7789.c:122:50: warning: 'return' with a value, in function returning void [-Wreturn-type]
  122 |         ret_str[0] = '0'; ret_str[1] = 0; return ret_str;
      |                                                  ^~~~~~~
../Core/Src/j_st7789.c:115:6: note: declared here
  115 | void fill_text_float(float num, uint8_t font_size, j_color FILL_COL) {
      |      ^~~~~~~~~~~~~~~
In file included from ../Core/Inc/j_st7789.h:33,
                 from ../Core/Src/j_st7789.c:7:
../Core/Inc/j_fonts.h: At top level:
../Core/Inc/j_fonts.h:338:24: warning: 'j_fonts' defined but not used [-Wunused-variable]
  338 | static const uint16_t* j_fonts[4] = {
      |                        ^~~~~~~
arm-none-eabi-gcc -o "PCB_MOTOR_STM.elf" @"objects.list"   -mcpu=cortex-m4 -T"C:\Users\jonar\JAARK\STM32\PCB_MOTOR_STM\STM32F446RETX_FLASH.ld" --specs=nosys.specs -Wl,-Map="PCB_MOTOR_STM.map" -Wl,--gc-sections -static --specs=nano.specs -mfpu=fpv4-sp-d16 -mfloat-abi=hard -mthumb -Wl,--start-group -lc -lm -Wl,--end-group
Finished building target: PCB_MOTOR_STM.elf
 
arm-none-eabi-size  PCB_MOTOR_STM.elf 
arm-none-eabi-objdump -h -S PCB_MOTOR_STM.elf  > "PCB_MOTOR_STM.list"
   text	   data	    bss	    dec	    hex	filename
  25016	    140	  41972	  67128	  10638	PCB_MOTOR_STM.elf
Finished building: default.size.stdout
 
Finished building: PCB_MOTOR_STM.list
 
12:14:52 **** Incremental Build of configuration Debug for project PCB_MOTOR_STM ****
make -j22 all 
arm-none-eabi-gcc "../Core/Src/j_st7789.c" -mcpu=cortex-m4 -std=gnu11 -g3 -DDEBUG -DUSE_HAL_DRIVER -DSTM32F446xx -c -I../Core/Inc -I../Drivers/STM32F4xx_HAL_Driver/Inc -I../Drivers/STM32F4xx_HAL_Driver/Inc/Legacy -I../Drivers/CMSIS/Device/ST/STM32F4xx/Include -I../Drivers/CMSIS/Include -O0 -ffunction-sections -fdata-sections -Wall -fstack-usage -fcyclomatic-complexity -MMD -MP -MF"Core/Src/j_st7789.d" -MT"Core/Src/j_st7789.o" --specs=nano.specs -mfpu=fpv4-sp-d16 -mfloat-abi=hard -mthumb -o "Core/Src/j_st7789.o"
../Core/Src/j_st7789.c: In function 'draw_text':
../Core/Src/j_st7789.c:102:26: warning: initialization discards 'const' qualifier from pointer target type [-Wdiscarded-qualifiers]
  102 |     uint16_t* char_ptr = char_ptr_ret(ch,font_size);
      |                          ^~~~~~~~~~~~
../Core/Src/j_st7789.c: In function 'fill_text_float':
../Core/Src/j_st7789.c:121:50: warning: 'return' with a value, in function returning void [-Wreturn-type]
  121 |         ret_str[0] = '0'; ret_str[1] = 0; return ret_str;
      |                                                  ^~~~~~~
../Core/Src/j_st7789.c:115:6: note: declared here
  115 | void fill_text_float(float num, uint8_t font_size, j_color FILL_COL) {
      |      ^~~~~~~~~~~~~~~
In file included from ../Core/Inc/j_st7789.h:33,
                 from ../Core/Src/j_st7789.c:7:
../Core/Inc/j_fonts.h: At top level:
../Core/Inc/j_fonts.h:338:24: warning: 'j_fonts' defined but not used [-Wunused-variable]
  338 | static const uint16_t* j_fonts[4] = {
      |                        ^~~~~~~
arm-none-eabi-gcc -o "PCB_MOTOR_STM.elf" @"objects.list"   -mcpu=cortex-m4 -T"C:\Users\jonar\JAARK\STM32\PCB_MOTOR_STM\STM32F446RETX_FLASH.ld" --specs=nosys.specs -Wl,-Map="PCB_MOTOR_STM.map" -Wl,--gc-sections -static --specs=nano.specs -mfpu=fpv4-sp-d16 -mfloat-abi=hard -mthumb -Wl,--start-group -lc -lm -Wl,--end-group
Finished building target: PCB_MOTOR_STM.elf
 
arm-none-eabi-size  PCB_MOTOR_STM.elf 
arm-none-eabi-objdump -h -S PCB_MOTOR_STM.elf  > "PCB_MOTOR_STM.list"
   text	   data	    bss	    dec	    hex	filename
  26716	    140	  41972	  68828	  10cdc	PCB_MOTOR_STM.elf
Finished building: default.size.stdout
 
Finished building: PCB_MOTOR_STM.list
 
12:19:16 **** Incremental Build of configuration Debug for project PCB_MOTOR_STM ****
make -j22 all 
arm-none-eabi-gcc "../Core/Src/j_st7789.c" -mcpu=cortex-m4 -std=gnu11 -g3 -DDEBUG -DUSE_HAL_DRIVER -DSTM32F446xx -c -I../Core/Inc -I../Drivers/STM32F4xx_HAL_Driver/Inc -I../Drivers/STM32F4xx_HAL_Driver/Inc/Legacy -I../Drivers/CMSIS/Device/ST/STM32F4xx/Include -I../Drivers/CMSIS/Include -O0 -ffunction-sections -fdata-sections -Wall -fstack-usage -fcyclomatic-complexity -MMD -MP -MF"Core/Src/j_st7789.d" -MT"Core/Src/j_st7789.o" --specs=nano.specs -mfpu=fpv4-sp-d16 -mfloat-abi=hard -mthumb -o "Core/Src/j_st7789.o"
arm-none-eabi-gcc "../Core/Src/main.c" -mcpu=cortex-m4 -std=gnu11 -g3 -DDEBUG -DUSE_HAL_DRIVER -DSTM32F446xx -c -I../Core/Inc -I../Drivers/STM32F4xx_HAL_Driver/Inc -I../Drivers/STM32F4xx_HAL_Driver/Inc/Legacy -I../Drivers/CMSIS/Device/ST/STM32F4xx/Include -I../Drivers/CMSIS/Include -O0 -ffunction-sections -fdata-sections -Wall -fstack-usage -fcyclomatic-complexity -MMD -MP -MF"Core/Src/main.d" -MT"Core/Src/main.o" --specs=nano.specs -mfpu=fpv4-sp-d16 -mfloat-abi=hard -mthumb -o "Core/Src/main.o"
../Core/Src/main.c: In function 'main':
../Core/Src/main.c:122:9: error: conflicting types for 's'; have 'float'
  122 |   float s = 0
      |         ^
../Core/Src/main.c:121:7: note: previous definition of 's' with type 'int'
  121 |   int s = 0;
      |       ^
../Core/Src/main.c:124:3: error: expected ',' or ';' before 'while'
  124 |   while (1)
      |   ^~~~~
../Core/Src/main.c:122:9: warning: unused variable 's' [-Wunused-variable]
  122 |   float s = 0
      |         ^
../Core/Src/main.c:120:8: warning: unused variable 'text1' [-Wunused-variable]
  120 |   char text1[] = "LCD Test";
      |        ^~~~~
../Core/Src/main.c:119:8: warning: unused variable 'number' [-Wunused-variable]
  119 |   char number[] = "0";
      |        ^~~~~~
../Core/Src/main.c:113:13: warning: unused variable 'ret' [-Wunused-variable]
  113 |   uint16_t* ret;
      |             ^~~
../Core/Src/main.c:108:11: warning: unused variable 'i' [-Wunused-variable]
  108 |   uint8_t i = 5;
      |           ^
../Core/Src/main.c:107:11: warning: unused variable 'col_text' [-Wunused-variable]
  107 |   j_color col_text[4] = {J_WHITE,J_GREEN,J_PINK,J_CYAN};
      |           ^~~~~~~~
../Core/Src/main.c:106:11: warning: unused variable 'col' [-Wunused-variable]
  106 |   j_color col[4] = {J_BLUE, J_RED, J_BLACK, J_PINK};
      |           ^~~
../Core/Src/main.c:103:11: warning: unused variable 'val' [-Wunused-variable]
  103 |   uint8_t val[2] = {0xF0,0x0F};
      |           ^~~
In file included from ../Core/Src/main.c:30:
../Core/Inc/j_st7789.h: At top level:
../Core/Src/j_st7789.c: In function 'draw_text':
../Core/Inc/j_st7789.h:94:13: warning: 'j_flag_set_bounds' defined but not used [-Wunused-variable]
   94 | static char j_flag_set_bounds = 1;
      |             ^~~~~~~~~~~~~~~~~
../Core/Inc/j_st7789.h:93:16: warning: 'j_bounds' defined but not used [-Wunused-variable]
   93 | static uint8_t j_bounds[] = {0,J_CFG_SCREEN_LENGTH,0,J_CFG_SCREEN_HEIGHT};
      |                ^~~~~~~~
../Core/Src/j_st7789.c:102:26: warning: initialization discards 'const' qualifier from pointer target type [-Wdiscarded-qualifiers]
  102 |     uint16_t* char_ptr = char_ptr_ret(ch,font_size);
      |                          ^~~~~~~~~~~~
In file included from ../Core/Inc/j_st7789.h:33:
../Core/Inc/j_fonts.h:338:24: warning: 'j_fonts' defined but not used [-Wunused-variable]
  338 | static const uint16_t* j_fonts[4] = {
      |                        ^~~~~~~
../Core/Inc/j_fonts.h:27:16: warning: 'j_fonts_buffer' defined but not used [-Wunused-variable]
   27 | static uint8_t j_fonts_buffer[J_FONT_BUFFER_SIZE];
      |                ^~~~~~~~~~~~~~
../Core/Src/j_st7789.c: At top level:
../Core/Src/j_st7789.c:115:6: error: conflicting types for 'fill_text_float'; have 'void(uint8_t,  uint8_t,  float,  uint8_t,  j_color)' {aka 'void(unsigned char,  unsigned char,  float,  unsigned char,  j_color)'}
  115 | void fill_text_float(uint8_t x, uint8_t y, float num, uint8_t font_size, j_color FILL_COL) {
      |      ^~~~~~~~~~~~~~~
In file included from ../Core/Src/j_st7789.c:7:
../Core/Inc/j_st7789.h:137:6: note: previous declaration of 'fill_text_float' with type 'void(float,  uint8_t,  j_color)' {aka 'void(float,  unsigned char,  j_color)'}
  137 | void fill_text_float(float num, uint8_t font_size, j_color FILL_COL);
      |      ^~~~~~~~~~~~~~~
../Core/Src/j_st7789.c: In function 'fill_text_float':
../Core/Src/j_st7789.c:121:50: warning: 'return' with a value, in function returning void [-Wreturn-type]
  121 |         ret_str[0] = '0'; ret_str[1] = 0; return ret_str;
      |                                                  ^~~~~~~
../Core/Src/j_st7789.c:115:6: note: declared here
  115 | void fill_text_float(uint8_t x, uint8_t y, float num, uint8_t font_size, j_color FILL_COL) {
      |      ^~~~~~~~~~~~~~~
In file included from ../Core/Inc/j_st7789.h:33:
../Core/Inc/j_fonts.h: At top level:
../Core/Inc/j_fonts.h:338:24: warning: 'j_fonts' defined but not used [-Wunused-variable]
  338 | static const uint16_t* j_fonts[4] = {
      |                        ^~~~~~~
make: *** [Core/Src/subdir.mk:52: Core/Src/main.o] Error 1
make: *** Waiting for unfinished jobs....
make: *** [Core/Src/subdir.mk:52: Core/Src/j_st7789.o] Error 1
"make -j22 all" terminated with exit code 2. Build might be incomplete.
12:19:24 **** Incremental Build of configuration Debug for project PCB_MOTOR_STM ****
make -j22 all 
arm-none-eabi-gcc "../Core/Src/j_st7789.c" -mcpu=cortex-m4 -std=gnu11 -g3 -DDEBUG -DUSE_HAL_DRIVER -DSTM32F446xx -c -I../Core/Inc -I../Drivers/STM32F4xx_HAL_Driver/Inc -I../Drivers/STM32F4xx_HAL_Driver/Inc/Legacy -I../Drivers/CMSIS/Device/ST/STM32F4xx/Include -I../Drivers/CMSIS/Include -O0 -ffunction-sections -fdata-sections -Wall -fstack-usage -fcyclomatic-complexity -MMD -MP -MF"Core/Src/j_st7789.d" -MT"Core/Src/j_st7789.o" --specs=nano.specs -mfpu=fpv4-sp-d16 -mfloat-abi=hard -mthumb -o "Core/Src/j_st7789.o"
arm-none-eabi-gcc "../Core/Src/main.c" -mcpu=cortex-m4 -std=gnu11 -g3 -DDEBUG -DUSE_HAL_DRIVER -DSTM32F446xx -c -I../Core/Inc -I../Drivers/STM32F4xx_HAL_Driver/Inc -I../Drivers/STM32F4xx_HAL_Driver/Inc/Legacy -I../Drivers/CMSIS/Device/ST/STM32F4xx/Include -I../Drivers/CMSIS/Include -O0 -ffunction-sections -fdata-sections -Wall -fstack-usage -fcyclomatic-complexity -MMD -MP -MF"Core/Src/main.d" -MT"Core/Src/main.o" --specs=nano.specs -mfpu=fpv4-sp-d16 -mfloat-abi=hard -mthumb -o "Core/Src/main.o"
../Core/Src/j_st7789.c: In function 'draw_text':
[...]
      |                ^~~~~~~~~~~~~~
arm-none-eabi-gcc -o "PCB_MOTOR_STM.elf" @"objects.list"   -mcpu=cortex-m4 -T"C:\Users\jonar\JAARK\STM32\PCB_MOTOR_STM\STM32F446RETX_FLASH.ld" --specs=nosys.specs -Wl,-Map="PCB_MOTOR_STM.map" -Wl,--gc-sections -static --specs=nano.specs -mfpu=fpv4-sp-d16 -mfloat-abi=hard -mthumb -u _printf_float -Wl,--start-group -lc -lm -Wl,--end-group
Finished building target: PCB_MOTOR_STM.elf
 
arm-none-eabi-size  PCB_MOTOR_STM.elf 
arm-none-eabi-objdump -h -S PCB_MOTOR_STM.elf  > "PCB_MOTOR_STM.list"
   text	   data	    bss	    dec	    hex	filename
  41212	    504	  42056	  83772	  1473c	PCB_MOTOR_STM.elf
Finished building: default.size.stdout
 
Finished building: PCB_MOTOR_STM.list
 
00:42:58 **** Incremental Build of configuration Debug for project PCB_MOTOR_STM ****
make -j22 all 
arm-none-eabi-gcc "../Core/Src/main.c" -mcpu=cortex-m4 -std=gnu11 -g3 -DDEBUG -DUSE_HAL_DRIVER -DSTM32F446xx -c -I../Core/Inc -I../Drivers/STM32F4xx_HAL_Driver/Inc -I../Drivers/STM32F4xx_HAL_Driver/Inc/Legacy -I../Drivers/CMSIS/Device/ST/STM32F4xx/Include -I../Drivers/CMSIS/Include -O0 -ffunction-sections -fdata-sections -Wall -fstack-usage -fcyclomatic-complexity -MMD -MP -MF"Core/Src/main.d" -MT"Core/Src/main.o" --specs=nano.specs -mfpu=fpv4-sp-d16 -mfloat-abi=hard -mthumb -o "Core/Src/main.o"
../Core/Src/main.c: In function 'main':
../Core/Src/main.c:166:19: error: 'sensor_timer' undeclared (first use in this function); did you mean 'sensor_time'?
  166 |     printf("%d\n",sensor_timer);
      |                   ^~~~~~~~~~~~
      |                   sensor_time
../Core/Src/main.c:166:19: note: each undeclared identifier is reported only once for each function it appears in
../Core/Src/main.c:139:9: warning: variable 's' set but not used [-Wunused-but-set-variable]
  139 |   float s, prev_s;
      |         ^
In file included from ../Core/Src/main.c:28:
../Core/Inc/j_st7789.h: At top level:
../Core/Inc/j_st7789.h:106:13: warning: 'j_flag_set_bounds' defined but not used [-Wunused-variable]
  106 | static char j_flag_set_bounds = 1;
      |             ^~~~~~~~~~~~~~~~~
../Core/Inc/j_st7789.h:105:16: warning: 'j_bounds' defined but not used [-Wunused-variable]
  105 | static uint8_t j_bounds[] = {0,J_CFG_SCREEN_LENGTH,0,J_CFG_SCREEN_HEIGHT};
      |                ^~~~~~~~
In file included from ../Core/Inc/j_st7789.h:37:
../Core/Inc/j_fonts.h:338:24: warning: 'j_fonts' defined but not used [-Wunused-variable]
  338 | static const uint16_t* j_fonts[4] = {
      |                        ^~~~~~~
../Core/Inc/j_fonts.h:27:16: warning: 'j_fonts_buffer' defined but not used [-Wunused-variable]
   27 | static uint8_t j_fonts_buffer[J_FONT_BUFFER_SIZE];
      |                ^~~~~~~~~~~~~~
make: *** [Core/Src/subdir.mk:55: Core/Src/main.o] Error 1
"make -j22 all" terminated with exit code 2. Build might be incomplete.
00:43:16 **** Incremental Build of configuration Debug for project PCB_MOTOR_STM ****
make -j22 all 
arm-none-eabi-gcc "../Core/Src/main.c" -mcpu=cortex-m4 -std=gnu11 -g3 -DDEBUG -DUSE_HAL_DRIVER -DSTM32F446xx -c -I../Core/Inc -I../Drivers/STM32F4xx_HAL_Driver/Inc -I../Drivers/STM32F4xx_HAL_Driver/Inc/Legacy -I../Drivers/CMSIS/Device/ST/STM32F4xx/Include -I../Drivers/CMSIS/Include -O0 -ffunction-sections -fdata-sections -Wall -fstack-usage -fcyclomatic-complexity -MMD -MP -MF"Core/Src/main.d" -MT"Core/Src/main.o" --specs=nano.specs -mfpu=fpv4-sp-d16 -mfloat-abi=hard -mthumb -o "Core/Src/main.o"
../Core/Src/main.c: In function 'main':
../Core/Src/main.c:166:14: warning: format '%d' expects argument of type 'int', but argument 2 has type 'uint32_t' {aka 'long unsigned int'} [-Wformat=]
  166 |     printf("%d\n",sensor_time);
      |             ~^    ~~~~~~~~~~~
      |              |    |
      |              int  uint32_t {aka long unsigned int}
      |             %ld
../Core/Src/main.c:139:9: warning: variable 's' set but not used [-Wunused-but-set-variable]
  139 |   float s, prev_s;
      |         ^
In file included from ../Core/Src/main.c:28:
../Core/Inc/j_st7789.h: At top level:
../Core/Inc/j_st7789.h:106:13: warning: 'j_flag_set_bounds' defined but not used [-Wunused-variable]
  106 | static char j_flag_set_bounds = 1;
      |             ^~~~~~~~~~~~~~~~~
../Core/Inc/j_st7789.h:105:16: warning: 'j_bounds' defined but not used [-Wunused-variable]
  105 | static uint8_t j_bounds[] = {0,J_CFG_SCREEN_LENGTH,0,J_CFG_SCREEN_HEIGHT};
      |                ^~~~~~~~
In file included from ../Core/Inc/j_st7789.h:37:
../Core/Inc/j_fonts.h:338:24: warning: 'j_fonts' defined but not used [-Wunused-variable]
  338 | static const uint16_t* j_fonts[4] = {
      |                        ^~~~~~~
../Core/Inc/j_fonts.h:27:16: warning: 'j_fonts_buffer' defined but not used [-Wunused-variable]
   27 | static uint8_t j_fonts_buffer[J_FONT_BUFFER_SIZE];
      |                ^~~~~~~~~~~~~~
arm-none-eabi-gcc -o "PCB_MOTOR_STM.elf" @"objects.list"   -mcpu=cortex-m4 -T"C:\Users\jonar\JAARK\STM32\PCB_MOTOR_STM\STM32F446RETX_FLASH.ld" --specs=nosys.specs -Wl,-Map="PCB_MOTOR_STM.map" -Wl,--gc-sections -static --specs=nano.specs -mfpu=fpv4-sp-d16 -mfloat-abi=hard -mthumb -u _printf_float -Wl,--start-group -lc -lm -Wl,--end-group
Finished building target: PCB_MOTOR_STM.elf
 
arm-none-eabi-size  PCB_MOTOR_STM.elf 
arm-none-eabi-objdump -h -S PCB_MOTOR_STM.elf  > "PCB_MOTOR_STM.list"
   text	   data	    bss	    dec	    hex	filename
  41204	    504	  42056	  83764	  14734	PCB_MOTOR_STM.elf
Finished building: default.size.stdout
 
Finished building: PCB_MOTOR_STM.list
 
00:48:22 **** Incremental Build of configuration Debug for project PCB_MOTOR_STM ****
make -j22 all 
arm-none-eabi-gcc "../Core/Src/main.c" -mcpu=cortex-m4 -std=gnu11 -g3 -DDEBUG -DUSE_HAL_DRIVER -DSTM32F446xx -c -I../Core/Inc -I../Drivers/STM32F4xx_HAL_Driver/Inc -I../Drivers/STM32F4xx_HAL_Driver/Inc/Legacy -I../Drivers/CMSIS/Device/ST/STM32F4xx/Include -I../Drivers/CMSIS/Include -O0 -ffunction-sections -fdata-sections -Wall -fstack-usage -fcyclomatic-complexity -MMD -MP -MF"Core/Src/main.d" -MT"Core/Src/main.o" --specs=nano.specs -mfpu=fpv4-sp-d16 -mfloat-abi=hard -mthumb -o "Core/Src/main.o"
../Core/Src/main.c: In function 'main':
../Core/Src/main.c:165:27: warning: format '%d' expects argument of type 'int', but argument 2 has type 'uint32_t' {aka 'long unsigned int'} [-Wformat=]
  165 |     printf("sensor_time: %d\nsensor_time_seconds: %lf\n",sensor_time,sensor_time_seconds);
      |                          ~^                              ~~~~~~~~~~~
      |                           |                              |
      |                           int                            uint32_t {aka long unsigned int}
      |                          %ld
../Core/Src/main.c:139:9: warning: variable 's' set but not used [-Wunused-but-set-variable]
  139 |   float s, prev_s;
      |         ^
In file included from ../Core/Src/main.c:28:
../Core/Inc/j_st7789.h: At top level:
../Core/Inc/j_st7789.h:106:13: warning: 'j_flag_set_bounds' defined but not used [-Wunused-variable]
  106 | static char j_flag_set_bounds = 1;
      |             ^~~~~~~~~~~~~~~~~
../Core/Inc/j_st7789.h:105:16: warning: 'j_bounds' defined but not used [-Wunused-variable]
  105 | static uint8_t j_bounds[] = {0,J_CFG_SCREEN_LENGTH,0,J_CFG_SCREEN_HEIGHT};
      |                ^~~~~~~~
In file included from ../Core/Inc/j_st7789.h:37:
../Core/Inc/j_fonts.h:338:24: warning: 'j_fonts' defined but not used [-Wunused-variable]
  338 | static const uint16_t* j_fonts[4] = {
      |                        ^~~~~~~
../Core/Inc/j_fonts.h:27:16: warning: 'j_fonts_buffer' defined but not used [-Wunused-variable]
   27 | static uint8_t j_fonts_buffer[J_FONT_BUFFER_SIZE];
      |                ^~~~~~~~~~~~~~
arm-none-eabi-gcc -o "PCB_MOTOR_STM.elf" @"objects.list"   -mcpu=cortex-m4 -T"C:\Users\jonar\JAARK\STM32\PCB_MOTOR_STM\STM32F446RETX_FLASH.ld" --specs=nosys.specs -Wl,-Map="PCB_MOTOR_STM.map" -Wl,--gc-sections -static --specs=nano.specs -mfpu=fpv4-sp-d16 -mfloat-abi=hard -mthumb -u _printf_float -Wl,--start-group -lc -lm -Wl,--end-group
Finished building target: PCB_MOTOR_STM.elf
 
arm-none-eabi-size  PCB_MOTOR_STM.elf 
arm-none-eabi-objdump -h -S PCB_MOTOR_STM.elf  > "PCB_MOTOR_STM.list"
   text	   data	    bss	    dec	    hex	filename
  41252	    504	  42056	  83812	  14764	PCB_MOTOR_STM.elf
Finished building: default.size.stdout
 
Finished building: PCB_MOTOR_STM.list
 
00:49:07 **** Incremental Build of configuration Debug for project PCB_MOTOR_STM ****
make -j22 all 
arm-none-eabi-gcc "../Core/Src/main.c" -mcpu=cortex-m4 -std=gnu11 -g3 -DDEBUG -DUSE_HAL_DRIVER -DSTM32F446xx -c -I../Core/Inc -I../Drivers/STM32F4xx_HAL_Driver/Inc -I../Drivers/STM32F4xx_HAL_Driver/Inc/Legacy -I../Drivers/CMSIS/Device/ST/STM32F4xx/Include -I../Drivers/CMSIS/Include -O0 -ffunction-sections -fdata-sections -Wall -fstack-usage -fcyclomatic-complexity -MMD -MP -MF"Core/Src/main.d" -MT"Core/Src/main.o" --specs=nano.specs -mfpu=fpv4-sp-d16 -mfloat-abi=hard -mthumb -o "Core/Src/main.o"
../Core/Src/main.c: In function 'main':
../Core/Src/main.c:165:27: warning: format '%d' expects argument of type 'int', but argument 2 has type 'uint32_t' {aka 'long unsigned int'} [-Wformat=]
  165 |     printf("sensor_time: %d\nsensor_time_seconds: %lf\n",sensor_time,sensor_time_seconds);
      |                          ~^                              ~~~~~~~~~~~
      |                           |                              |
      |                           int                            uint32_t {aka long unsigned int}
      |                          %ld
../Core/Src/main.c:139:9: warning: variable 's' set but not used [-Wunused-but-set-variable]
  139 |   float s, prev_s;
      |         ^
In file included from ../Core/Src/main.c:28:
../Core/Inc/j_st7789.h: At top level:
../Core/Inc/j_st7789.h:106:13: warning: 'j_flag_set_bounds' defined but not used [-Wunused-variable]
  106 | static char j_flag_set_bounds = 1;
      |             ^~~~~~~~~~~~~~~~~
../Core/Inc/j_st7789.h:105:16: warning: 'j_bounds' defined but not used [-Wunused-variable]
  105 | static uint8_t j_bounds[] = {0,J_CFG_SCREEN_LENGTH,0,J_CFG_SCREEN_HEIGHT};
      |                ^~~~~~~~
In file included from ../Core/Inc/j_st7789.h:37:
../Core/Inc/j_fonts.h:338:24: warning: 'j_fonts' defined but not used [-Wunused-variable]
  338 | static const uint16_t* j_fonts[4] = {
      |                        ^~~~~~~
../Core/Inc/j_fonts.h:27:16: warning: 'j_fonts_buffer' defined but not used [-Wunused-variable]
   27 | static uint8_t j_fonts_buffer[J_FONT_BUFFER_SIZE];
      |                ^~~~~~~~~~~~~~
arm-none-eabi-gcc -o "PCB_MOTOR_STM.elf" @"objects.list"   -mcpu=cortex-m4 -T"C:\Users\jonar\JAARK\STM32\PCB_MOTOR_STM\STM32F446RETX_FLASH.ld" --specs=nosys.specs -Wl,-Map="PCB_MOTOR_STM.map" -Wl,--gc-sections -static --specs=nano.specs -mfpu=fpv4-sp-d16 -mfloat-abi=hard -mthumb -u _printf_float -Wl,--start-group -lc -lm -Wl,--end-group
Finished building target: PCB_MOTOR_STM.elf
 
arm-none-eabi-size  PCB_MOTOR_STM.elf 
arm-none-eabi-objdump -h -S PCB_MOTOR_STM.elf  > "PCB_MOTOR_STM.list"
   text	   data	    bss	    dec	    hex	filename
  41460	    504	  42056	  84020	  14834	PCB_MOTOR_STM.elf
Finished building: default.size.stdout
 
Finished building: PCB_MOTOR_STM.list
 
00:50:26 **** Incremental Build of configuration Debug for project PCB_MOTOR_STM ****
make -j22 all 
arm-none-eabi-gcc "../Core/Src/main.c" -mcpu=cortex-m4 -std=gnu11 -g3 -DDEBUG -DUSE_HAL_DRIVER -DSTM32F446xx -c -I../Core/Inc -I../Drivers/STM32F4xx_HAL_Driver/Inc -I../Drivers/STM32F4xx_HAL_Driver/Inc/Legacy -I../Drivers/CMSIS/Device/ST/STM32F4xx/Include -I../Drivers/CMSIS/Include -O0 -ffunction-sections -fdata-sections -Wall -fstack-usage -fcyclomatic-complexity -MMD -MP -MF"Core/Src/main.d" -MT"Core/Src/main.o" --specs=nano.specs -mfpu=fpv4-sp-d16 -mfloat-abi=hard -mthumb -o "Core/Src/main.o"
../Core/Src/main.c: In function 'main':
../Core/Src/main.c:165:27: warning: format '%d' expects argument of type 'int', but argument 2 has type 'uint32_t' {aka 'long unsigned int'} [-Wformat=]
  165 |     printf("sensor_time: %d\nsensor_time_seconds: %lf\n",sensor_time,sensor_time_seconds);
      |                          ~^                              ~~~~~~~~~~~
      |                           |                              |
      |                           int                            uint32_t {aka long unsigned int}
      |                          %ld
../Core/Src/main.c:139:9: warning: variable 's' set but not used [-Wunused-but-set-variable]
  139 |   float s, prev_s;
      |         ^
In file included from ../Core/Src/main.c:28:
../Core/Inc/j_st7789.h: At top level:
../Core/Inc/j_st7789.h:106:13: warning: 'j_flag_set_bounds' defined but not used [-Wunused-variable]
  106 | static char j_flag_set_bounds = 1;
      |             ^~~~~~~~~~~~~~~~~
../Core/Inc/j_st7789.h:105:16: warning: 'j_bounds' defined but not used [-Wunused-variable]
  105 | static uint8_t j_bounds[] = {0,J_CFG_SCREEN_LENGTH,0,J_CFG_SCREEN_HEIGHT};
      |                ^~~~~~~~
In file included from ../Core/Inc/j_st7789.h:37:
../Core/Inc/j_fonts.h:338:24: warning: 'j_fonts' defined but not used [-Wunused-variable]
  338 | static const uint16_t* j_fonts[4] = {
      |                        ^~~~~~~
../Core/Inc/j_fonts.h:27:16: warning: 'j_fonts_buffer' defined but not used [-Wunused-variable]
   27 | static uint8_t j_fonts_buffer[J_FONT_BUFFER_SIZE];
      |                ^~~~~~~~~~~~~~
arm-none-eabi-gcc -o "PCB_MOTOR_STM.elf" @"objects.list"   -mcpu=cortex-m4 -T"C:\Users\jonar\JAARK\STM32\PCB_MOTOR_STM\STM32F446RETX_FLASH.ld" --specs=nosys.specs -Wl,-Map="PCB_MOTOR_STM.map" -Wl,--gc-sections -static --specs=nano.specs -mfpu=fpv4-sp-d16 -mfloat-abi=hard -mthumb -u _printf_float -Wl,--start-group -lc -lm -Wl,--end-group
Finished building target: PCB_MOTOR_STM.elf
 
arm-none-eabi-size  PCB_MOTOR_STM.elf 
arm-none-eabi-objdump -h -S PCB_MOTOR_STM.elf  > "PCB_MOTOR_STM.list"
   text	   data	    bss	    dec	    hex	filename
  41444	    504	  42056	  84004	  14824	PCB_MOTOR_STM.elf
Finished building: default.size.stdout
 
Finished building: PCB_MOTOR_STM.list
 
00:51:30 **** Incremental Build of configuration Debug for project PCB_MOTOR_STM ****
make -j22 all 
arm-none-eabi-gcc "../Core/Src/main.c" -mcpu=cortex-m4 -std=gnu11 -g3 -DDEBUG -DUSE_HAL_DRIVER -DSTM32F446xx -c -I../Core/Inc -I../Drivers/STM32F4xx_HAL_Driver/Inc -I../Drivers/STM32F4xx_HAL_Driver/Inc/Legacy -I../Drivers/CMSIS/Device/ST/STM32F4xx/Include -I../Drivers/CMSIS/Include -O0 -ffunction-sections -fdata-sections -Wall -fstack-usage -fcyclomatic-complexity -MMD -MP -MF"Core/Src/main.d" -MT"Core/Src/main.o" --specs=nano.specs -mfpu=fpv4-sp-d16 -mfloat-abi=hard -mthumb -o "Core/Src/main.o"
../Core/Src/main.c: In function 'main':
../Core/Src/main.c:165:27: warning: format '%d' expects argument of type 'int', but argument 2 has type 'uint32_t' {aka 'long unsigned int'} [-Wformat=]
  165 |     printf("sensor_time: %d\nsensor_time_seconds: %lf\n",sensor_time,sensor_time_seconds);
      |                          ~^                              ~~~~~~~~~~~
      |                           |                              |
      |                           int                            uint32_t {aka long unsigned int}
      |                          %ld
../Core/Src/main.c:139:9: warning: variable 's' set but not used [-Wunused-but-set-variable]
  139 |   float s, prev_s;
      |         ^
In file included from ../Core/Src/main.c:28:
../Core/Inc/j_st7789.h: At top level:
../Core/Inc/j_st7789.h:106:13: warning: 'j_flag_set_bounds' defined but not used [-Wunused-variable]
  106 | static char j_flag_set_bounds = 1;
      |             ^~~~~~~~~~~~~~~~~
../Core/Inc/j_st7789.h:105:16: warning: 'j_bounds' defined but not used [-Wunused-variable]
  105 | static uint8_t j_bounds[] = {0,J_CFG_SCREEN_LENGTH,0,J_CFG_SCREEN_HEIGHT};
      |                ^~~~~~~~
In file included from ../Core/Inc/j_st7789.h:37:
../Core/Inc/j_fonts.h:338:24: warning: 'j_fonts' defined but not used [-Wunused-variable]
  338 | static const uint16_t* j_fonts[4] = {
      |                        ^~~~~~~
../Core/Inc/j_fonts.h:27:16: warning: 'j_fonts_buffer' defined but not used [-Wunused-variable]
   27 | static uint8_t j_fonts_buffer[J_FONT_BUFFER_SIZE];
      |                ^~~~~~~~~~~~~~
arm-none-eabi-gcc -o "PCB_MOTOR_STM.elf" @"objects.list"   -mcpu=cortex-m4 -T"C:\Users\jonar\JAARK\STM32\PCB_MOTOR_STM\STM32F446RETX_FLASH.ld" --specs=nosys.specs -Wl,-Map="PCB_MOTOR_STM.map" -Wl,--gc-sections -static --specs=nano.specs -mfpu=fpv4-sp-d16 -mfloat-abi=hard -mthumb -u _printf_float -Wl,--start-group -lc -lm -Wl,--end-group
Finished building target: PCB_MOTOR_STM.elf
 
arm-none-eabi-size  PCB_MOTOR_STM.elf 
arm-none-eabi-objdump -h -S PCB_MOTOR_STM.elf  > "PCB_MOTOR_STM.list"
   text	   data	    bss	    dec	    hex	filename
  41436	    504	  42056	  83996	  1481c	PCB_MOTOR_STM.elf
Finished building: default.size.stdout
 
Finished building: PCB_MOTOR_STM.list
 
00:52:11 **** Incremental Build of configuration Debug for project PCB_MOTOR_STM ****
make -j22 all 
arm-none-eabi-gcc "../Core/Src/main.c" -mcpu=cortex-m4 -std=gnu11 -g3 -DDEBUG -DUSE_HAL_DRIVER -DSTM32F446xx -c -I../Core/Inc -I../Drivers/STM32F4xx_HAL_Driver/Inc -I../Drivers/STM32F4xx_HAL_Driver/Inc/Legacy -I../Drivers/CMSIS/Device/ST/STM32F4xx/Include -I../Drivers/CMSIS/Include -O0 -ffunction-sections -fdata-sections -Wall -fstack-usage -fcyclomatic-complexity -MMD -MP -MF"Core/Src/main.d" -MT"Core/Src/main.o" --specs=nano.specs -mfpu=fpv4-sp-d16 -mfloat-abi=hard -mthumb -o "Core/Src/main.o"
../Core/Src/main.c: In function 'main':
../Core/Src/main.c:165:27: warning: format '%d' expects argument of type 'int', but argument 2 has type 'uint32_t' {aka 'long unsigned int'} [-Wformat=]
  165 |     printf("sensor_time: %d\nsensor_time_seconds: %lf\n",sensor_time,sensor_time_seconds);
      |                          ~^                              ~~~~~~~~~~~
      |                           |                              |
      |                           int                            uint32_t {aka long unsigned int}
      |                          %ld
../Core/Src/main.c:139:9: warning: variable 's' set but not used [-Wunused-but-set-variable]
  139 |   float s, prev_s;
      |         ^
In file included from ../Core/Src/main.c:28:
../Core/Inc/j_st7789.h: At top level:
../Core/Inc/j_st7789.h:106:13: warning: 'j_flag_set_bounds' defined but not used [-Wunused-variable]
  106 | static char j_flag_set_bounds = 1;
      |             ^~~~~~~~~~~~~~~~~
../Core/Inc/j_st7789.h:105:16: warning: 'j_bounds' defined but not used [-Wunused-variable]
  105 | static uint8_t j_bounds[] = {0,J_CFG_SCREEN_LENGTH,0,J_CFG_SCREEN_HEIGHT};
      |                ^~~~~~~~
In file included from ../Core/Inc/j_st7789.h:37:
../Core/Inc/j_fonts.h:338:24: warning: 'j_fonts' defined but not used [-Wunused-variable]
  338 | static const uint16_t* j_fonts[4] = {
      |                        ^~~~~~~
../Core/Inc/j_fonts.h:27:16: warning: 'j_fonts_buffer' defined but not used [-Wunused-variable]
   27 | static uint8_t j_fonts_buffer[J_FONT_BUFFER_SIZE];
      |                ^~~~~~~~~~~~~~
arm-none-eabi-gcc -o "PCB_MOTOR_STM.elf" @"objects.list"   -mcpu=cortex-m4 -T"C:\Users\jonar\JAARK\STM32\PCB_MOTOR_STM\STM32F446RETX_FLASH.ld" --specs=nosys.specs -Wl,-Map="PCB_MOTOR_STM.map" -Wl,--gc-sections -static --specs=nano.specs -mfpu=fpv4-sp-d16 -mfloat-abi=hard -mthumb -u _printf_float -Wl,--start-group -lc -lm -Wl,--end-group
Finished building target: PCB_MOTOR_STM.elf
 
arm-none-eabi-size  PCB_MOTOR_STM.elf 
arm-none-eabi-objdump -h -S PCB_MOTOR_STM.elf  > "PCB_MOTOR_STM.list"
   text	   data	    bss	    dec	    hex	filename
  41436	    504	  42056	  83996	  1481c	PCB_MOTOR_STM.elf
Finished building: default.size.stdout
 
Finished building: PCB_MOTOR_STM.list
 
