23:26:29 **** Incremental Build of configuration Release for project PCB_MOTOR_STM ****
make -j22 all 
arm-none-eabi-gcc "../Core/Src/main.c" -mcpu=cortex-m4 -std=gnu11 -DUSE_HAL_DRIVER -DSTM32F446xx -c -I../Core/Inc -I../Drivers/STM32F4xx_HAL_Driver/Inc -I../Drivers/STM32F4xx_HAL_Driver/Inc/Legacy -I../Drivers/CMSIS/Device/ST/STM32F4xx/Include -I../Drivers/CMSIS/Include -Os -ffunction-sections -fdata-sections -Wall -fstack-usage -fcyclomatic-complexity -MMD -MP -MF"Core/Src/main.d" -MT"Core/Src/main.o" --specs=nano.specs -mfpu=fpv4-sp-d16 -mfloat-abi=hard -mthumb -o "Core/Src/main.o"
arm-none-eabi-gcc "../Core/Src/spi.c" -mcpu=cortex-m4 -std=gnu11 -DUSE_HAL_DRIVER -DSTM32F446xx -c -I../Core/Inc -I../Drivers/STM32F4xx_HAL_Driver/Inc -I../Drivers/STM32F4xx_HAL_Driver/Inc/Legacy -I../Drivers/CMSIS/Device/ST/STM32F4xx/Include -I../Drivers/CMSIS/Include -Os -ffunction-sections -fdata-sections -Wall -fstack-usage -fcyclomatic-complexity -MMD -MP -MF"Core/Src/spi.d" -MT"Core/Src/spi.o" --specs=nano.specs -mfpu=fpv4-sp-d16 -mfloat-abi=hard -mthumb -o "Core/Src/spi.o"
arm-none-eabi-gcc "../Core/Src/start.c" -mcpu=cortex-m4 -std=gnu11 -DUSE_HAL_DRIVER -DSTM32F446xx -c -I../Core/Inc -I../Drivers/STM32F4xx_HAL_Driver/Inc -I../Drivers/STM32F4xx_HAL_Driver/Inc/Legacy -I../Drivers/CMSIS/Device/ST/STM32F4xx/Include -I../Drivers/CMSIS/Include -Os -ffunction-sections -fdata-sections -Wall -fstack-usage -fcyclomatic-complexity -MMD -MP -MF"Core/Src/start.d" -MT"Core/Src/start.o" --specs=nano.specs -mfpu=fpv4-sp-d16 -mfloat-abi=hard -mthumb -o "Core/Src/start.o"
../Core/Src/main.c: In function 'main':
../Core/Src/main.c:105:15: warning: unused variable 'bounds' [-Wunused-variable]
  105 |       uint8_t bounds[] = {0,0,0,0xF0};
      |               ^~~~~~
arm-none-eabi-gcc -o "PCB_MOTOR_STM.elf" @"objects.list"   -mcpu=cortex-m4 -T"C:\Users\jonar\JAARK\STM32\PCB_MOTOR_STM\STM32F446RETX_FLASH.ld" --specs=nosys.specs -Wl,-Map="PCB_MOTOR_STM.map" -Wl,--gc-sections -static --specs=nano.specs -mfpu=fpv4-sp-d16 -mfloat-abi=hard -mthumb -Wl,--start-group -lc -lm -Wl,--end-group
Finished building target: PCB_MOTOR_STM.elf
 
arm-none-eabi-size  PCB_MOTOR_STM.elf 
arm-none-eabi-objdump -h -S PCB_MOTOR_STM.elf  > "PCB_MOTOR_STM.list"
   text	   data	    bss	    dec	    hex	filename
   5936	     12	   2756	   8704	   2200	PCB_MOTOR_STM.elf
Finished building: default.size.stdout
 
Finished building: PCB_MOTOR_STM.list
 
23:26:32 **** Incremental Build of configuration Debug for project PCB_MOTOR_STM ****
make -j22 all 
arm-none-eabi-size  PCB_MOTOR_STM.elf 
   text	   data	    bss	    dec	    hex	filename
  10380	     12	   2756	  13148	   335c	PCB_MOTOR_STM.elf
Finished building: default.size.stdout
 
23:37:53 **** Incremental Build of configuration Debug for project PCB_MOTOR_STM ****
make -j22 all 
arm-none-eabi-gcc "../Core/Src/fonts.c" -mcpu=cortex-m4 -std=gnu11 -g3 -DDEBUG -DUSE_HAL_DRIVER -DSTM32F446xx -c -I../Core/Inc -I../Drivers/STM32F4xx_HAL_Driver/Inc -I../Drivers/STM32F4xx_HAL_Driver/Inc/Legacy -I../Drivers/CMSIS/Device/ST/STM32F4xx/Include -I../Drivers/CMSIS/Include -O0 -ffunction-sections -fdata-sections -Wall -fstack-usage -fcyclomatic-complexity -MMD -MP -MF"Core/Src/fonts.d" -MT"Core/Src/fonts.o" --specs=nano.specs -mfpu=fpv4-sp-d16 -mfloat-abi=hard -mthumb -o "Core/Src/fonts.o"
arm-none-eabi-gcc "../Core/Src/gpio.c" -mcpu=cortex-m4 -std=gnu11 -g3 -DDEBUG -DUSE_HAL_DRIVER -DSTM32F446xx -c -I../Core/Inc -I../Drivers/STM32F4xx_HAL_Driver/Inc -I../Drivers/STM32F4xx_HAL_Driver/Inc/Legacy -I../Drivers/CMSIS/Device/ST/STM32F4xx/Include -I../Drivers/CMSIS/Include -O0 -ffunction-sections -fdata-sections -Wall -fstack-usage -fcyclomatic-complexity -MMD -MP -MF"Core/Src/gpio.d" -MT"Core/Src/gpio.o" --specs=nano.specs -mfpu=fpv4-sp-d16 -mfloat-abi=hard -mthumb -o "Core/Src/gpio.o"
arm-none-eabi-gcc "../Core/Src/main.c" -mcpu=cortex-m4 -std=gnu11 -g3 -DDEBUG -DUSE_HAL_DRIVER -DSTM32F446xx -c -I../Core/Inc -I../Drivers/STM32F4xx_HAL_Driver/Inc -I../Drivers/STM32F4xx_HAL_Driver/Inc/Legacy -I../Drivers/CMSIS/Device/ST/STM32F4xx/Include -I../Drivers/CMSIS/Include -O0 -ffunction-sections -fdata-sections -Wall -fstack-usage -fcyclomatic-complexity -MMD -MP -MF"Core/Src/main.d" -MT"Core/Src/main.o" --specs=nano.specs -mfpu=fpv4-sp-d16 -mfloat-abi=hard -mthumb -o "Core/Src/main.o"
arm-none-eabi-gcc "../Core/Src/spi.c" -mcpu=cortex-m4 -std=gnu11 -g3 -DDEBUG -DUSE_HAL_DRIVER -DSTM32F446xx -c -I../Core/Inc -I../Drivers/STM32F4xx_HAL_Driver/Inc -I../Drivers/STM32F4xx_HAL_Driver/Inc/Legacy -I../Drivers/CMSIS/Device/ST/STM32F4xx/Include -I../Drivers/CMSIS/Include -O0 -ffunction-sections -fdata-sections -Wall -fstack-usage -fcyclomatic-complexity -MMD -MP -MF"Core/Src/spi.d" -MT"Core/Src/spi.o" --specs=nano.specs -mfpu=fpv4-sp-d16 -mfloat-abi=hard -mthumb -o "Core/Src/spi.o"
arm-none-eabi-gcc "../Core/Src/st7789.c" -mcpu=cortex-m4 -std=gnu11 -g3 -DDEBUG -DUSE_HAL_DRIVER -DSTM32F446xx -c -I../Core/Inc -I../Drivers/STM32F4xx_HAL_Driver/Inc -I../Drivers/STM32F4xx_HAL_Driver/Inc/Legacy -I../Drivers/CMSIS/Device/ST/STM32F4xx/Include -I../Drivers/CMSIS/Include -O0 -ffunction-sections -fdata-sections -Wall -fstack-usage -fcyclomatic-complexity -MMD -MP -MF"Core/Src/st7789.d" -MT"Core/Src/st7789.o" --specs=nano.specs -mfpu=fpv4-sp-d16 -mfloat-abi=hard -mthumb -o "Core/Src/st7789.o"
arm-none-eabi-gcc "../Core/Src/start.c" -mcpu=cortex-m4 -std=gnu11 -g3 -DDEBUG -DUSE_HAL_DRIVER -DSTM32F446xx -c -I../Core/Inc -I../Drivers/STM32F4xx_HAL_Driver/Inc -I../Drivers/STM32F4xx_HAL_Driver/Inc/Legacy -I../Drivers/CMSIS/Device/ST/STM32F4xx/Include -I../Drivers/CMSIS/Include -O0 -ffunction-sections -fdata-sections -Wall -fstack-usage -fcyclomatic-complexity -MMD -MP -MF"Core/Src/start.d" -MT"Core/Src/start.o" --specs=nano.specs -mfpu=fpv4-sp-d16 -mfloat-abi=hard -mthumb -o "Core/Src/start.o"
arm-none-eabi-gcc "../Core/Src/stm32f4xx_hal_msp.c" -mcpu=cortex-m4 -std=gnu11 -g3 -DDEBUG -DUSE_HAL_DRIVER -DSTM32F446xx -c -I../Core/Inc -I../Drivers/STM32F4xx_HAL_Driver/Inc -I../Drivers/STM32F4xx_HAL_Driver/Inc/Legacy -I../Drivers/CMSIS/Device/ST/STM32F4xx/Include -I../Drivers/CMSIS/Include -O0 -ffunction-sections -fdata-sections -Wall -fstack-usage -fcyclomatic-complexity -MMD -MP -MF"Core/Src/stm32f4xx_hal_msp.d" -MT"Core/Src/stm32f4xx_hal_msp.o" --specs=nano.specs -mfpu=fpv4-sp-d16 -mfloat-abi=hard -mthumb -o "Core/Src/stm32f4xx_hal_msp.o"
arm-none-eabi-gcc "../Core/Src/stm32f4xx_it.c" -mcpu=cortex-m4 -std=gnu11 -g3 -DDEBUG -DUSE_HAL_DRIVER -DSTM32F446xx -c -I../Core/Inc -I../Drivers/STM32F4xx_HAL_Driver/Inc -I../Drivers/STM32F4xx_HAL_Driver/Inc/Legacy -I../Drivers/CMSIS/Device/ST/STM32F4xx/Include -I../Drivers/CMSIS/Include -O0 -ffunction-sections -fdata-sections -Wall -fstack-usage -fcyclomatic-complexity -MMD -MP -MF"Core/Src/stm32f4xx_it.d" -MT"Core/Src/stm32f4xx_it.o" --specs=nano.specs -mfpu=fpv4-sp-d16 -mfloat-abi=hard -mthumb -o "Core/Src/stm32f4xx_it.o"
arm-none-eabi-gcc "../Core/Src/syscalls.c" -mcpu=cortex-m4 -std=gnu11 -g3 -DDEBUG -DUSE_HAL_DRIVER -DSTM32F446xx -c -I../Core/Inc -I../Drivers/STM32F4xx_HAL_Driver/Inc -I../Drivers/STM32F4xx_HAL_Driver/Inc/Legacy -I../Drivers/CMSIS/Device/ST/STM32F4xx/Include -I../Drivers/CMSIS/Include -O0 -ffunction-sections -fdata-sections -Wall -fstack-usage -fcyclomatic-complexity -MMD -MP -MF"Core/Src/syscalls.d" -MT"Core/Src/syscalls.o" --specs=nano.specs -mfpu=fpv4-sp-d16 -mfloat-abi=hard -mthumb -o "Core/Src/syscalls.o"
arm-none-eabi-gcc "../Core/Src/sysmem.c" -mcpu=cortex-m4 -std=gnu11 -g3 -DDEBUG -DUSE_HAL_DRIVER -DSTM32F446xx -c -I../Core/Inc -I../Drivers/STM32F4xx_HAL_Driver/Inc -I../Drivers/STM32F4xx_HAL_Driver/Inc/Legacy -I../Drivers/CMSIS/Device/ST/STM32F4xx/Include -I../Drivers/CMSIS/Include -O0 -ffunction-sections -fdata-sections -Wall -fstack-usage -fcyclomatic-complexity -MMD -MP -MF"Core/Src/sysmem.d" -MT"Core/Src/sysmem.o" --specs=nano.specs -mfpu=fpv4-sp-d16 -mfloat-abi=hard -mthumb -o "Core/Src/sysmem.o"
arm-none-eabi-gcc "../Core/Src/system_stm32f4xx.c" -mcpu=cortex-m4 -std=gnu11 -g3 -DDEBUG -DUSE_HAL_DRIVER -DSTM32F446xx -c -I../Core/Inc -I../Drivers/STM32F4xx_HAL_Driver/Inc -I../Drivers/STM32F4xx_HAL_Driver/Inc/Legacy -I../Drivers/CMSIS/Device/ST/STM32F4xx/Include -I../Drivers/CMSIS/Include -O0 -ffunction-sections -fdata-sections -Wall -fstack-usage -fcyclomatic-complexity -MMD -MP -MF"Core/Src/system_stm32f4xx.d" -MT"Core/Src/system_stm32f4xx.o" --specs=nano.specs -mfpu=fpv4-sp-d16 -mfloat-abi=hard -mthumb -o "Core/Src/system_stm32f4xx.o"
arm-none-eabi-gcc "../Core/Src/usart.c" -mcpu=cortex-m4 -std=gnu11 -g3 -DDEBUG -DUSE_HAL_DRIVER -DSTM32F446xx -c -I../Core/Inc -I../Drivers/STM32F4xx_HAL_Driver/Inc -I../Drivers/STM32F4xx_HAL_Driver/Inc/Legacy -I../Drivers/CMSIS/Device/ST/STM32F4xx/Include -I../Drivers/CMSIS/Include -O0 -ffunction-sections -fdata-sections -Wall -fstack-usage -fcyclomatic-complexity -MMD -MP -MF"Core/Src/usart.d" -MT"Core/Src/usart.o" --specs=nano.specs -mfpu=fpv4-sp-d16 -mfloat-abi=hard -mthumb -o "Core/Src/usart.o"
In file included from ../Core/Src/main.c:24:
../Core/Inc/st7789.h:222:6: error: #error You should at least choose a display rotation!
  222 |     #error You should at least choose a display rotation!
      |      ^~~~~
../Core/Src/main.c: In function 'main':
../Core/Src/main.c:97:16: error: expected ';' before 'ST7789_Test'
   97 |   ST7789_Init()
      |                ^
      |                ;
   98 |   ST7789_Test()
      |   ~~~~~~~~~~~   
../Core/Src/main.c:109:33: error: 'val' undeclared (first use in this function)
  109 |         HAL_SPI_Transmit(&hspi3,val,2,100);
      |                                 ^~~
../Core/Src/main.c:109:33: note: each undeclared identifier is reported only once for each function it appears in
make: *** [Core/Src/subdir.mk:52: Core/Src/main.o] Error 1
make: *** Waiting for unfinished jobs....
In file included from ../Core/Src/st7789.c:1:
../Core/Inc/st7789.h:222:6: error: #error You should at least choose a display rotation!
  222 |     #error You should at least choose a display rotation!
      |      ^~~~~
../Core/Src/st7789.c:12:19: error: 'ST7789_WIDTH' undeclared here (not in a function); did you mean 'ST7789_Init'?
   12 | uint16_t disp_buf[ST7789_WIDTH * HOR_LEN];
      |                   ^~~~~~~~~~~~
      |                   ST7789_Init
../Core/Src/st7789.c: In function 'ST7789_SetAddressWindow':
../Core/Src/st7789.c:109:29: error: 'X_SHIFT' undeclared (first use in this function)
  109 |     uint16_t x_start = x0 + X_SHIFT, x_end = x1 + X_SHIFT;
      |                             ^~~~~~~
../Core/Src/st7789.c:109:29: note: each undeclared identifier is reported only once for each function it appears in
../Core/Src/st7789.c:110:29: error: 'Y_SHIFT' undeclared (first use in this function)
  110 |     uint16_t y_start = y0 + Y_SHIFT, y_end = y1 + Y_SHIFT;
      |                             ^~~~~~~
../Core/Src/st7789.c: In function 'ST7789_Init':
../Core/Src/st7789.c:153:24: error: 'ST7789_ROTATION' undeclared (first use in this function); did you mean 'ST7789_RST_PIN'?
  153 |     ST7789_SetRotation(ST7789_ROTATION);    //  MADCTL (Display Rotation)
      |                        ^~~~~~~~~~~~~~~
      |                        ST7789_RST_PIN
../Core/Src/st7789.c: In function 'ST7789_Fill_Color':
../Core/Src/st7789.c:203:53: error: 'ST7789_HEIGHT' undeclared (first use in this function); did you mean 'ST7789_Init'?
  203 |     ST7789_SetAddressWindow(0, 0, ST7789_WIDTH - 1, ST7789_HEIGHT - 1);
      |                                                     ^~~~~~~~~~~~~
      |                                                     ST7789_Init
../Core/Src/st7789.c: In function 'ST7789_DrawPixel':
../Core/Src/st7789.c:245:30: error: 'ST7789_HEIGHT' undeclared (first use in this function); did you mean 'ST7789_Init'?
  245 |             (y < 0) || (y >= ST7789_HEIGHT))
      |                              ^~~~~~~~~~~~~
      |                              ST7789_Init
../Core/Src/st7789.c: In function 'ST7789_Fill':
../Core/Src/st7789.c:265:36: error: 'ST7789_HEIGHT' undeclared (first use in this function); did you mean 'ST7789_Init'?
  265 |             (yEnd < 0) || (yEnd >= ST7789_HEIGHT))
      |                                    ^~~~~~~~~~~~~
      |                                    ST7789_Init
../Core/Src/st7789.c: In function 'ST7789_DrawPixel_4px':
../Core/Src/st7789.c:287:30: error: 'ST7789_HEIGHT' undeclared (first use in this function); did you mean 'ST7789_Init'?
  287 |             (y <= 0) || (y > ST7789_HEIGHT))
      |                              ^~~~~~~~~~~~~
      |                              ST7789_Init
../Core/Src/st7789.c: In function 'ST7789_DrawImage':
../Core/Src/st7789.c:425:38: error: 'ST7789_HEIGHT' undeclared (first use in this function); did you mean 'ST7789_Init'?
  425 |     if ((x >= ST7789_WIDTH) || (y >= ST7789_HEIGHT))
      |                                      ^~~~~~~~~~~~~
      |                                      ST7789_Init
../Core/Src/st7789.c: In function 'ST7789_WriteString':
../Core/Src/st7789.c:497:36: error: 'ST7789_HEIGHT' undeclared (first use in this function); did you mean 'ST7789_Init'?
  497 |             if (y + font.height >= ST7789_HEIGHT) {
      |                                    ^~~~~~~~~~~~~
      |                                    ST7789_Init
../Core/Src/st7789.c: In function 'ST7789_DrawFilledRectangle':
../Core/Src/st7789.c:528:18: error: 'ST7789_HEIGHT' undeclared (first use in this function); did you mean 'ST7789_Init'?
  528 |             y >= ST7789_HEIGHT) {
      |                  ^~~~~~~~~~~~~
      |                  ST7789_Init
make: *** [Core/Src/subdir.mk:52: Core/Src/st7789.o] Error 1
"make -j22 all" terminated with exit code 2. Build might be incomplete.
23:39:24 **** Incremental Build of configuration Debug for project PCB_MOTOR_STM ****
make -j22 all 
arm-none-eabi-gcc "../Core/Src/main.c" -mcpu=cortex-m4 -std=gnu11 -g3 -DDEBUG -DUSE_HAL_DRIVER -DSTM32F446xx -c -I../Core/Inc -I../Drivers/STM32F4xx_HAL_Driver/Inc -I../Drivers/STM32F4xx_HAL_Driver/Inc/Legacy -I../Drivers/CMSIS/Device/ST/STM32F4xx/Include -I../Drivers/CMSIS/Include -O0 -ffunction-sections -fdata-sections -Wall -fstack-usage -fcyclomatic-complexity -MMD -MP -MF"Core/Src/main.d" -MT"Core/Src/main.o" --specs=nano.specs -mfpu=fpv4-sp-d16 -mfloat-abi=hard -mthumb -o "Core/Src/main.o"
arm-none-eabi-gcc "../Core/Src/st7789.c" -mcpu=cortex-m4 -std=gnu11 -g3 -DDEBUG -DUSE_HAL_DRIVER -DSTM32F446xx -c -I../Core/Inc -I../Drivers/STM32F4xx_HAL_Driver/Inc -I../Drivers/STM32F4xx_HAL_Driver/Inc/Legacy -I../Drivers/CMSIS/Device/ST/STM32F4xx/Include -I../Drivers/CMSIS/Include -O0 -ffunction-sections -fdata-sections -Wall -fstack-usage -fcyclomatic-complexity -MMD -MP -MF"Core/Src/st7789.d" -MT"Core/Src/st7789.o" --specs=nano.specs -mfpu=fpv4-sp-d16 -mfloat-abi=hard -mthumb -o "Core/Src/st7789.o"
In file included from ../Core/Src/main.c:24:
../Core/Inc/st7789.h:224:6: error: #error You should at least choose a display rotation!
  224 |     #error You should at least choose a display rotation!
      |      ^~~~~
In file included from ../Core/Src/st7789.c:1:
../Core/Inc/st7789.h:224:6: error: #error You should at least choose a display rotation!
  224 |     #error You should at least choose a display rotation!
      |      ^~~~~
make: *** [Core/Src/subdir.mk:52: Core/Src/main.o] Error 1
make: *** Waiting for unfinished jobs....
../Core/Src/st7789.c: In function 'ST7789_Init':
../Core/Src/st7789.c:153:24: error: 'ST7789_ROTATION' undeclared (first use in this function); did you mean 'ST7789_RST_PIN'?
  153 |     ST7789_SetRotation(ST7789_ROTATION);    //  MADCTL (Display Rotation)
      |                        ^~~~~~~~~~~~~~~
      |                        ST7789_RST_PIN
../Core/Src/st7789.c:153:24: note: each undeclared identifier is reported only once for each function it appears in
make: *** [Core/Src/subdir.mk:52: Core/Src/st7789.o] Error 1
"make -j22 all" terminated with exit code 2. Build might be incomplete.
23:40:00 **** Incremental Build of configuration Debug for project PCB_MOTOR_STM ****
make -j22 all 
arm-none-eabi-gcc "../Core/Src/main.c" -mcpu=cortex-m4 -std=gnu11 -g3 -DDEBUG -DUSE_HAL_DRIVER -DSTM32F446xx -c -I../Core/Inc -I../Drivers/STM32F4xx_HAL_Driver/Inc -I../Drivers/STM32F4xx_HAL_Driver/Inc/Legacy -I../Drivers/CMSIS/Device/ST/STM32F4xx/Include -I../Drivers/CMSIS/Include -O0 -ffunction-sections -fdata-sections -Wall -fstack-usage -fcyclomatic-complexity -MMD -MP -MF"Core/Src/main.d" -MT"Core/Src/main.o" --specs=nano.specs -mfpu=fpv4-sp-d16 -mfloat-abi=hard -mthumb -o "Core/Src/main.o"
arm-none-eabi-gcc "../Core/Src/st7789.c" -mcpu=cortex-m4 -std=gnu11 -g3 -DDEBUG -DUSE_HAL_DRIVER -DSTM32F446xx -c -I../Core/Inc -I../Drivers/STM32F4xx_HAL_Driver/Inc -I../Drivers/STM32F4xx_HAL_Driver/Inc/Legacy -I../Drivers/CMSIS/Device/ST/STM32F4xx/Include -I../Drivers/CMSIS/Include -O0 -ffunction-sections -fdata-sections -Wall -fstack-usage -fcyclomatic-complexity -MMD -MP -MF"Core/Src/st7789.d" -MT"Core/Src/st7789.o" --specs=nano.specs -mfpu=fpv4-sp-d16 -mfloat-abi=hard -mthumb -o "Core/Src/st7789.o"
arm-none-eabi-gcc -o "PCB_MOTOR_STM.elf" @"objects.list"   -mcpu=cortex-m4 -T"C:\Users\jonar\JAARK\STM32\PCB_MOTOR_STM\STM32F446RETX_FLASH.ld" --specs=nosys.specs -Wl,-Map="PCB_MOTOR_STM.map" -Wl,--gc-sections -static --specs=nano.specs -mfpu=fpv4-sp-d16 -mfloat-abi=hard -mthumb -Wl,--start-group -lc -lm -Wl,--end-group
Finished building target: PCB_MOTOR_STM.elf
 
arm-none-eabi-size  PCB_MOTOR_STM.elf 
arm-none-eabi-objdump -h -S PCB_MOTOR_STM.elf  > "PCB_MOTOR_STM.list"
   text	   data	    bss	    dec	    hex	filename
  25732	     40	   5152	  30924	   78cc	PCB_MOTOR_STM.elf
Finished building: default.size.stdout
 
Finished building: PCB_MOTOR_STM.list
 
23:40:43 **** Incremental Build of configuration Debug for project PCB_MOTOR_STM ****
make -j22 all 
arm-none-eabi-size  PCB_MOTOR_STM.elf 
   text	   data	    bss	    dec	    hex	filename
  25732	     40	   5152	  30924	   78cc	PCB_MOTOR_STM.elf
Finished building: default.size.stdout
 
23:45:27 **** Incremental Build of configuration Debug for project PCB_MOTOR_STM ****
make -j22 all 
arm-none-eabi-gcc "../Core/Src/main.c" -mcpu=cortex-m4 -std=gnu11 -g3 -DDEBUG -DUSE_HAL_DRIVER -DSTM32F446xx -c -I../Core/Inc -I../Drivers/STM32F4xx_HAL_Driver/Inc -I../Drivers/STM32F4xx_HAL_Driver/Inc/Legacy -I../Drivers/CMSIS/Device/ST/STM32F4xx/Include -I../Drivers/CMSIS/Include -O0 -ffunction-sections -fdata-sections -Wall -fstack-usage -fcyclomatic-complexity -MMD -MP -MF"Core/Src/main.d" -MT"Core/Src/main.o" --specs=nano.specs -mfpu=fpv4-sp-d16 -mfloat-abi=hard -mthumb -o "Core/Src/main.o"
../Core/Src/main.c: In function 'main':
../Core/Src/main.c:99:11: warning: unused variable 'val' [-Wunused-variable]
   99 |   uint8_t val[2] = {0xFF,0x0F};
      |           ^~~
arm-none-eabi-gcc -o "PCB_MOTOR_STM.elf" @"objects.list"   -mcpu=cortex-m4 -T"C:\Users\jonar\JAARK\STM32\PCB_MOTOR_STM\STM32F446RETX_FLASH.ld" --specs=nosys.specs -Wl,-Map="PCB_MOTOR_STM.map" -Wl,--gc-sections -static --specs=nano.specs -mfpu=fpv4-sp-d16 -mfloat-abi=hard -mthumb -Wl,--start-group -lc -lm -Wl,--end-group
Finished building target: PCB_MOTOR_STM.elf
 
arm-none-eabi-size  PCB_MOTOR_STM.elf 
arm-none-eabi-objdump -h -S PCB_MOTOR_STM.elf  > "PCB_MOTOR_STM.list"
   text	   data	    bss	    dec	    hex	filename
  25712	     40	   5152	  30904	   78b8	PCB_MOTOR_STM.elf
Finished building: default.size.stdout
 
Finished building: PCB_MOTOR_STM.list
 
23:51:42 **** Incremental Build of configuration Debug for project PCB_MOTOR_STM ****
make -j22 all 
arm-none-eabi-gcc "../Core/Src/main.c" -mcpu=cortex-m4 -std=gnu11 -g3 -DDEBUG -DUSE_HAL_DRIVER -DSTM32F446xx -c -I../Core/Inc -I../Drivers/STM32F4xx_HAL_Driver/Inc -I../Drivers/STM32F4xx_HAL_Driver/Inc/Legacy -I../Drivers/CMSIS/Device/ST/STM32F4xx/Include -I../Drivers/CMSIS/Include -O0 -ffunction-sections -fdata-sections -Wall -fstack-usage -fcyclomatic-complexity -MMD -MP -MF"Core/Src/main.d" -MT"Core/Src/main.o" --specs=nano.specs -mfpu=fpv4-sp-d16 -mfloat-abi=hard -mthumb -o "Core/Src/main.o"
arm-none-eabi-gcc "../Core/Src/start.c" -mcpu=cortex-m4 -std=gnu11 -g3 -DDEBUG -DUSE_HAL_DRIVER -DSTM32F446xx -c -I../Core/Inc -I../Drivers/STM32F4xx_HAL_Driver/Inc -I../Drivers/STM32F4xx_HAL_Driver/Inc/Legacy -I../Drivers/CMSIS/Device/ST/STM32F4xx/Include -I../Drivers/CMSIS/Include -O0 -ffunction-sections -fdata-sections -Wall -fstack-usage -fcyclomatic-complexity -MMD -MP -MF"Core/Src/start.d" -MT"Core/Src/start.o" --specs=nano.specs -mfpu=fpv4-sp-d16 -mfloat-abi=hard -mthumb -o "Core/Src/start.o"
../Core/Src/main.c: In function 'main':
../Core/Src/main.c:98:11: warning: unused variable 'val' [-Wunused-variable]
   98 |   uint8_t val[2] = {0xFF,0x0F};
      |           ^~~
arm-none-eabi-gcc -o "PCB_MOTOR_STM.elf" @"objects.list"   -mcpu=cortex-m4 -T"C:\Users\jonar\JAARK\STM32\PCB_MOTOR_STM\STM32F446RETX_FLASH.ld" --specs=nosys.specs -Wl,-Map="PCB_MOTOR_STM.map" -Wl,--gc-sections -static --specs=nano.specs -mfpu=fpv4-sp-d16 -mfloat-abi=hard -mthumb -Wl,--start-group -lc -lm -Wl,--end-group
Finished building target: PCB_MOTOR_STM.elf
 
arm-none-eabi-size  PCB_MOTOR_STM.elf 
arm-none-eabi-objdump -h -S PCB_MOTOR_STM.elf  > "PCB_MOTOR_STM.list"
   text	   data	    bss	    dec	    hex	filename
  10520	     12	   2756	  13288	   33e8	PCB_MOTOR_STM.elf
Finished building: default.size.stdout
 
Finished building: PCB_MOTOR_STM.list
 
23:53:27 **** Incremental Build of configuration Debug for project PCB_MOTOR_STM ****
make -j22 all 
arm-none-eabi-gcc "../Core/Src/main.c" -mcpu=cortex-m4 -std=gnu11 -g3 -DDEBUG -DUSE_HAL_DRIVER -DSTM32F446xx -c -I../Core/Inc -I../Drivers/STM32F4xx_HAL_Driver/Inc -I../Drivers/STM32F4xx_HAL_Driver/Inc/Legacy -I../Drivers/CMSIS/Device/ST/STM32F4xx/Include -I../Drivers/CMSIS/Include -O0 -ffunction-sections -fdata-sections -Wall -fstack-usage -fcyclomatic-complexity -MMD -MP -MF"Core/Src/main.d" -MT"Core/Src/main.o" --specs=nano.specs -mfpu=fpv4-sp-d16 -mfloat-abi=hard -mthumb -o "Core/Src/main.o"
../Core/Src/main.c: In function 'main':
../Core/Src/main.c:98:11: warning: unused variable 'val' [-Wunused-variable]
   98 |   uint8_t val[2] = {0x00,0x0F};
      |           ^~~
arm-none-eabi-gcc -o "PCB_MOTOR_STM.elf" @"objects.list"   -mcpu=cortex-m4 -T"C:\Users\jonar\JAARK\STM32\PCB_MOTOR_STM\STM32F446RETX_FLASH.ld" --specs=nosys.specs -Wl,-Map="PCB_MOTOR_STM.map" -Wl,--gc-sections -static --specs=nano.specs -mfpu=fpv4-sp-d16 -mfloat-abi=hard -mthumb -Wl,--start-group -lc -lm -Wl,--end-group
Finished building target: PCB_MOTOR_STM.elf
 
arm-none-eabi-size  PCB_MOTOR_STM.elf 
arm-none-eabi-objdump -h -S PCB_MOTOR_STM.elf  > "PCB_MOTOR_STM.list"
   text	   data	    bss	    dec	    hex	filename
  10512	     12	   2756	  13280	   33e0	PCB_MOTOR_STM.elf
Finished building: default.size.stdout
 
Finished building: PCB_MOTOR_STM.list
 
23:53:59 **** Incremental Build of configuration Debug for project PCB_MOTOR_STM ****
make -j22 all 
arm-none-eabi-gcc "../Core/Src/main.c" -mcpu=cortex-m4 -std=gnu11 -g3 -DDEBUG -DUSE_HAL_DRIVER -DSTM32F446xx -c -I../Core/Inc -I../Drivers/STM32F4xx_HAL_Driver/Inc -I../Drivers/STM32F4xx_HAL_Driver/Inc/Legacy -I../Drivers/CMSIS/Device/ST/STM32F4xx/Include -I../Drivers/CMSIS/Include -O0 -ffunction-sections -fdata-sections -Wall -fstack-usage -fcyclomatic-complexity -MMD -MP -MF"Core/Src/main.d" -MT"Core/Src/main.o" --specs=nano.specs -mfpu=fpv4-sp-d16 -mfloat-abi=hard -mthumb -o "Core/Src/main.o"
../Core/Src/main.c: In function 'main':
../Core/Src/main.c:98:11: warning: unused variable 'val' [-Wunused-variable]
   98 |   uint8_t val[2] = {0x00,0x0F};
      |           ^~~
arm-none-eabi-gcc -o "PCB_MOTOR_STM.elf" @"objects.list"   -mcpu=cortex-m4 -T"C:\Users\jonar\JAARK\STM32\PCB_MOTOR_STM\STM32F446RETX_FLASH.ld" --specs=nosys.specs -Wl,-Map="PCB_MOTOR_STM.map" -Wl,--gc-sections -static --specs=nano.specs -mfpu=fpv4-sp-d16 -mfloat-abi=hard -mthumb -Wl,--start-group -lc -lm -Wl,--end-group
Finished building target: PCB_MOTOR_STM.elf
 
arm-none-eabi-size  PCB_MOTOR_STM.elf 
arm-none-eabi-objdump -h -S PCB_MOTOR_STM.elf  > "PCB_MOTOR_STM.list"
   text	   data	    bss	    dec	    hex	filename
  10512	     12	   2756	  13280	   33e0	PCB_MOTOR_STM.elf
Finished building: default.size.stdout
 
Finished building: PCB_MOTOR_STM.list
 
23:54:39 **** Incremental Build of configuration Debug for project PCB_MOTOR_STM ****
make -j22 all 
arm-none-eabi-gcc "../Core/Src/main.c" -mcpu=cortex-m4 -std=gnu11 -g3 -DDEBUG -DUSE_HAL_DRIVER -DSTM32F446xx -c -I../Core/Inc -I../Drivers/STM32F4xx_HAL_Driver/Inc -I../Drivers/STM32F4xx_HAL_Driver/Inc/Legacy -I../Drivers/CMSIS/Device/ST/STM32F4xx/Include -I../Drivers/CMSIS/Include -O0 -ffunction-sections -fdata-sections -Wall -fstack-usage -fcyclomatic-complexity -MMD -MP -MF"Core/Src/main.d" -MT"Core/Src/main.o" --specs=nano.specs -mfpu=fpv4-sp-d16 -mfloat-abi=hard -mthumb -o "Core/Src/main.o"
../Core/Src/main.c: In function 'main':
../Core/Src/main.c:98:11: warning: unused variable 'val' [-Wunused-variable]
   98 |   uint8_t val[2] = {0x00,0x0F};
      |           ^~~
arm-none-eabi-gcc -o "PCB_MOTOR_STM.elf" @"objects.list"   -mcpu=cortex-m4 -T"C:\Users\jonar\JAARK\STM32\PCB_MOTOR_STM\STM32F446RETX_FLASH.ld" --specs=nosys.specs -Wl,-Map="PCB_MOTOR_STM.map" -Wl,--gc-sections -static --specs=nano.specs -mfpu=fpv4-sp-d16 -mfloat-abi=hard -mthumb -Wl,--start-group -lc -lm -Wl,--end-group
Finished building target: PCB_MOTOR_STM.elf
 
arm-none-eabi-size  PCB_MOTOR_STM.elf 
arm-none-eabi-objdump -h -S PCB_MOTOR_STM.elf  > "PCB_MOTOR_STM.list"
   text	   data	    bss	    dec	    hex	filename
  10520	     12	   2756	  13288	   33e8	PCB_MOTOR_STM.elf
Finished building: default.size.stdout
 
Finished building: PCB_MOTOR_STM.list
 
23:55:02 **** Incremental Build of configuration Debug for project PCB_MOTOR_STM ****
make -j22 all 
arm-none-eabi-gcc "../Core/Src/main.c" -mcpu=cortex-m4 -std=gnu11 -g3 -DDEBUG -DUSE_HAL_DRIVER -DSTM32F446xx -c -I../Core/Inc -I../Drivers/STM32F4xx_HAL_Driver/Inc -I../Drivers/STM32F4xx_HAL_Driver/Inc/Legacy -I../Drivers/CMSIS/Device/ST/STM32F4xx/Include -I../Drivers/CMSIS/Include -O0 -ffunction-sections -fdata-sections -Wall -fstack-usage -fcyclomatic-complexity -MMD -MP -MF"Core/Src/main.d" -MT"Core/Src/main.o" --specs=nano.specs -mfpu=fpv4-sp-d16 -mfloat-abi=hard -mthumb -o "Core/Src/main.o"
../Core/Src/main.c: In function 'main':
../Core/Src/main.c:98:11: warning: unused variable 'val' [-Wunused-variable]
   98 |   uint8_t val[2] = {0x00,0x0F};
      |           ^~~
arm-none-eabi-gcc -o "PCB_MOTOR_STM.elf" @"objects.list"   -mcpu=cortex-m4 -T"C:\Users\jonar\JAARK\STM32\PCB_MOTOR_STM\STM32F446RETX_FLASH.ld" --specs=nosys.specs -Wl,-Map="PCB_MOTOR_STM.map" -Wl,--gc-sections -static --specs=nano.specs -mfpu=fpv4-sp-d16 -mfloat-abi=hard -mthumb -Wl,--start-group -lc -lm -Wl,--end-group
Finished building target: PCB_MOTOR_STM.elf
 
arm-none-eabi-size  PCB_MOTOR_STM.elf 
arm-none-eabi-objdump -h -S PCB_MOTOR_STM.elf  > "PCB_MOTOR_STM.list"
   text	   data	    bss	    dec	    hex	filename
  10520	     12	   2756	  13288	   33e8	PCB_MOTOR_STM.elf
Finished building: default.size.stdout
 
Finished building: PCB_MOTOR_STM.list
 
23:55:36 **** Incremental Build of configuration Debug for project PCB_MOTOR_STM ****
make -j22 all 
arm-none-eabi-gcc "../Core/Src/main.c" -mcpu=cortex-m4 -std=gnu11 -g3 -DDEBUG -DUSE_HAL_DRIVER -DSTM32F446xx -c -I../Core/Inc -I../Drivers/STM32F4xx_HAL_Driver/Inc -I../Drivers/STM32F4xx_HAL_Driver/Inc/Legacy -I../Drivers/CMSIS/Device/ST/STM32F4xx/Include -I../Drivers/CMSIS/Include -O0 -ffunction-sections -fdata-sections -Wall -fstack-usage -fcyclomatic-complexity -MMD -MP -MF"Core/Src/main.d" -MT"Core/Src/main.o" --specs=nano.specs -mfpu=fpv4-sp-d16 -mfloat-abi=hard -mthumb -o "Core/Src/main.o"
arm-none-eabi-gcc "../Core/Src/start.c" -mcpu=cortex-m4 -std=gnu11 -g3 -DDEBUG -DUSE_HAL_DRIVER -DSTM32F446xx -c -I../Core/Inc -I../Drivers/STM32F4xx_HAL_Driver/Inc -I../Drivers/STM32F4xx_HAL_Driver/Inc/Legacy -I../Drivers/CMSIS/Device/ST/STM32F4xx/Include -I../Drivers/CMSIS/Include -O0 -ffunction-sections -fdata-sections -Wall -fstack-usage -fcyclomatic-complexity -MMD -MP -MF"Core/Src/start.d" -MT"Core/Src/start.o" --specs=nano.specs -mfpu=fpv4-sp-d16 -mfloat-abi=hard -mthumb -o "Core/Src/start.o"
../Core/Src/main.c: In function 'main':
../Core/Src/main.c:109:23: error: expected expression before ')' token
  109 |         write_s8(0x0F+);
      |                       ^
../Core/Src/main.c:98:11: warning: unused variable 'val' [-Wunused-variable]
   98 |   uint8_t val[2] = {0xF0,0x0F};
      |           ^~~
make: *** [Core/Src/subdir.mk:52: Core/Src/main.o] Error 1
make: *** Waiting for unfinished jobs....
"make -j22 all" terminated with exit code 2. Build might be incomplete.
23:55:47 **** Incremental Build of configuration Debug for project PCB_MOTOR_STM ****
make -j22 all 
arm-none-eabi-gcc "../Core/Src/main.c" -mcpu=cortex-m4 -std=gnu11 -g3 -DDEBUG -DUSE_HAL_DRIVER -DSTM32F446xx -c -I../Core/Inc -I../Drivers/STM32F4xx_HAL_Driver/Inc -I../Drivers/STM32F4xx_HAL_Driver/Inc/Legacy -I../Drivers/CMSIS/Device/ST/STM32F4xx/Include -I../Drivers/CMSIS/Include -O0 -ffunction-sections -fdata-sections -Wall -fstack-usage -fcyclomatic-complexity -MMD -MP -MF"Core/Src/main.d" -MT"Core/Src/main.o" --specs=nano.specs -mfpu=fpv4-sp-d16 -mfloat-abi=hard -mthumb -o "Core/Src/main.o"
../Core/Src/main.c: In function 'main':
../Core/Src/main.c:98:11: warning: unused variable 'val' [-Wunused-variable]
   98 |   uint8_t val[2] = {0xF0,0x0F};
      |           ^~~
arm-none-eabi-gcc -o "PCB_MOTOR_STM.elf" @"objects.list"   -mcpu=cortex-m4 -T"C:\Users\jonar\JAARK\STM32\PCB_MOTOR_STM\STM32F446RETX_FLASH.ld" --specs=nosys.specs -Wl,-Map="PCB_MOTOR_STM.map" -Wl,--gc-sections -static --specs=nano.specs -mfpu=fpv4-sp-d16 -mfloat-abi=hard -mthumb -Wl,--start-group -lc -lm -Wl,--end-group
Finished building target: PCB_MOTOR_STM.elf
 
arm-none-eabi-size  PCB_MOTOR_STM.elf 
arm-none-eabi-objdump -h -S PCB_MOTOR_STM.elf  > "PCB_MOTOR_STM.list"
   text	   data	    bss	    dec	    hex	filename
  10520	     12	   2756	  13288	   33e8	PCB_MOTOR_STM.elf
Finished building: default.size.stdout
 
Finished building: PCB_MOTOR_STM.list
 
23:56:07 **** Incremental Build of configuration Debug for project PCB_MOTOR_STM ****
make -j22 all 
arm-none-eabi-gcc "../Core/Src/main.c" -mcpu=cortex-m4 -std=gnu11 -g3 -DDEBUG -DUSE_HAL_DRIVER -DSTM32F446xx -c -I../Core/Inc -I../Drivers/STM32F4xx_HAL_Driver/Inc -I../Drivers/STM32F4xx_HAL_Driver/Inc/Legacy -I../Drivers/CMSIS/Device/ST/STM32F4xx/Include -I../Drivers/CMSIS/Include -O0 -ffunction-sections -fdata-sections -Wall -fstack-usage -fcyclomatic-complexity -MMD -MP -MF"Core/Src/main.d" -MT"Core/Src/main.o" --specs=nano.specs -mfpu=fpv4-sp-d16 -mfloat-abi=hard -mthumb -o "Core/Src/main.o"
../Core/Src/main.c: In function 'main':
../Core/Src/main.c:98:11: warning: unused variable 'val' [-Wunused-variable]
   98 |   uint8_t val[2] = {0xF0,0x0F};
      |           ^~~
arm-none-eabi-gcc -o "PCB_MOTOR_STM.elf" @"objects.list"   -mcpu=cortex-m4 -T"C:\Users\jonar\JAARK\STM32\PCB_MOTOR_STM\STM32F446RETX_FLASH.ld" --specs=nosys.specs -Wl,-Map="PCB_MOTOR_STM.map" -Wl,--gc-sections -static --specs=nano.specs -mfpu=fpv4-sp-d16 -mfloat-abi=hard -mthumb -Wl,--start-group -lc -lm -Wl,--end-group
Finished building target: PCB_MOTOR_STM.elf
 
arm-none-eabi-size  PCB_MOTOR_STM.elf 
arm-none-eabi-objdump -h -S PCB_MOTOR_STM.elf  > "PCB_MOTOR_STM.list"
   text	   data	    bss	    dec	    hex	filename
  10520	     12	   2756	  13288	   33e8	PCB_MOTOR_STM.elf
Finished building: default.size.stdout
 
Finished building: PCB_MOTOR_STM.list
 
23:56:50 **** Incremental Build of configuration Debug for project PCB_MOTOR_STM ****
make -j22 all 
arm-none-eabi-gcc "../Core/Src/start.c" -mcpu=cortex-m4 -std=gnu11 -g3 -DDEBUG -DUSE_HAL_DRIVER -DSTM32F446xx -c -I../Core/Inc -I../Drivers/STM32F4xx_HAL_Driver/Inc -I../Drivers/STM32F4xx_HAL_Driver/Inc/Legacy -I../Drivers/CMSIS/Device/ST/STM32F4xx/Include -I../Drivers/CMSIS/Include -O0 -ffunction-sections -fdata-sections -Wall -fstack-usage -fcyclomatic-complexity -MMD -MP -MF"Core/Src/start.d" -MT"Core/Src/start.o" --specs=nano.specs -mfpu=fpv4-sp-d16 -mfloat-abi=hard -mthumb -o "Core/Src/start.o"
arm-none-eabi-gcc -o "PCB_MOTOR_STM.elf" @"objects.list"   -mcpu=cortex-m4 -T"C:\Users\jonar\JAARK\STM32\PCB_MOTOR_STM\STM32F446RETX_FLASH.ld" --specs=nosys.specs -Wl,-Map="PCB_MOTOR_STM.map" -Wl,--gc-sections -static --specs=nano.specs -mfpu=fpv4-sp-d16 -mfloat-abi=hard -mthumb -Wl,--start-group -lc -lm -Wl,--end-group
Finished building target: PCB_MOTOR_STM.elf
 
arm-none-eabi-size  PCB_MOTOR_STM.elf 
arm-none-eabi-objdump -h -S PCB_MOTOR_STM.elf  > "PCB_MOTOR_STM.list"
   text	   data	    bss	    dec	    hex	filename
  10520	     12	   2756	  13288	   33e8	PCB_MOTOR_STM.elf
Finished building: default.size.stdout
 
Finished building: PCB_MOTOR_STM.list
 
23:57:04 **** Incremental Build of configuration Debug for project PCB_MOTOR_STM ****
make -j22 all 
arm-none-eabi-gcc "../Core/Src/main.c" -mcpu=cortex-m4 -std=gnu11 -g3 -DDEBUG -DUSE_HAL_DRIVER -DSTM32F446xx -c -I../Core/Inc -I../Drivers/STM32F4xx_HAL_Driver/Inc -I../Drivers/STM32F4xx_HAL_Driver/Inc/Legacy -I../Drivers/CMSIS/Device/ST/STM32F4xx/Include -I../Drivers/CMSIS/Include -O0 -ffunction-sections -fdata-sections -Wall -fstack-usage -fcyclomatic-complexity -MMD -MP -MF"Core/Src/main.d" -MT"Core/Src/main.o" --specs=nano.specs -mfpu=fpv4-sp-d16 -mfloat-abi=hard -mthumb -o "Core/Src/main.o"
../Core/Src/main.c: In function 'main':
../Core/Src/main.c:98:11: warning: unused variable 'val' [-Wunused-variable]
   98 |   uint8_t val[2] = {0xF0,0x0F};
      |           ^~~
arm-none-eabi-gcc -o "PCB_MOTOR_STM.elf" @"objects.list"   -mcpu=cortex-m4 -T"C:\Users\jonar\JAARK\STM32\PCB_MOTOR_STM\STM32F446RETX_FLASH.ld" --specs=nosys.specs -Wl,-Map="PCB_MOTOR_STM.map" -Wl,--gc-sections -static --specs=nano.specs -mfpu=fpv4-sp-d16 -mfloat-abi=hard -mthumb -Wl,--start-group -lc -lm -Wl,--end-group
Finished building target: PCB_MOTOR_STM.elf
 
arm-none-eabi-size  PCB_MOTOR_STM.elf 
arm-none-eabi-objdump -h -S PCB_MOTOR_STM.elf  > "PCB_MOTOR_STM.list"
   text	   data	    bss	    dec	    hex	filename
  10520	     12	   2756	  13288	   33e8	PCB_MOTOR_STM.elf
Finished building: default.size.stdout
 
Finished building: PCB_MOTOR_STM.list
 
23:57:50 **** Incremental Build of configuration Debug for project PCB_MOTOR_STM ****
make -j22 all 
arm-none-eabi-gcc "../Core/Src/main.c" -mcpu=cortex-m4 -std=gnu11 -g3 -DDEBUG -DUSE_HAL_DRIVER -DSTM32F446xx -c -I../Core/Inc -I../Drivers/STM32F4xx_HAL_Driver/Inc -I../Drivers/STM32F4xx_HAL_Driver/Inc/Legacy -I../Drivers/CMSIS/Device/ST/STM32F4xx/Include -I../Drivers/CMSIS/Include -O0 -ffunction-sections -fdata-sections -Wall -fstack-usage -fcyclomatic-complexity -MMD -MP -MF"Core/Src/main.d" -MT"Core/Src/main.o" --specs=nano.specs -mfpu=fpv4-sp-d16 -mfloat-abi=hard -mthumb -o "Core/Src/main.o"
../Core/Src/main.c: In function 'main':
../Core/Src/main.c:100:11: warning: unused variable 'val' [-Wunused-variable]
  100 |   uint8_t val[2] = {0xF0,0x0F};
      |           ^~~
arm-none-eabi-gcc -o "PCB_MOTOR_STM.elf" @"objects.list"   -mcpu=cortex-m4 -T"C:\Users\jonar\JAARK\STM32\PCB_MOTOR_STM\STM32F446RETX_FLASH.ld" --specs=nosys.specs -Wl,-Map="PCB_MOTOR_STM.map" -Wl,--gc-sections -static --specs=nano.specs -mfpu=fpv4-sp-d16 -mfloat-abi=hard -mthumb -Wl,--start-group -lc -lm -Wl,--end-group
Finished building target: PCB_MOTOR_STM.elf
 
arm-none-eabi-size  PCB_MOTOR_STM.elf 
arm-none-eabi-objdump -h -S PCB_MOTOR_STM.elf  > "PCB_MOTOR_STM.list"
   text	   data	    bss	    dec	    hex	filename
  25708	     40	   5152	  30900	   78b4	PCB_MOTOR_STM.elf
Finished building: default.size.stdout
 
Finished building: PCB_MOTOR_STM.list
 
23:58:19 **** Incremental Build of configuration Debug for project PCB_MOTOR_STM ****
make -j22 all 
arm-none-eabi-gcc "../Core/Src/main.c" -mcpu=cortex-m4 -std=gnu11 -g3 -DDEBUG -DUSE_HAL_DRIVER -DSTM32F446xx -c -I../Core/Inc -I../Drivers/STM32F4xx_HAL_Driver/Inc -I../Drivers/STM32F4xx_HAL_Driver/Inc/Legacy -I../Drivers/CMSIS/Device/ST/STM32F4xx/Include -I../Drivers/CMSIS/Include -O0 -ffunction-sections -fdata-sections -Wall -fstack-usage -fcyclomatic-complexity -MMD -MP -MF"Core/Src/main.d" -MT"Core/Src/main.o" --specs=nano.specs -mfpu=fpv4-sp-d16 -mfloat-abi=hard -mthumb -o "Core/Src/main.o"
../Core/Src/main.c: In function 'main':
../Core/Src/main.c:98:11: warning: unused variable 'val' [-Wunused-variable]
   98 |   uint8_t val[2] = {0xF0,0x0F};
      |           ^~~
arm-none-eabi-gcc -o "PCB_MOTOR_STM.elf" @"objects.list"   -mcpu=cortex-m4 -T"C:\Users\jonar\JAARK\STM32\PCB_MOTOR_STM\STM32F446RETX_FLASH.ld" --specs=nosys.specs -Wl,-Map="PCB_MOTOR_STM.map" -Wl,--gc-sections -static --specs=nano.specs -mfpu=fpv4-sp-d16 -mfloat-abi=hard -mthumb -Wl,--start-group -lc -lm -Wl,--end-group
Finished building target: PCB_MOTOR_STM.elf
 
arm-none-eabi-size  PCB_MOTOR_STM.elf 
arm-none-eabi-objdump -h -S PCB_MOTOR_STM.elf  > "PCB_MOTOR_STM.list"
   text	   data	    bss	    dec	    hex	filename
  10520	     12	   2756	  13288	   33e8	PCB_MOTOR_STM.elf
Finished building: default.size.stdout
 
Finished building: PCB_MOTOR_STM.list
 
00:00:26 **** Incremental Build of configuration Debug for project PCB_MOTOR_STM ****
make -j22 all 
arm-none-eabi-gcc "../Core/Src/gpio.c" -mcpu=cortex-m4 -std=gnu11 -g3 -DDEBUG -DUSE_HAL_DRIVER -DSTM32F446xx -c -I../Core/Inc -I../Drivers/STM32F4xx_HAL_Driver/Inc -I../Drivers/STM32F4xx_HAL_Driver/Inc/Legacy -I../Drivers/CMSIS/Device/ST/STM32F4xx/Include -I../Drivers/CMSIS/Include -O0 -ffunction-sections -fdata-sections -Wall -fstack-usage -fcyclomatic-complexity -MMD -MP -MF"Core/Src/gpio.d" -MT"Core/Src/gpio.o" --specs=nano.specs -mfpu=fpv4-sp-d16 -mfloat-abi=hard -mthumb -o "Core/Src/gpio.o"
arm-none-eabi-gcc "../Core/Src/main.c" -mcpu=cortex-m4 -std=gnu11 -g3 -DDEBUG -DUSE_HAL_DRIVER -DSTM32F446xx -c -I../Core/Inc -I../Drivers/STM32F4xx_HAL_Driver/Inc -I../Drivers/STM32F4xx_HAL_Driver/Inc/Legacy -I../Drivers/CMSIS/Device/ST/STM32F4xx/Include -I../Drivers/CMSIS/Include -O0 -ffunction-sections -fdata-sections -Wall -fstack-usage -fcyclomatic-complexity -MMD -MP -MF"Core/Src/main.d" -MT"Core/Src/main.o" --specs=nano.specs -mfpu=fpv4-sp-d16 -mfloat-abi=hard -mthumb -o "Core/Src/main.o"
arm-none-eabi-gcc "../Core/Src/spi.c" -mcpu=cortex-m4 -std=gnu11 -g3 -DDEBUG -DUSE_HAL_DRIVER -DSTM32F446xx -c -I../Core/Inc -I../Drivers/STM32F4xx_HAL_Driver/Inc -I../Drivers/STM32F4xx_HAL_Driver/Inc/Legacy -I../Drivers/CMSIS/Device/ST/STM32F4xx/Include -I../Drivers/CMSIS/Include -O0 -ffunction-sections -fdata-sections -Wall -fstack-usage -fcyclomatic-complexity -MMD -MP -MF"Core/Src/spi.d" -MT"Core/Src/spi.o" --specs=nano.specs -mfpu=fpv4-sp-d16 -mfloat-abi=hard -mthumb -o "Core/Src/spi.o"
arm-none-eabi-gcc "../Core/Src/st7789.c" -mcpu=cortex-m4 -std=gnu11 -g3 -DDEBUG -DUSE_HAL_DRIVER -DSTM32F446xx -c -I../Core/Inc -I../Drivers/STM32F4xx_HAL_Driver/Inc -I../Drivers/STM32F4xx_HAL_Driver/Inc/Legacy -I../Drivers/CMSIS/Device/ST/STM32F4xx/Include -I../Drivers/CMSIS/Include -O0 -ffunction-sections -fdata-sections -Wall -fstack-usage -fcyclomatic-complexity -MMD -MP -MF"Core/Src/st7789.d" -MT"Core/Src/st7789.o" --specs=nano.specs -mfpu=fpv4-sp-d16 -mfloat-abi=hard -mthumb -o "Core/Src/st7789.o"
arm-none-eabi-gcc "../Core/Src/start.c" -mcpu=cortex-m4 -std=gnu11 -g3 -DDEBUG -DUSE_HAL_DRIVER -DSTM32F446xx -c -I../Core/Inc -I../Drivers/STM32F4xx_HAL_Driver/Inc -I../Drivers/STM32F4xx_HAL_Driver/Inc/Legacy -I../Drivers/CMSIS/Device/ST/STM32F4xx/Include -I../Drivers/CMSIS/Include -O0 -ffunction-sections -fdata-sections -Wall -fstack-usage -fcyclomatic-complexity -MMD -MP -MF"Core/Src/start.d" -MT"Core/Src/start.o" --specs=nano.specs -mfpu=fpv4-sp-d16 -mfloat-abi=hard -mthumb -o "Core/Src/start.o"
arm-none-eabi-gcc "../Core/Src/stm32f4xx_hal_msp.c" -mcpu=cortex-m4 -std=gnu11 -g3 -DDEBUG -DUSE_HAL_DRIVER -DSTM32F446xx -c -I../Core/Inc -I../Drivers/STM32F4xx_HAL_Driver/Inc -I../Drivers/STM32F4xx_HAL_Driver/Inc/Legacy -I../Drivers/CMSIS/Device/ST/STM32F4xx/Include -I../Drivers/CMSIS/Include -O0 -ffunction-sections -fdata-sections -Wall -fstack-usage -fcyclomatic-complexity -MMD -MP -MF"Core/Src/stm32f4xx_hal_msp.d" -MT"Core/Src/stm32f4xx_hal_msp.o" --specs=nano.specs -mfpu=fpv4-sp-d16 -mfloat-abi=hard -mthumb -o "Core/Src/stm32f4xx_hal_msp.o"
arm-none-eabi-gcc "../Core/Src/stm32f4xx_it.c" -mcpu=cortex-m4 -std=gnu11 -g3 -DDEBUG -DUSE_HAL_DRIVER -DSTM32F446xx -c -I../Core/Inc -I../Drivers/STM32F4xx_HAL_Driver/Inc -I../Drivers/STM32F4xx_HAL_Driver/Inc/Legacy -I../Drivers/CMSIS/Device/ST/STM32F4xx/Include -I../Drivers/CMSIS/Include -O0 -ffunction-sections -fdata-sections -Wall -fstack-usage -fcyclomatic-complexity -MMD -MP -MF"Core/Src/stm32f4xx_it.d" -MT"Core/Src/stm32f4xx_it.o" --specs=nano.specs -mfpu=fpv4-sp-d16 -mfloat-abi=hard -mthumb -o "Core/Src/stm32f4xx_it.o"
arm-none-eabi-gcc "../Core/Src/usart.c" -mcpu=cortex-m4 -std=gnu11 -g3 -DDEBUG -DUSE_HAL_DRIVER -DSTM32F446xx -c -I../Core/Inc -I../Drivers/STM32F4xx_HAL_Driver/Inc -I../Drivers/STM32F4xx_HAL_Driver/Inc/Legacy -I../Drivers/CMSIS/Device/ST/STM32F4xx/Include -I../Drivers/CMSIS/Include -O0 -ffunction-sections -fdata-sections -Wall -fstack-usage -fcyclomatic-complexity -MMD -MP -MF"Core/Src/usart.d" -MT"Core/Src/usart.o" --specs=nano.specs -mfpu=fpv4-sp-d16 -mfloat-abi=hard -mthumb -o "Core/Src/usart.o"
../Core/Src/main.c: In function 'main':
../Core/Src/main.c:98:11: warning: unused variable 'val' [-Wunused-variable]
   98 |   uint8_t val[2] = {0xF0,0x0F};
      |           ^~~
arm-none-eabi-gcc -o "PCB_MOTOR_STM.elf" @"objects.list"   -mcpu=cortex-m4 -T"C:\Users\jonar\JAARK\STM32\PCB_MOTOR_STM\STM32F446RETX_FLASH.ld" --specs=nosys.specs -Wl,-Map="PCB_MOTOR_STM.map" -Wl,--gc-sections -static --specs=nano.specs -mfpu=fpv4-sp-d16 -mfloat-abi=hard -mthumb -Wl,--start-group -lc -lm -Wl,--end-group
Finished building target: PCB_MOTOR_STM.elf
 
arm-none-eabi-size  PCB_MOTOR_STM.elf 
arm-none-eabi-objdump -h -S PCB_MOTOR_STM.elf  > "PCB_MOTOR_STM.list"
   text	   data	    bss	    dec	    hex	filename
  10560	     12	  41156	  51728	   ca10	PCB_MOTOR_STM.elf
Finished building: default.size.stdout
 
Finished building: PCB_MOTOR_STM.list
 
00:01:04 **** Incremental Build of configuration Debug for project PCB_MOTOR_STM ****
make -j22 all 
arm-none-eabi-gcc "../Core/Src/main.c" -mcpu=cortex-m4 -std=gnu11 -g3 -DDEBUG -DUSE_HAL_DRIVER -DSTM32F446xx -c -I../Core/Inc -I../Drivers/STM32F4xx_HAL_Driver/Inc -I../Drivers/STM32F4xx_HAL_Driver/Inc/Legacy -I../Drivers/CMSIS/Device/ST/STM32F4xx/Include -I../Drivers/CMSIS/Include -O0 -ffunction-sections -fdata-sections -Wall -fstack-usage -fcyclomatic-complexity -MMD -MP -MF"Core/Src/main.d" -MT"Core/Src/main.o" --specs=nano.specs -mfpu=fpv4-sp-d16 -mfloat-abi=hard -mthumb -o "Core/Src/main.o"
../Core/Src/main.c: In function 'main':
../Core/Src/main.c:98:11: warning: unused variable 'val' [-Wunused-variable]
   98 |   uint8_t val[2] = {0xF0,0x0F};
      |           ^~~
arm-none-eabi-gcc -o "PCB_MOTOR_STM.elf" @"objects.list"   -mcpu=cortex-m4 -T"C:\Users\jonar\JAARK\STM32\PCB_MOTOR_STM\STM32F446RETX_FLASH.ld" --specs=nosys.specs -Wl,-Map="PCB_MOTOR_STM.map" -Wl,--gc-sections -static --specs=nano.specs -mfpu=fpv4-sp-d16 -mfloat-abi=hard -mthumb -Wl,--start-group -lc -lm -Wl,--end-group
Finished building target: PCB_MOTOR_STM.elf
 
arm-none-eabi-size  PCB_MOTOR_STM.elf 
arm-none-eabi-objdump -h -S PCB_MOTOR_STM.elf  > "PCB_MOTOR_STM.list"
   text	   data	    bss	    dec	    hex	filename
  10560	     12	  41156	  51728	   ca10	PCB_MOTOR_STM.elf
Finished building: default.size.stdout
 
Finished building: PCB_MOTOR_STM.list
 
00:08:50 **** Incremental Build of configuration Debug for project PCB_MOTOR_STM ****
make -j22 all 
arm-none-eabi-gcc "../Core/Src/fonts.c" -mcpu=cortex-m4 -std=gnu11 -g3 -DDEBUG -DUSE_HAL_DRIVER -DSTM32F446xx -c -I../Core/Inc -I../Drivers/STM32F4xx_HAL_Driver/Inc -I../Drivers/STM32F4xx_HAL_Driver/Inc/Legacy -I../Drivers/CMSIS/Device/ST/STM32F4xx/Include -I../Drivers/CMSIS/Include -O0 -ffunction-sections -fdata-sections -Wall -fstack-usage -fcyclomatic-complexity -MMD -MP -MF"Core/Src/fonts.d" -MT"Core/Src/fonts.o" --specs=nano.specs -mfpu=fpv4-sp-d16 -mfloat-abi=hard -mthumb -o "Core/Src/fonts.o"
arm-none-eabi-gcc "../Core/Src/gpio.c" -mcpu=cortex-m4 -std=gnu11 -g3 -DDEBUG -DUSE_HAL_DRIVER -DSTM32F446xx -c -I../Core/Inc -I../Drivers/STM32F4xx_HAL_Driver/Inc -I../Drivers/STM32F4xx_HAL_Driver/Inc/Legacy -I../Drivers/CMSIS/Device/ST/STM32F4xx/Include -I../Drivers/CMSIS/Include -O0 -ffunction-sections -fdata-sections -Wall -fstack-usage -fcyclomatic-complexity -MMD -MP -MF"Core/Src/gpio.d" -MT"Core/Src/gpio.o" --specs=nano.specs -mfpu=fpv4-sp-d16 -mfloat-abi=hard -mthumb -o "Core/Src/gpio.o"
arm-none-eabi-gcc "../Core/Src/j_st7789.c" -mcpu=cortex-m4 -std=gnu11 -g3 -DDEBUG -DUSE_HAL_DRIVER -DSTM32F446xx -c -I../Core/Inc -I../Drivers/STM32F4xx_HAL_Driver/Inc -I../Drivers/STM32F4xx_HAL_Driver/Inc/Legacy -I../Drivers/CMSIS/Device/ST/STM32F4xx/Include -I../Drivers/CMSIS/Include -O0 -ffunction-sections -fdata-sections -Wall -fstack-usage -fcyclomatic-complexity -MMD -MP -MF"Core/Src/j_st7789.d" -MT"Core/Src/j_st7789.o" --specs=nano.specs -mfpu=fpv4-sp-d16 -mfloat-abi=hard -mthumb -o "Core/Src/j_st7789.o"
arm-none-eabi-gcc "../Core/Src/main.c" -mcpu=cortex-m4 -std=gnu11 -g3 -DDEBUG -DUSE_HAL_DRIVER -DSTM32F446xx -c -I../Core/Inc -I../Drivers/STM32F4xx_HAL_Driver/Inc -I../Drivers/STM32F4xx_HAL_Driver/Inc/Legacy -I../Drivers/CMSIS/Device/ST/STM32F4xx/Include -I../Drivers/CMSIS/Include -O0 -ffunction-sections -fdata-sections -Wall -fstack-usage -fcyclomatic-complexity -MMD -MP -MF"Core/Src/main.d" -MT"Core/Src/main.o" --specs=nano.specs -mfpu=fpv4-sp-d16 -mfloat-abi=hard -mthumb -o "Core/Src/main.o"
arm-none-eabi-gcc "../Core/Src/spi.c" -mcpu=cortex-m4 -std=gnu11 -g3 -DDEBUG -DUSE_HAL_DRIVER -DSTM32F446xx -c -I../Core/Inc -I../Drivers/STM32F4xx_HAL_Driver/Inc -I../Drivers/STM32F4xx_HAL_Driver/Inc/Legacy -I../Drivers/CMSIS/Device/ST/STM32F4xx/Include -I../Drivers/CMSIS/Include -O0 -ffunction-sections -fdata-sections -Wall -fstack-usage -fcyclomatic-complexity -MMD -MP -MF"Core/Src/spi.d" -MT"Core/Src/spi.o" --specs=nano.specs -mfpu=fpv4-sp-d16 -mfloat-abi=hard -mthumb -o "Core/Src/spi.o"
arm-none-eabi-gcc "../Core/Src/stm32f4xx_hal_msp.c" -mcpu=cortex-m4 -std=gnu11 -g3 -DDEBUG -DUSE_HAL_DRIVER -DSTM32F446xx -c -I../Core/Inc -I../Drivers/STM32F4xx_HAL_Driver/Inc -I../Drivers/STM32F4xx_HAL_Driver/Inc/Legacy -I../Drivers/CMSIS/Device/ST/STM32F4xx/Include -I../Drivers/CMSIS/Include -O0 -ffunction-sections -fdata-sections -Wall -fstack-usage -fcyclomatic-complexity -MMD -MP -MF"Core/Src/stm32f4xx_hal_msp.d" -MT"Core/Src/stm32f4xx_hal_msp.o" --specs=nano.specs -mfpu=fpv4-sp-d16 -mfloat-abi=hard -mthumb -o "Core/Src/stm32f4xx_hal_msp.o"
arm-none-eabi-gcc "../Core/Src/stm32f4xx_it.c" -mcpu=cortex-m4 -std=gnu11 -g3 -DDEBUG -DUSE_HAL_DRIVER -DSTM32F446xx -c -I../Core/Inc -I../Drivers/STM32F4xx_HAL_Driver/Inc -I../Drivers/STM32F4xx_HAL_Driver/Inc/Legacy -I../Drivers/CMSIS/Device/ST/STM32F4xx/Include -I../Drivers/CMSIS/Include -O0 -ffunction-sections -fdata-sections -Wall -fstack-usage -fcyclomatic-complexity -MMD -MP -MF"Core/Src/stm32f4xx_it.d" -MT"Core/Src/stm32f4xx_it.o" --specs=nano.specs -mfpu=fpv4-sp-d16 -mfloat-abi=hard -mthumb -o "Core/Src/stm32f4xx_it.o"
arm-none-eabi-gcc "../Core/Src/syscalls.c" -mcpu=cortex-m4 -std=gnu11 -g3 -DDEBUG -DUSE_HAL_DRIVER -DSTM32F446xx -c -I../Core/Inc -I../Drivers/STM32F4xx_HAL_Driver/Inc -I../Drivers/STM32F4xx_HAL_Driver/Inc/Legacy -I../Drivers/CMSIS/Device/ST/STM32F4xx/Include -I../Drivers/CMSIS/Include -O0 -ffunction-sections -fdata-sections -Wall -fstack-usage -fcyclomatic-complexity -MMD -MP -MF"Core/Src/syscalls.d" -MT"Core/Src/syscalls.o" --specs=nano.specs -mfpu=fpv4-sp-d16 -mfloat-abi=hard -mthumb -o "Core/Src/syscalls.o"
arm-none-eabi-gcc "../Core/Src/sysmem.c" -mcpu=cortex-m4 -std=gnu11 -g3 -DDEBUG -DUSE_HAL_DRIVER -DSTM32F446xx -c -I../Core/Inc -I../Drivers/STM32F4xx_HAL_Driver/Inc -I../Drivers/STM32F4xx_HAL_Driver/Inc/Legacy -I../Drivers/CMSIS/Device/ST/STM32F4xx/Include -I../Drivers/CMSIS/Include -O0 -ffunction-sections -fdata-sections -Wall -fstack-usage -fcyclomatic-complexity -MMD -MP -MF"Core/Src/sysmem.d" -MT"Core/Src/sysmem.o" --specs=nano.specs -mfpu=fpv4-sp-d16 -mfloat-abi=hard -mthumb -o "Core/Src/sysmem.o"
arm-none-eabi-gcc "../Core/Src/system_stm32f4xx.c" -mcpu=cortex-m4 -std=gnu11 -g3 -DDEBUG -DUSE_HAL_DRIVER -DSTM32F446xx -c -I../Core/Inc -I../Drivers/STM32F4xx_HAL_Driver/Inc -I../Drivers/STM32F4xx_HAL_Driver/Inc/Legacy -I../Drivers/CMSIS/Device/ST/STM32F4xx/Include -I../Drivers/CMSIS/Include -O0 -ffunction-sections -fdata-sections -Wall -fstack-usage -fcyclomatic-complexity -MMD -MP -MF"Core/Src/system_stm32f4xx.d" -MT"Core/Src/system_stm32f4xx.o" --specs=nano.specs -mfpu=fpv4-sp-d16 -mfloat-abi=hard -mthumb -o "Core/Src/system_stm32f4xx.o"
arm-none-eabi-gcc "../Core/Src/usart.c" -mcpu=cortex-m4 -std=gnu11 -g3 -DDEBUG -DUSE_HAL_DRIVER -DSTM32F446xx -c -I../Core/Inc -I../Drivers/STM32F4xx_HAL_Driver/Inc -I../Drivers/STM32F4xx_HAL_Driver/Inc/Legacy -I../Drivers/CMSIS/Device/ST/STM32F4xx/Include -I../Drivers/CMSIS/Include -O0 -ffunction-sections -fdata-sections -Wall -fstack-usage -fcyclomatic-complexity -MMD -MP -MF"Core/Src/usart.d" -MT"Core/Src/usart.o" --specs=nano.specs -mfpu=fpv4-sp-d16 -mfloat-abi=hard -mthumb -o "Core/Src/usart.o"
../Core/Src/main.c:24:10: fatal error: st7789.h: No such file or directory
   24 | #include "st7789.h"
      |          ^~~~~~~~~~
compilation terminated.
../Core/Src/j_st7789.c:8:8: error: unknown type name 'uin8_t'
    8 | static uin8_t col_arr[J_BUF_SIZE];
      |        ^~~~~~
../Core/Src/j_st7789.c: In function 'fill_area':
../Core/Src/j_st7789.c:62:18: warning: passing argument 1 of 'write_u8' from incompatible pointer type [-Wincompatible-pointer-types]
   62 |         write_u8(col_arr,J_BUF_SIZE);
      |                  ^~~~~~~
      |                  |
      |                  int *
../Core/Src/j_st7789.c:19:24: note: expected 'uint8_t *' {aka 'unsigned char *'} but argument is of type 'int *'
   19 | void write_u8(uint8_t* dat, size_t len) {
      |               ~~~~~~~~~^~~
make: *** [Core/Src/subdir.mk:49: Core/Src/main.o] Error 1
make: *** Waiting for unfinished jobs....
make: *** [Core/Src/subdir.mk:49: Core/Src/j_st7789.o] Error 1
"make -j22 all" terminated with exit code 2. Build might be incomplete.
00:10:01 **** Incremental Build of configuration Debug for project PCB_MOTOR_STM ****
make -j22 all 
arm-none-eabi-gcc "../Core/Src/j_st7789.c" -mcpu=cortex-m4 -std=gnu11 -g3 -DDEBUG -DUSE_HAL_DRIVER -DSTM32F446xx -c -I../Core/Inc -I../Drivers/STM32F4xx_HAL_Driver/Inc -I../Drivers/STM32F4xx_HAL_Driver/Inc/Legacy -I../Drivers/CMSIS/Device/ST/STM32F4xx/Include -I../Drivers/CMSIS/Include -O0 -ffunction-sections -fdata-sections -Wall -fstack-usage -fcyclomatic-complexity -MMD -MP -MF"Core/Src/j_st7789.d" -MT"Core/Src/j_st7789.o" --specs=nano.specs -mfpu=fpv4-sp-d16 -mfloat-abi=hard -mthumb -o "Core/Src/j_st7789.o"
arm-none-eabi-gcc "../Core/Src/main.c" -mcpu=cortex-m4 -std=gnu11 -g3 -DDEBUG -DUSE_HAL_DRIVER -DSTM32F446xx -c -I../Core/Inc -I../Drivers/STM32F4xx_HAL_Driver/Inc -I../Drivers/STM32F4xx_HAL_Driver/Inc/Legacy -I../Drivers/CMSIS/Device/ST/STM32F4xx/Include -I../Drivers/CMSIS/Include -O0 -ffunction-sections -fdata-sections -Wall -fstack-usage -fcyclomatic-complexity -MMD -MP -MF"Core/Src/main.d" -MT"Core/Src/main.o" --specs=nano.specs -mfpu=fpv4-sp-d16 -mfloat-abi=hard -mthumb -o "Core/Src/main.o"
../Core/Src/main.c: In function 'main':
../Core/Src/main.c:102:20: error: expected ';' before 'while'
  102 |   fill_area(0x0F50)
      |                    ^
      |                    ;
  103 |   while (1)
      |   ~~~~~             
../Core/Src/main.c:96:11: warning: unused variable 'val' [-Wunused-variable]
   96 |   uint8_t val[2] = {0xF0,0x0F};
      |           ^~~
make: *** [Core/Src/subdir.mk:49: Core/Src/main.o] Error 1
make: *** Waiting for unfinished jobs....
"make -j22 all" terminated with exit code 2. Build might be incomplete.
00:10:07 **** Incremental Build of configuration Debug for project PCB_MOTOR_STM ****
make -j22 all 
arm-none-eabi-gcc "../Core/Src/main.c" -mcpu=cortex-m4 -std=gnu11 -g3 -DDEBUG -DUSE_HAL_DRIVER -DSTM32F446xx -c -I../Core/Inc -I../Drivers/STM32F4xx_HAL_Driver/Inc -I../Drivers/STM32F4xx_HAL_Driver/Inc/Legacy -I../Drivers/CMSIS/Device/ST/STM32F4xx/Include -I../Drivers/CMSIS/Include -O0 -ffunction-sections -fdata-sections -Wall -fstack-usage -fcyclomatic-complexity -MMD -MP -MF"Core/Src/main.d" -MT"Core/Src/main.o" --specs=nano.specs -mfpu=fpv4-sp-d16 -mfloat-abi=hard -mthumb -o "Core/Src/main.o"
../Core/Src/main.c: In function 'main':
../Core/Src/main.c:96:11: warning: unused variable 'val' [-Wunused-variable]
   96 |   uint8_t val[2] = {0xF0,0x0F};
      |           ^~~
arm-none-eabi-gcc -o "PCB_MOTOR_STM.elf" @"objects.list"   -mcpu=cortex-m4 -T"C:\Users\jonar\JAARK\STM32\PCB_MOTOR_STM\STM32F446RETX_FLASH.ld" --specs=nosys.specs -Wl,-Map="PCB_MOTOR_STM.map" -Wl,--gc-sections -static --specs=nano.specs -mfpu=fpv4-sp-d16 -mfloat-abi=hard -mthumb -Wl,--start-group -lc -lm -Wl,--end-group
Finished building target: PCB_MOTOR_STM.elf
 
arm-none-eabi-size  PCB_MOTOR_STM.elf 
arm-none-eabi-objdump -h -S PCB_MOTOR_STM.elf  > "PCB_MOTOR_STM.list"
   text	   data	    bss	    dec	    hex	filename
  10620	     12	  41156	  51788	   ca4c	PCB_MOTOR_STM.elf
Finished building: default.size.stdout
 
Finished building: PCB_MOTOR_STM.list
 
00:10:29 **** Incremental Build of configuration Debug for project PCB_MOTOR_STM ****
make -j22 all 
arm-none-eabi-gcc "../Core/Src/main.c" -mcpu=cortex-m4 -std=gnu11 -g3 -DDEBUG -DUSE_HAL_DRIVER -DSTM32F446xx -c -I../Core/Inc -I../Drivers/STM32F4xx_HAL_Driver/Inc -I../Drivers/STM32F4xx_HAL_Driver/Inc/Legacy -I../Drivers/CMSIS/Device/ST/STM32F4xx/Include -I../Drivers/CMSIS/Include -O0 -ffunction-sections -fdata-sections -Wall -fstack-usage -fcyclomatic-complexity -MMD -MP -MF"Core/Src/main.d" -MT"Core/Src/main.o" --specs=nano.specs -mfpu=fpv4-sp-d16 -mfloat-abi=hard -mthumb -o "Core/Src/main.o"
../Core/Src/main.c: In function 'main':
../Core/Src/main.c:96:11: warning: unused variable 'val' [-Wunused-variable]
   96 |   uint8_t val[2] = {0xF0,0x0F};
      |           ^~~
arm-none-eabi-gcc -o "PCB_MOTOR_STM.elf" @"objects.list"   -mcpu=cortex-m4 -T"C:\Users\jonar\JAARK\STM32\PCB_MOTOR_STM\STM32F446RETX_FLASH.ld" --specs=nosys.specs -Wl,-Map="PCB_MOTOR_STM.map" -Wl,--gc-sections -static --specs=nano.specs -mfpu=fpv4-sp-d16 -mfloat-abi=hard -mthumb -Wl,--start-group -lc -lm -Wl,--end-group
Finished building target: PCB_MOTOR_STM.elf
 
arm-none-eabi-size  PCB_MOTOR_STM.elf 
arm-none-eabi-objdump -h -S PCB_MOTOR_STM.elf  > "PCB_MOTOR_STM.list"
   text	   data	    bss	    dec	    hex	filename
  10620	     12	  41156	  51788	   ca4c	PCB_MOTOR_STM.elf
Finished building: default.size.stdout
 
Finished building: PCB_MOTOR_STM.list
 
00:15:31 **** Incremental Build of configuration Debug for project PCB_MOTOR_STM ****
make -j22 all 
arm-none-eabi-gcc "../Core/Src/j_st7789.c" -mcpu=cortex-m4 -std=gnu11 -g3 -DDEBUG -DUSE_HAL_DRIVER -DSTM32F446xx -c -I../Core/Inc -I../Drivers/STM32F4xx_HAL_Driver/Inc -I../Drivers/STM32F4xx_HAL_Driver/Inc/Legacy -I../Drivers/CMSIS/Device/ST/STM32F4xx/Include -I../Drivers/CMSIS/Include -O0 -ffunction-sections -fdata-sections -Wall -fstack-usage -fcyclomatic-complexity -MMD -MP -MF"Core/Src/j_st7789.d" -MT"Core/Src/j_st7789.o" --specs=nano.specs -mfpu=fpv4-sp-d16 -mfloat-abi=hard -mthumb -o "Core/Src/j_st7789.o"
arm-none-eabi-gcc "../Core/Src/main.c" -mcpu=cortex-m4 -std=gnu11 -g3 -DDEBUG -DUSE_HAL_DRIVER -DSTM32F446xx -c -I../Core/Inc -I../Drivers/STM32F4xx_HAL_Driver/Inc -I../Drivers/STM32F4xx_HAL_Driver/Inc/Legacy -I../Drivers/CMSIS/Device/ST/STM32F4xx/Include -I../Drivers/CMSIS/Include -O0 -ffunction-sections -fdata-sections -Wall -fstack-usage -fcyclomatic-complexity -MMD -MP -MF"Core/Src/main.d" -MT"Core/Src/main.o" --specs=nano.specs -mfpu=fpv4-sp-d16 -mfloat-abi=hard -mthumb -o "Core/Src/main.o"
../Core/Src/j_st7789.c: In function 'set_bounds':
../Core/Src/j_st7789.c:13:26: warning: excess elements in scalar initializer
   13 |     write_u8((uint8_t){0,xlo,0,xhi},4);
      |                          ^~~
../Core/Src/j_st7789.c:13:26: note: (near initialization for '(anonymous)')
../Core/Src/j_st7789.c:13:30: warning: excess elements in scalar initializer
   13 |     write_u8((uint8_t){0,xlo,0,xhi},4);
      |                              ^
../Core/Src/j_st7789.c:13:30: note: (near initialization for '(anonymous)')
../Core/Src/j_st7789.c:13:32: warning: excess elements in scalar initializer
   13 |     write_u8((uint8_t){0,xlo,0,xhi},4);
      |                                ^~~
../Core/Src/j_st7789.c:13:32: note: (near initialization for '(anonymous)')
../Core/Src/j_st7789.c:13:23: warning: passing argument 1 of 'write_u8' makes pointer from integer without a cast [-Wint-conversion]
   13 |     write_u8((uint8_t){0,xlo,0,xhi},4);
      |                       ^~~~~~~~~~~~~
      |                       |
      |                       uint8_t {aka unsigned char}
In file included from ../Core/Src/j_st7789.c:7:
../Core/Inc/j_st7789.h:18:24: note: expected 'uint8_t *' {aka 'unsigned char *'} but argument is of type 'uint8_t' {aka 'unsigned char'}
   18 | void write_u8(uint8_t* dat, size_t len);
      |               ~~~~~~~~~^~~
../Core/Src/main.c: In function 'main':
../Core/Src/j_st7789.c:15:26: warning: excess elements in scalar initializer
   15 |     write_u8((uint8_t){0,ylo,0,yhi},4);
      |                          ^~~
../Core/Src/j_st7789.c:15:26: note: (near initialization for '(anonymous)')
../Core/Src/j_st7789.c:15:30: warning: excess elements in scalar initializer
   15 |     write_u8((uint8_t){0,ylo,0,yhi},4);
      |                              ^
../Core/Src/j_st7789.c:15:30: note: (near initialization for '(anonymous)')
../Core/Src/j_st7789.c:15:32: warning: excess elements in scalar initializer
   15 |     write_u8((uint8_t){0,ylo,0,yhi},4);
      |                                ^~~
../Core/Src/main.c:96:11: warning: unused variable 'val' [-Wunused-variable]
   96 |   uint8_t val[2] = {0xF0,0x0F};
      |           ^~~
../Core/Src/j_st7789.c:15:32: note: (near initialization for '(anonymous)')
../Core/Src/j_st7789.c:15:23: warning: passing argument 1 of 'write_u8' makes pointer from integer without a cast [-Wint-conversion]
   15 |     write_u8((uint8_t){0,ylo,0,yhi},4);
      |                       ^~~~~~~~~~~~~
      |                       |
      |                       uint8_t {aka unsigned char}
../Core/Inc/j_st7789.h:18:24: note: expected 'uint8_t *' {aka 'unsigned char *'} but argument is of type 'uint8_t' {aka 'unsigned char'}
   18 | void write_u8(uint8_t* dat, size_t len);
      |               ~~~~~~~~~^~~
arm-none-eabi-gcc -o "PCB_MOTOR_STM.elf" @"objects.list"   -mcpu=cortex-m4 -T"C:\Users\jonar\JAARK\STM32\PCB_MOTOR_STM\STM32F446RETX_FLASH.ld" --specs=nosys.specs -Wl,-Map="PCB_MOTOR_STM.map" -Wl,--gc-sections -static --specs=nano.specs -mfpu=fpv4-sp-d16 -mfloat-abi=hard -mthumb -Wl,--start-group -lc -lm -Wl,--end-group
Finished building target: PCB_MOTOR_STM.elf
 
arm-none-eabi-size  PCB_MOTOR_STM.elf 
arm-none-eabi-objdump -h -S PCB_MOTOR_STM.elf  > "PCB_MOTOR_STM.list"
   text	   data	    bss	    dec	    hex	filename
  10620	     12	  41156	  51788	   ca4c	PCB_MOTOR_STM.elf
Finished building: default.size.stdout
 
Finished building: PCB_MOTOR_STM.list
 
00:16:49 **** Incremental Build of configuration Debug for project PCB_MOTOR_STM ****
make -j22 all 
arm-none-eabi-gcc "../Core/Src/main.c" -mcpu=cortex-m4 -std=gnu11 -g3 -DDEBUG -DUSE_HAL_DRIVER -DSTM32F446xx -c -I../Core/Inc -I../Drivers/STM32F4xx_HAL_Driver/Inc -I../Drivers/STM32F4xx_HAL_Driver/Inc/Legacy -I../Drivers/CMSIS/Device/ST/STM32F4xx/Include -I../Drivers/CMSIS/Include -O0 -ffunction-sections -fdata-sections -Wall -fstack-usage -fcyclomatic-complexity -MMD -MP -MF"Core/Src/main.d" -MT"Core/Src/main.o" --specs=nano.specs -mfpu=fpv4-sp-d16 -mfloat-abi=hard -mthumb -o "Core/Src/main.o"
../Core/Src/main.c: In function 'main':
../Core/Src/main.c:103:3: warning: implicit declaration of function 'set_bounds' [-Wimplicit-function-declaration]
  103 |   set_bounds(50,100,50,100);
      |   ^~~~~~~~~~
../Core/Src/main.c:96:11: warning: unused variable 'val' [-Wunused-variable]
   96 |   uint8_t val[2] = {0xF0,0x0F};
      |           ^~~
arm-none-eabi-gcc -o "PCB_MOTOR_STM.elf" @"objects.list"   -mcpu=cortex-m4 -T"C:\Users\jonar\JAARK\STM32\PCB_MOTOR_STM\STM32F446RETX_FLASH.ld" --specs=nosys.specs -Wl,-Map="PCB_MOTOR_STM.map" -Wl,--gc-sections -static --specs=nano.specs -mfpu=fpv4-sp-d16 -mfloat-abi=hard -mthumb -Wl,--start-group -lc -lm -Wl,--end-group
Finished building target: PCB_MOTOR_STM.elf
 
arm-none-eabi-size  PCB_MOTOR_STM.elf 
arm-none-eabi-objdump -h -S PCB_MOTOR_STM.elf  > "PCB_MOTOR_STM.list"
   text	   data	    bss	    dec	    hex	filename
  10712	     12	  41156	  51880	   caa8	PCB_MOTOR_STM.elf
Finished building: default.size.stdout
 
Finished building: PCB_MOTOR_STM.list
 
00:17:46 **** Incremental Build of configuration Debug for project PCB_MOTOR_STM ****
make -j22 all 
arm-none-eabi-gcc "../Core/Src/j_st7789.c" -mcpu=cortex-m4 -std=gnu11 -g3 -DDEBUG -DUSE_HAL_DRIVER -DSTM32F446xx -c -I../Core/Inc -I../Drivers/STM32F4xx_HAL_Driver/Inc -I../Drivers/STM32F4xx_HAL_Driver/Inc/Legacy -I../Drivers/CMSIS/Device/ST/STM32F4xx/Include -I../Drivers/CMSIS/Include -O0 -ffunction-sections -fdata-sections -Wall -fstack-usage -fcyclomatic-complexity -MMD -MP -MF"Core/Src/j_st7789.d" -MT"Core/Src/j_st7789.o" --specs=nano.specs -mfpu=fpv4-sp-d16 -mfloat-abi=hard -mthumb -o "Core/Src/j_st7789.o"
../Core/Src/j_st7789.c: In function 'set_bounds':
../Core/Src/j_st7789.c:13:27: warning: excess elements in scalar initializer
   13 |     write_u8((uint8_t*){0,xlo,0,xhi},4);
      |                           ^~~
../Core/Src/j_st7789.c:13:27: note: (near initialization for '(anonymous)')
../Core/Src/j_st7789.c:13:31: warning: excess elements in scalar initializer
   13 |     write_u8((uint8_t*){0,xlo,0,xhi},4);
      |                               ^
../Core/Src/j_st7789.c:13:31: note: (near initialization for '(anonymous)')
../Core/Src/j_st7789.c:13:33: warning: excess elements in scalar initializer
   13 |     write_u8((uint8_t*){0,xlo,0,xhi},4);
      |                                 ^~~
../Core/Src/j_st7789.c:13:33: note: (near initialization for '(anonymous)')
../Core/Src/j_st7789.c:15:27: warning: excess elements in scalar initializer
   15 |     write_u8((uint8_t*){0,ylo,0,yhi},4);
      |                           ^~~
../Core/Src/j_st7789.c:15:27: note: (near initialization for '(anonymous)')
../Core/Src/j_st7789.c:15:31: warning: excess elements in scalar initializer
   15 |     write_u8((uint8_t*){0,ylo,0,yhi},4);
      |                               ^
../Core/Src/j_st7789.c:15:31: note: (near initialization for '(anonymous)')
../Core/Src/j_st7789.c:15:33: warning: excess elements in scalar initializer
   15 |     write_u8((uint8_t*){0,ylo,0,yhi},4);
      |                                 ^~~
../Core/Src/j_st7789.c:15:33: note: (near initialization for '(anonymous)')
arm-none-eabi-gcc -o "PCB_MOTOR_STM.elf" @"objects.list"   -mcpu=cortex-m4 -T"C:\Users\jonar\JAARK\STM32\PCB_MOTOR_STM\STM32F446RETX_FLASH.ld" --specs=nosys.specs -Wl,-Map="PCB_MOTOR_STM.map" -Wl,--gc-sections -static --specs=nano.specs -mfpu=fpv4-sp-d16 -mfloat-abi=hard -mthumb -Wl,--start-group -lc -lm -Wl,--end-group
Finished building target: PCB_MOTOR_STM.elf
 
arm-none-eabi-size  PCB_MOTOR_STM.elf 
arm-none-eabi-objdump -h -S PCB_MOTOR_STM.elf  > "PCB_MOTOR_STM.list"
   text	   data	    bss	    dec	    hex	filename
  10708	     12	  41156	  51876	   caa4	PCB_MOTOR_STM.elf
Finished building: default.size.stdout
 
Finished building: PCB_MOTOR_STM.list
 
00:18:14 **** Incremental Build of configuration Debug for project PCB_MOTOR_STM ****
make -j22 all 
arm-none-eabi-gcc "../Core/Src/j_st7789.c" -mcpu=cortex-m4 -std=gnu11 -g3 -DDEBUG -DUSE_HAL_DRIVER -DSTM32F446xx -c -I../Core/Inc -I../Drivers/STM32F4xx_HAL_Driver/Inc -I../Drivers/STM32F4xx_HAL_Driver/Inc/Legacy -I../Drivers/CMSIS/Device/ST/STM32F4xx/Include -I../Drivers/CMSIS/Include -O0 -ffunction-sections -fdata-sections -Wall -fstack-usage -fcyclomatic-complexity -MMD -MP -MF"Core/Src/j_st7789.d" -MT"Core/Src/j_st7789.o" --specs=nano.specs -mfpu=fpv4-sp-d16 -mfloat-abi=hard -mthumb -o "Core/Src/j_st7789.o"
arm-none-eabi-gcc -o "PCB_MOTOR_STM.elf" @"objects.list"   -mcpu=cortex-m4 -T"C:\Users\jonar\JAARK\STM32\PCB_MOTOR_STM\STM32F446RETX_FLASH.ld" --specs=nosys.specs -Wl,-Map="PCB_MOTOR_STM.map" -Wl,--gc-sections -static --specs=nano.specs -mfpu=fpv4-sp-d16 -mfloat-abi=hard -mthumb -Wl,--start-group -lc -lm -Wl,--end-group
Finished building target: PCB_MOTOR_STM.elf
 
arm-none-eabi-size  PCB_MOTOR_STM.elf 
arm-none-eabi-objdump -h -S PCB_MOTOR_STM.elf  > "PCB_MOTOR_STM.list"
   text	   data	    bss	    dec	    hex	filename
  10748	     12	  41156	  51916	   cacc	PCB_MOTOR_STM.elf
Finished building: default.size.stdout
 
Finished building: PCB_MOTOR_STM.list
 
00:19:04 **** Incremental Build of configuration Debug for project PCB_MOTOR_STM ****
make -j22 all 
arm-none-eabi-gcc "../Core/Src/j_st7789.c" -mcpu=cortex-m4 -std=gnu11 -g3 -DDEBUG -DUSE_HAL_DRIVER -DSTM32F446xx -c -I../Core/Inc -I../Drivers/STM32F4xx_HAL_Driver/Inc -I../Drivers/STM32F4xx_HAL_Driver/Inc/Legacy -I../Drivers/CMSIS/Device/ST/STM32F4xx/Include -I../Drivers/CMSIS/Include -O0 -ffunction-sections -fdata-sections -Wall -fstack-usage -fcyclomatic-complexity -MMD -MP -MF"Core/Src/j_st7789.d" -MT"Core/Src/j_st7789.o" --specs=nano.specs -mfpu=fpv4-sp-d16 -mfloat-abi=hard -mthumb -o "Core/Src/j_st7789.o"
../Core/Src/j_st7789.c: In function 'set_bounds':
../Core/Src/j_st7789.c:12:12: error: expected identifier or '(' before '[' token
   12 |     uint8_t[] bounds = {0,0,0,100};
      |            ^
../Core/Src/j_st7789.c:14:14: error: 'bounds' undeclared (first use in this function); did you mean 'set_bounds'?
   14 |     write_u8(bounds,4);
      |              ^~~~~~
      |              set_bounds
../Core/Src/j_st7789.c:14:14: note: each undeclared identifier is reported only once for each function it appears in
make: *** [Core/Src/subdir.mk:49: Core/Src/j_st7789.o] Error 1
"make -j22 all" terminated with exit code 2. Build might be incomplete.
00:19:37 **** Incremental Build of configuration Debug for project PCB_MOTOR_STM ****
make -j22 all 
arm-none-eabi-gcc "../Core/Src/j_st7789.c" -mcpu=cortex-m4 -std=gnu11 -g3 -DDEBUG -DUSE_HAL_DRIVER -DSTM32F446xx -c -I../Core/Inc -I../Drivers/STM32F4xx_HAL_Driver/Inc -I../Drivers/STM32F4xx_HAL_Driver/Inc/Legacy -I../Drivers/CMSIS/Device/ST/STM32F4xx/Include -I../Drivers/CMSIS/Include -O0 -ffunction-sections -fdata-sections -Wall -fstack-usage -fcyclomatic-complexity -MMD -MP -MF"Core/Src/j_st7789.d" -MT"Core/Src/j_st7789.o" --specs=nano.specs -mfpu=fpv4-sp-d16 -mfloat-abi=hard -mthumb -o "Core/Src/j_st7789.o"
arm-none-eabi-gcc -o "PCB_MOTOR_STM.elf" @"objects.list"   -mcpu=cortex-m4 -T"C:\Users\jonar\JAARK\STM32\PCB_MOTOR_STM\STM32F446RETX_FLASH.ld" --specs=nosys.specs -Wl,-Map="PCB_MOTOR_STM.map" -Wl,--gc-sections -static --specs=nano.specs -mfpu=fpv4-sp-d16 -mfloat-abi=hard -mthumb -Wl,--start-group -lc -lm -Wl,--end-group
Finished building target: PCB_MOTOR_STM.elf
 
arm-none-eabi-size  PCB_MOTOR_STM.elf 
arm-none-eabi-objdump -h -S PCB_MOTOR_STM.elf  > "PCB_MOTOR_STM.list"
   text	   data	    bss	    dec	    hex	filename
  10720	     12	  41156	  51888	   cab0	PCB_MOTOR_STM.elf
Finished building: default.size.stdout
 
Finished building: PCB_MOTOR_STM.list
 
00:20:01 **** Incremental Build of configuration Debug for project PCB_MOTOR_STM ****
make -j22 all 
arm-none-eabi-gcc "../Core/Src/main.c" -mcpu=cortex-m4 -std=gnu11 -g3 -DDEBUG -DUSE_HAL_DRIVER -DSTM32F446xx -c -I../Core/Inc -I../Drivers/STM32F4xx_HAL_Driver/Inc -I../Drivers/STM32F4xx_HAL_Driver/Inc/Legacy -I../Drivers/CMSIS/Device/ST/STM32F4xx/Include -I../Drivers/CMSIS/Include -O0 -ffunction-sections -fdata-sections -Wall -fstack-usage -fcyclomatic-complexity -MMD -MP -MF"Core/Src/main.d" -MT"Core/Src/main.o" --specs=nano.specs -mfpu=fpv4-sp-d16 -mfloat-abi=hard -mthumb -o "Core/Src/main.o"
../Core/Src/main.c: In function 'main':
../Core/Src/main.c:103:3: warning: implicit declaration of function 'set_bounds' [-Wimplicit-function-declaration]
  103 |   set_bounds(50,100,50,100);
      |   ^~~~~~~~~~
../Core/Src/main.c:96:11: warning: unused variable 'val' [-Wunused-variable]
   96 |   uint8_t val[2] = {0xF0,0x0F};
      |           ^~~
arm-none-eabi-gcc -o "PCB_MOTOR_STM.elf" @"objects.list"   -mcpu=cortex-m4 -T"C:\Users\jonar\JAARK\STM32\PCB_MOTOR_STM\STM32F446RETX_FLASH.ld" --specs=nosys.specs -Wl,-Map="PCB_MOTOR_STM.map" -Wl,--gc-sections -static --specs=nano.specs -mfpu=fpv4-sp-d16 -mfloat-abi=hard -mthumb -Wl,--start-group -lc -lm -Wl,--end-group
Finished building target: PCB_MOTOR_STM.elf
 
arm-none-eabi-size  PCB_MOTOR_STM.elf 
arm-none-eabi-objdump -h -S PCB_MOTOR_STM.elf  > "PCB_MOTOR_STM.list"
   text	   data	    bss	    dec	    hex	filename
  10712	     12	  41156	  51880	   caa8	PCB_MOTOR_STM.elf
Finished building: default.size.stdout
 
Finished building: PCB_MOTOR_STM.list
 
00:20:55 **** Incremental Build of configuration Debug for project PCB_MOTOR_STM ****
make -j22 all 
arm-none-eabi-gcc "../Core/Src/j_st7789.c" -mcpu=cortex-m4 -std=gnu11 -g3 -DDEBUG -DUSE_HAL_DRIVER -DSTM32F446xx -c -I../Core/Inc -I../Drivers/STM32F4xx_HAL_Driver/Inc -I../Drivers/STM32F4xx_HAL_Driver/Inc/Legacy -I../Drivers/CMSIS/Device/ST/STM32F4xx/Include -I../Drivers/CMSIS/Include -O0 -ffunction-sections -fdata-sections -Wall -fstack-usage -fcyclomatic-complexity -MMD -MP -MF"Core/Src/j_st7789.d" -MT"Core/Src/j_st7789.o" --specs=nano.specs -mfpu=fpv4-sp-d16 -mfloat-abi=hard -mthumb -o "Core/Src/j_st7789.o"
arm-none-eabi-gcc -o "PCB_MOTOR_STM.elf" @"objects.list"   -mcpu=cortex-m4 -T"C:\Users\jonar\JAARK\STM32\PCB_MOTOR_STM\STM32F446RETX_FLASH.ld" --specs=nosys.specs -Wl,-Map="PCB_MOTOR_STM.map" -Wl,--gc-sections -static --specs=nano.specs -mfpu=fpv4-sp-d16 -mfloat-abi=hard -mthumb -Wl,--start-group -lc -lm -Wl,--end-group
Finished building target: PCB_MOTOR_STM.elf
 
arm-none-eabi-size  PCB_MOTOR_STM.elf 
arm-none-eabi-objdump -h -S PCB_MOTOR_STM.elf  > "PCB_MOTOR_STM.list"
   text	   data	    bss	    dec	    hex	filename
  10720	     12	  41156	  51888	   cab0	PCB_MOTOR_STM.elf
Finished building: default.size.stdout
 
Finished building: PCB_MOTOR_STM.list
 
00:23:10 **** Incremental Build of configuration Debug for project PCB_MOTOR_STM ****
make -j22 all 
arm-none-eabi-gcc "../Core/Src/j_st7789.c" -mcpu=cortex-m4 -std=gnu11 -g3 -DDEBUG -DUSE_HAL_DRIVER -DSTM32F446xx -c -I../Core/Inc -I../Drivers/STM32F4xx_HAL_Driver/Inc -I../Drivers/STM32F4xx_HAL_Driver/Inc/Legacy -I../Drivers/CMSIS/Device/ST/STM32F4xx/Include -I../Drivers/CMSIS/Include -O0 -ffunction-sections -fdata-sections -Wall -fstack-usage -fcyclomatic-complexity -MMD -MP -MF"Core/Src/j_st7789.d" -MT"Core/Src/j_st7789.o" --specs=nano.specs -mfpu=fpv4-sp-d16 -mfloat-abi=hard -mthumb -o "Core/Src/j_st7789.o"
arm-none-eabi-gcc -o "PCB_MOTOR_STM.elf" @"objects.list"   -mcpu=cortex-m4 -T"C:\Users\jonar\JAARK\STM32\PCB_MOTOR_STM\STM32F446RETX_FLASH.ld" --specs=nosys.specs -Wl,-Map="PCB_MOTOR_STM.map" -Wl,--gc-sections -static --specs=nano.specs -mfpu=fpv4-sp-d16 -mfloat-abi=hard -mthumb -Wl,--start-group -lc -lm -Wl,--end-group
Finished building target: PCB_MOTOR_STM.elf
 
arm-none-eabi-size  PCB_MOTOR_STM.elf 
arm-none-eabi-objdump -h -S PCB_MOTOR_STM.elf  > "PCB_MOTOR_STM.list"
   text	   data	    bss	    dec	    hex	filename
  10744	     12	  41156	  51912	   cac8	PCB_MOTOR_STM.elf
Finished building: default.size.stdout
 
Finished building: PCB_MOTOR_STM.list
 
00:25:15 **** Incremental Build of configuration Debug for project PCB_MOTOR_STM ****
make -j22 all 
arm-none-eabi-gcc "../Core/Src/j_st7789.c" -mcpu=cortex-m4 -std=gnu11 -g3 -DDEBUG -DUSE_HAL_DRIVER -DSTM32F446xx -c -I../Core/Inc -I../Drivers/STM32F4xx_HAL_Driver/Inc -I../Drivers/STM32F4xx_HAL_Driver/Inc/Legacy -I../Drivers/CMSIS/Device/ST/STM32F4xx/Include -I../Drivers/CMSIS/Include -O0 -ffunction-sections -fdata-sections -Wall -fstack-usage -fcyclomatic-complexity -MMD -MP -MF"Core/Src/j_st7789.d" -MT"Core/Src/j_st7789.o" --specs=nano.specs -mfpu=fpv4-sp-d16 -mfloat-abi=hard -mthumb -o "Core/Src/j_st7789.o"
arm-none-eabi-gcc -o "PCB_MOTOR_STM.elf" @"objects.list"   -mcpu=cortex-m4 -T"C:\Users\jonar\JAARK\STM32\PCB_MOTOR_STM\STM32F446RETX_FLASH.ld" --specs=nosys.specs -Wl,-Map="PCB_MOTOR_STM.map" -Wl,--gc-sections -static --specs=nano.specs -mfpu=fpv4-sp-d16 -mfloat-abi=hard -mthumb -Wl,--start-group -lc -lm -Wl,--end-group
Finished building target: PCB_MOTOR_STM.elf
 
arm-none-eabi-size  PCB_MOTOR_STM.elf 
arm-none-eabi-objdump -h -S PCB_MOTOR_STM.elf  > "PCB_MOTOR_STM.list"
   text	   data	    bss	    dec	    hex	filename
  10744	     12	  41156	  51912	   cac8	PCB_MOTOR_STM.elf
Finished building: default.size.stdout
 
Finished building: PCB_MOTOR_STM.list
 
00:25:46 **** Incremental Build of configuration Debug for project PCB_MOTOR_STM ****
make -j22 all 
arm-none-eabi-gcc "../Core/Src/j_st7789.c" -mcpu=cortex-m4 -std=gnu11 -g3 -DDEBUG -DUSE_HAL_DRIVER -DSTM32F446xx -c -I../Core/Inc -I../Drivers/STM32F4xx_HAL_Driver/Inc -I../Drivers/STM32F4xx_HAL_Driver/Inc/Legacy -I../Drivers/CMSIS/Device/ST/STM32F4xx/Include -I../Drivers/CMSIS/Include -O0 -ffunction-sections -fdata-sections -Wall -fstack-usage -fcyclomatic-complexity -MMD -MP -MF"Core/Src/j_st7789.d" -MT"Core/Src/j_st7789.o" --specs=nano.specs -mfpu=fpv4-sp-d16 -mfloat-abi=hard -mthumb -o "Core/Src/j_st7789.o"
arm-none-eabi-gcc "../Core/Src/main.c" -mcpu=cortex-m4 -std=gnu11 -g3 -DDEBUG -DUSE_HAL_DRIVER -DSTM32F446xx -c -I../Core/Inc -I../Drivers/STM32F4xx_HAL_Driver/Inc -I../Drivers/STM32F4xx_HAL_Driver/Inc/Legacy -I../Drivers/CMSIS/Device/ST/STM32F4xx/Include -I../Drivers/CMSIS/Include -O0 -ffunction-sections -fdata-sections -Wall -fstack-usage -fcyclomatic-complexity -MMD -MP -MF"Core/Src/main.d" -MT"Core/Src/main.o" --specs=nano.specs -mfpu=fpv4-sp-d16 -mfloat-abi=hard -mthumb -o "Core/Src/main.o"
../Core/Src/main.c: In function 'main':
../Core/Src/main.c:103:3: warning: implicit declaration of function 'set_bounds' [-Wimplicit-function-declaration]
  103 |   set_bounds(50,100,50,100);
      |   ^~~~~~~~~~
../Core/Src/main.c:96:11: warning: unused variable 'val' [-Wunused-variable]
   96 |   uint8_t val[2] = {0xF0,0x0F};
      |           ^~~
arm-none-eabi-gcc -o "PCB_MOTOR_STM.elf" @"objects.list"   -mcpu=cortex-m4 -T"C:\Users\jonar\JAARK\STM32\PCB_MOTOR_STM\STM32F446RETX_FLASH.ld" --specs=nosys.specs -Wl,-Map="PCB_MOTOR_STM.map" -Wl,--gc-sections -static --specs=nano.specs -mfpu=fpv4-sp-d16 -mfloat-abi=hard -mthumb -Wl,--start-group -lc -lm -Wl,--end-group
Finished building target: PCB_MOTOR_STM.elf
 
arm-none-eabi-size  PCB_MOTOR_STM.elf 
arm-none-eabi-objdump -h -S PCB_MOTOR_STM.elf  > "PCB_MOTOR_STM.list"
   text	   data	    bss	    dec	    hex	filename
  10744	     12	  41156	  51912	   cac8	PCB_MOTOR_STM.elf
Finished building: default.size.stdout
 
Finished building: PCB_MOTOR_STM.list
 
00:26:25 **** Incremental Build of configuration Debug for project PCB_MOTOR_STM ****
make -j22 all 
arm-none-eabi-gcc "../Core/Src/main.c" -mcpu=cortex-m4 -std=gnu11 -g3 -DDEBUG -DUSE_HAL_DRIVER -DSTM32F446xx -c -I../Core/Inc -I../Drivers/STM32F4xx_HAL_Driver/Inc -I../Drivers/STM32F4xx_HAL_Driver/Inc/Legacy -I../Drivers/CMSIS/Device/ST/STM32F4xx/Include -I../Drivers/CMSIS/Include -O0 -ffunction-sections -fdata-sections -Wall -fstack-usage -fcyclomatic-complexity -MMD -MP -MF"Core/Src/main.d" -MT"Core/Src/main.o" --specs=nano.specs -mfpu=fpv4-sp-d16 -mfloat-abi=hard -mthumb -o "Core/Src/main.o"
../Core/Src/main.c: In function 'main':
../Core/Src/main.c:103:3: warning: implicit declaration of function 'set_bounds' [-Wimplicit-function-declaration]
  103 |   set_bounds(110,130,,110,130);
      |   ^~~~~~~~~~
../Core/Src/main.c:103:22: error: expected expression before ',' token
  103 |   set_bounds(110,130,,110,130);
      |                      ^
../Core/Src/main.c:96:11: warning: unused variable 'val' [-Wunused-variable]
   96 |   uint8_t val[2] = {0xF0,0x0F};
      |           ^~~
make: *** [Core/Src/subdir.mk:49: Core/Src/main.o] Error 1
"make -j22 all" terminated with exit code 2. Build might be incomplete.
00:26:35 **** Incremental Build of configuration Debug for project PCB_MOTOR_STM ****
make -j22 all 
arm-none-eabi-gcc "../Core/Src/main.c" -mcpu=cortex-m4 -std=gnu11 -g3 -DDEBUG -DUSE_HAL_DRIVER -DSTM32F446xx -c -I../Core/Inc -I../Drivers/STM32F4xx_HAL_Driver/Inc -I../Drivers/STM32F4xx_HAL_Driver/Inc/Legacy -I../Drivers/CMSIS/Device/ST/STM32F4xx/Include -I../Drivers/CMSIS/Include -O0 -ffunction-sections -fdata-sections -Wall -fstack-usage -fcyclomatic-complexity -MMD -MP -MF"Core/Src/main.d" -MT"Core/Src/main.o" --specs=nano.specs -mfpu=fpv4-sp-d16 -mfloat-abi=hard -mthumb -o "Core/Src/main.o"
../Core/Src/main.c: In function 'main':
../Core/Src/main.c:103:3: warning: implicit declaration of function 'set_bounds' [-Wimplicit-function-declaration]
  103 |   set_bounds(110,130,110,130);
      |   ^~~~~~~~~~
../Core/Src/main.c:96:11: warning: unused variable 'val' [-Wunused-variable]
   96 |   uint8_t val[2] = {0xF0,0x0F};
      |           ^~~
arm-none-eabi-gcc -o "PCB_MOTOR_STM.elf" @"objects.list"   -mcpu=cortex-m4 -T"C:\Users\jonar\JAARK\STM32\PCB_MOTOR_STM\STM32F446RETX_FLASH.ld" --specs=nosys.specs -Wl,-Map="PCB_MOTOR_STM.map" -Wl,--gc-sections -static --specs=nano.specs -mfpu=fpv4-sp-d16 -mfloat-abi=hard -mthumb -Wl,--start-group -lc -lm -Wl,--end-group
Finished building target: PCB_MOTOR_STM.elf
 
arm-none-eabi-size  PCB_MOTOR_STM.elf 
arm-none-eabi-objdump -h -S PCB_MOTOR_STM.elf  > "PCB_MOTOR_STM.list"
   text	   data	    bss	    dec	    hex	filename
  10744	     12	  41156	  51912	   cac8	PCB_MOTOR_STM.elf
Finished building: default.size.stdout
 
Finished building: PCB_MOTOR_STM.list
 
00:28:49 **** Incremental Build of configuration Debug for project PCB_MOTOR_STM ****
make -j22 all 
arm-none-eabi-gcc "../Core/Src/j_st7789.c" -mcpu=cortex-m4 -std=gnu11 -g3 -DDEBUG -DUSE_HAL_DRIVER -DSTM32F446xx -c -I../Core/Inc -I../Drivers/STM32F4xx_HAL_Driver/Inc -I../Drivers/STM32F4xx_HAL_Driver/Inc/Legacy -I../Drivers/CMSIS/Device/ST/STM32F4xx/Include -I../Drivers/CMSIS/Include -O0 -ffunction-sections -fdata-sections -Wall -fstack-usage -fcyclomatic-complexity -MMD -MP -MF"Core/Src/j_st7789.d" -MT"Core/Src/j_st7789.o" --specs=nano.specs -mfpu=fpv4-sp-d16 -mfloat-abi=hard -mthumb -o "Core/Src/j_st7789.o"
arm-none-eabi-gcc "../Core/Src/main.c" -mcpu=cortex-m4 -std=gnu11 -g3 -DDEBUG -DUSE_HAL_DRIVER -DSTM32F446xx -c -I../Core/Inc -I../Drivers/STM32F4xx_HAL_Driver/Inc -I../Drivers/STM32F4xx_HAL_Driver/Inc/Legacy -I../Drivers/CMSIS/Device/ST/STM32F4xx/Include -I../Drivers/CMSIS/Include -O0 -ffunction-sections -fdata-sections -Wall -fstack-usage -fcyclomatic-complexity -MMD -MP -MF"Core/Src/main.d" -MT"Core/Src/main.o" --specs=nano.specs -mfpu=fpv4-sp-d16 -mfloat-abi=hard -mthumb -o "Core/Src/main.o"
../Core/Src/main.c: In function 'main':
../Core/Src/main.c:103:3: warning: implicit declaration of function 'set_bounds' [-Wimplicit-function-declaration]
  103 |   set_bounds(110,130,110,130);
      |   ^~~~~~~~~~
../Core/Src/main.c:96:11: warning: unused variable 'val' [-Wunused-variable]
   96 |   uint8_t val[2] = {0xF0,0x0F};
      |           ^~~
arm-none-eabi-gcc -o "PCB_MOTOR_STM.elf" @"objects.list"   -mcpu=cortex-m4 -T"C:\Users\jonar\JAARK\STM32\PCB_MOTOR_STM\STM32F446RETX_FLASH.ld" --specs=nosys.specs -Wl,-Map="PCB_MOTOR_STM.map" -Wl,--gc-sections -static --specs=nano.specs -mfpu=fpv4-sp-d16 -mfloat-abi=hard -mthumb -Wl,--start-group -lc -lm -Wl,--end-group
Finished building target: PCB_MOTOR_STM.elf
 
arm-none-eabi-size  PCB_MOTOR_STM.elf 
arm-none-eabi-objdump -h -S PCB_MOTOR_STM.elf  > "PCB_MOTOR_STM.list"
   text	   data	    bss	    dec	    hex	filename
  10744	     12	  41156	  51912	   cac8	PCB_MOTOR_STM.elf
Finished building: default.size.stdout
 
Finished building: PCB_MOTOR_STM.list
 
00:29:16 **** Incremental Build of configuration Debug for project PCB_MOTOR_STM ****
make -j22 all 
arm-none-eabi-gcc "../Core/Src/main.c" -mcpu=cortex-m4 -std=gnu11 -g3 -DDEBUG -DUSE_HAL_DRIVER -DSTM32F446xx -c -I../Core/Inc -I../Drivers/STM32F4xx_HAL_Driver/Inc -I../Drivers/STM32F4xx_HAL_Driver/Inc/Legacy -I../Drivers/CMSIS/Device/ST/STM32F4xx/Include -I../Drivers/CMSIS/Include -O0 -ffunction-sections -fdata-sections -Wall -fstack-usage -fcyclomatic-complexity -MMD -MP -MF"Core/Src/main.d" -MT"Core/Src/main.o" --specs=nano.specs -mfpu=fpv4-sp-d16 -mfloat-abi=hard -mthumb -o "Core/Src/main.o"
../Core/Src/main.c: In function 'main':
../Core/Src/main.c:103:3: warning: implicit declaration of function 'set_bounds' [-Wimplicit-function-declaration]
  103 |   set_bounds(110,130,110,130);
      |   ^~~~~~~~~~
../Core/Src/main.c:96:11: warning: unused variable 'val' [-Wunused-variable]
   96 |   uint8_t val[2] = {0xF0,0x0F};
      |           ^~~
arm-none-eabi-gcc -o "PCB_MOTOR_STM.elf" @"objects.list"   -mcpu=cortex-m4 -T"C:\Users\jonar\JAARK\STM32\PCB_MOTOR_STM\STM32F446RETX_FLASH.ld" --specs=nosys.specs -Wl,-Map="PCB_MOTOR_STM.map" -Wl,--gc-sections -static --specs=nano.specs -mfpu=fpv4-sp-d16 -mfloat-abi=hard -mthumb -Wl,--start-group -lc -lm -Wl,--end-group
Finished building target: PCB_MOTOR_STM.elf
 
arm-none-eabi-size  PCB_MOTOR_STM.elf 
arm-none-eabi-objdump -h -S PCB_MOTOR_STM.elf  > "PCB_MOTOR_STM.list"
   text	   data	    bss	    dec	    hex	filename
  10744	     12	  41156	  51912	   cac8	PCB_MOTOR_STM.elf
Finished building: default.size.stdout
 
Finished building: PCB_MOTOR_STM.list
 
00:29:54 **** Incremental Build of configuration Debug for project PCB_MOTOR_STM ****
make -j22 all 
arm-none-eabi-gcc "../Core/Src/j_st7789.c" -mcpu=cortex-m4 -std=gnu11 -g3 -DDEBUG -DUSE_HAL_DRIVER -DSTM32F446xx -c -I../Core/Inc -I../Drivers/STM32F4xx_HAL_Driver/Inc -I../Drivers/STM32F4xx_HAL_Driver/Inc/Legacy -I../Drivers/CMSIS/Device/ST/STM32F4xx/Include -I../Drivers/CMSIS/Include -O0 -ffunction-sections -fdata-sections -Wall -fstack-usage -fcyclomatic-complexity -MMD -MP -MF"Core/Src/j_st7789.d" -MT"Core/Src/j_st7789.o" --specs=nano.specs -mfpu=fpv4-sp-d16 -mfloat-abi=hard -mthumb -o "Core/Src/j_st7789.o"
arm-none-eabi-gcc -o "PCB_MOTOR_STM.elf" @"objects.list"   -mcpu=cortex-m4 -T"C:\Users\jonar\JAARK\STM32\PCB_MOTOR_STM\STM32F446RETX_FLASH.ld" --specs=nosys.specs -Wl,-Map="PCB_MOTOR_STM.map" -Wl,--gc-sections -static --specs=nano.specs -mfpu=fpv4-sp-d16 -mfloat-abi=hard -mthumb -Wl,--start-group -lc -lm -Wl,--end-group
Finished building target: PCB_MOTOR_STM.elf
 
arm-none-eabi-size  PCB_MOTOR_STM.elf 
arm-none-eabi-objdump -h -S PCB_MOTOR_STM.elf  > "PCB_MOTOR_STM.list"
   text	   data	    bss	    dec	    hex	filename
  10744	     12	  41156	  51912	   cac8	PCB_MOTOR_STM.elf
Finished building: default.size.stdout
 
Finished building: PCB_MOTOR_STM.list
 
00:39:56 **** Incremental Build of configuration Debug for project PCB_MOTOR_STM ****
make -j22 all 
arm-none-eabi-gcc "../Core/Src/j_st7789.c" -mcpu=cortex-m4 -std=gnu11 -g3 -DDEBUG -DUSE_HAL_DRIVER -DSTM32F446xx -c -I../Core/Inc -I../Drivers/STM32F4xx_HAL_Driver/Inc -I../Drivers/STM32F4xx_HAL_Driver/Inc/Legacy -I../Drivers/CMSIS/Device/ST/STM32F4xx/Include -I../Drivers/CMSIS/Include -O0 -ffunction-sections -fdata-sections -Wall -fstack-usage -fcyclomatic-complexity -MMD -MP -MF"Core/Src/j_st7789.d" -MT"Core/Src/j_st7789.o" --specs=nano.specs -mfpu=fpv4-sp-d16 -mfloat-abi=hard -mthumb -o "Core/Src/j_st7789.o"
arm-none-eabi-gcc "../Core/Src/main.c" -mcpu=cortex-m4 -std=gnu11 -g3 -DDEBUG -DUSE_HAL_DRIVER -DSTM32F446xx -c -I../Core/Inc -I../Drivers/STM32F4xx_HAL_Driver/Inc -I../Drivers/STM32F4xx_HAL_Driver/Inc/Legacy -I../Drivers/CMSIS/Device/ST/STM32F4xx/Include -I../Drivers/CMSIS/Include -O0 -ffunction-sections -fdata-sections -Wall -fstack-usage -fcyclomatic-complexity -MMD -MP -MF"Core/Src/main.d" -MT"Core/Src/main.o" --specs=nano.specs -mfpu=fpv4-sp-d16 -mfloat-abi=hard -mthumb -o "Core/Src/main.o"
../Core/Src/main.c: In function 'main':
../Core/Src/main.c:104:3: warning: implicit declaration of function 'set_bounds' [-Wimplicit-function-declaration]
  104 |   set_bounds(110,130,110,130);
      |   ^~~~~~~~~~
../Core/Src/main.c:96:11: warning: unused variable 'val' [-Wunused-variable]
   96 |   uint8_t val[2] = {0xF0,0x0F};
      |           ^~~
arm-none-eabi-gcc -o "PCB_MOTOR_STM.elf" @"objects.list"   -mcpu=cortex-m4 -T"C:\Users\jonar\JAARK\STM32\PCB_MOTOR_STM\STM32F446RETX_FLASH.ld" --specs=nosys.specs -Wl,-Map="PCB_MOTOR_STM.map" -Wl,--gc-sections -static --specs=nano.specs -mfpu=fpv4-sp-d16 -mfloat-abi=hard -mthumb -Wl,--start-group -lc -lm -Wl,--end-group
Finished building target: PCB_MOTOR_STM.elf
 
arm-none-eabi-size  PCB_MOTOR_STM.elf 
arm-none-eabi-objdump -h -S PCB_MOTOR_STM.elf  > "PCB_MOTOR_STM.list"
   text	   data	    bss	    dec	    hex	filename
  10752	     12	  41156	  51920	   cad0	PCB_MOTOR_STM.elf
Finished building: default.size.stdout
 
Finished building: PCB_MOTOR_STM.list
 
